203.145.176.99 - - [11/May/2022:22:30:33 +0000] "GET /presentations/logstash-puppetconf-2012/images/logstash.png HTTP/1.1" 200 47731 "http://semicomplete.com/presentations/logstash-puppetconf-2012/" "Mozilla/5.0 (Windows NT 6.1; WOW64; rv:26.0) Gecko/20100101 Firefox/26.0"
203.145.176.99 - - [11/May/2022:22:30:33 +0000] "GET /presentations/logstash-puppetconf-2012/images/nagios-sms1.png HTTP/1.1" 200 55478 "http://semicomplete.com/presentations/logstash-puppetconf-2012/" "Mozilla/5.0 (Windows NT 6.1; WOW64; rv:26.0) Gecko/20100101 Firefox/26.0"
203.145.176.99 - - [11/May/2022:22:30:33 +0000] "GET /presentations/logstash-puppetconf-2012/images/nagios-sms2.png HTTP/1.1" 200 60656 "http://semicomplete.com/presentations/logstash-puppetconf-2012/" "Mozilla/5.0 (Windows NT 6.1; WOW64; rv:26.0) Gecko/20100101 Firefox/26.0"
203.145.176.99 - - [11/May/2022:22:30:33 +0000] "GET /presentations/logstash-puppetconf-2012/images/nagios-sms3.png HTTP/1.1" 200 65917 "http://semicomplete.com/presentations/logstash-puppetconf-2012/" "Mozilla/5.0 (Windows NT 6.1; WOW64; rv:26.0) Gecko/20100101 Firefox/26.0"
203.145.176.99 - - [11/May/2022:22:30:34 +0000] "GET /presentations/logstash-puppetconf-2012/images/nagios-sms4.png HTTP/1.1" 200 72949 "http://semicomplete.com/presentations/logstash-puppetconf-2012/" "Mozilla/5.0 (Windows NT 6.1; WOW64; rv:26.0) Gecko/20100101 Firefox/26.0"
203.145.176.99 - - [11/May/2022:22:30:34 +0000] "GET /presentations/logstash-puppetconf-2012/images/nagios-sms5.png HTTP/1.1" 200 78075 "http://semicomplete.com/presentations/logstash-puppetconf-2012/" "Mozilla/5.0 (Windows NT 6.1; WOW64; rv:26.0) Gecko/20100101 Firefox/26.0"
203.145.176.99 - - [11/May/2022:22:30:35 +0000] "GET /presentations/logstash-puppetconf-2012/js/reveal.js HTTP/1.1" 200 29108 "http://semicomplete.com/presentations/logstash-puppetconf-2012/" "Mozilla/5.0 (Windows NT 6.1; WOW64; rv:26.0) Gecko/20100101 Firefox/26.0"
203.145.176.99 - - [11/May/2022:22:30:36 +0000] "GET /presentations/logstash-puppetconf-2012/images/office-space-printer-beat-down-gif.gif HTTP/1.1" 404 364 "http://semicomplete.com/presentations/logstash-puppetconf-2012/" "Mozilla/5.0 (Windows NT 6.1; WOW64; rv:26.0) Gecko/20100101 Firefox/26.0"
203.145.176.99 - - [11/May/2022:22:30:35 +0000] "GET /presentations/logstash-puppetconf-2012/images/nagios-sms6.png HTTP/1.1" 200 82859 "http://semicomplete.com/presentations/logstash-puppetconf-2012/" "Mozilla/5.0 (Windows NT 6.1; WOW64; rv:26.0) Gecko/20100101 Firefox/26.0"
203.145.176.99 - - [11/May/2022:22:30:36 +0000] "GET /presentations/logstash-puppetconf-2012/lib/font/league_gothic-webfont.ttf HTTP/1.1" 200 42324 "http://semicomplete.com/presentations/logstash-puppetconf-2012/css/main.css" "Mozilla/5.0 (Windows NT 6.1; WOW64; rv:26.0) Gecko/20100101 Firefox/26.0"
203.145.176.99 - - [11/May/2022:22:30:36 +0000] "GET /presentations/logstash-puppetconf-2012/images/xkcd-perl.png HTTP/1.1" 200 80663 "http://semicomplete.com/presentations/logstash-puppetconf-2012/" "Mozilla/5.0 (Windows NT 6.1; WOW64; rv:26.0) Gecko/20100101 Firefox/26.0"
203.145.176.99 - - [11/May/2022:22:30:36 +0000] "GET /presentations/logstash-puppetconf-2012/images/pc-load-letter.jpg HTTP/1.1" 200 71808 "http://semicomplete.com/presentations/logstash-puppetconf-2012/" "Mozilla/5.0 (Windows NT 6.1; WOW64; rv:26.0) Gecko/20100101 Firefox/26.0"
203.145.176.99 - - [11/May/2022:22:30:33 +0000] "GET /presentations/logstash-puppetconf-2012/images/sysadvent.png HTTP/1.1" 200 108497 "http://semicomplete.com/presentations/logstash-puppetconf-2012/" "Mozilla/5.0 (Windows NT 6.1; WOW64; rv:26.0) Gecko/20100101 Firefox/26.0"
203.145.176.99 - - [11/May/2022:22:30:37 +0000] "GET /presentations/logstash-puppetconf-2012/images/lifecycle.png HTTP/1.1" 200 9618 "http://semicomplete.com/presentations/logstash-puppetconf-2012/" "Mozilla/5.0 (Windows NT 6.1; WOW64; rv:26.0) Gecko/20100101 Firefox/26.0"
203.145.176.99 - - [11/May/2022:22:30:37 +0000] "GET /presentations/logstash-puppetconf-2012/images/frontend-response-codes.png HTTP/1.1" 200 52878 "http://semicomplete.com/presentations/logstash-puppetconf-2012/" "Mozilla/5.0 (Windows NT 6.1; WOW64; rv:26.0) Gecko/20100101 Firefox/26.0"
203.145.176.99 - - [11/May/2022:22:30:37 +0000] "GET /presentations/logstash-puppetconf-2012/images/xkcd-perlswing-many.png HTTP/1.1" 200 100207 "http://semicomplete.com/presentations/logstash-puppetconf-2012/" "Mozilla/5.0 (Windows NT 6.1; WOW64; rv:26.0) Gecko/20100101 Firefox/26.0"
203.145.176.99 - - [11/May/2022:22:30:37 +0000] "GET /presentations/logstash-puppetconf-2012/images/kibana-chef-agent.png HTTP/1.1" 200 73187 "http://semicomplete.com/presentations/logstash-puppetconf-2012/" "Mozilla/5.0 (Windows NT 6.1; WOW64; rv:26.0) Gecko/20100101 Firefox/26.0"
203.145.176.99 - - [11/May/2022:22:30:37 +0000] "GET /presentations/logstash-puppetconf-2012/images/kibana-logstash-downloads.png HTTP/1.1" 200 95058 "http://semicomplete.com/presentations/logstash-puppetconf-2012/" "Mozilla/5.0 (Windows NT 6.1; WOW64; rv:26.0) Gecko/20100101 Firefox/26.0"
203.145.176.99 - - [11/May/2022:22:30:37 +0000] "GET /presentations/logstash-puppetconf-2012/images/computer-keyboard-jacket.jpg HTTP/1.1" 200 176805 "http://semicomplete.com/presentations/logstash-puppetconf-2012/" "Mozilla/5.0 (Windows NT 6.1; WOW64; rv:26.0) Gecko/20100101 Firefox/26.0"
203.145.176.99 - - [11/May/2022:22:30:37 +0000] "GET /presentations/logstash-puppetconf-2012/images/kibana-chef-hits-6min-each.png HTTP/1.1" 200 80555 "http://semicomplete.com/presentations/logstash-puppetconf-2012/" "Mozilla/5.0 (Windows NT 6.1; WOW64; rv:26.0) Gecko/20100101 Firefox/26.0"
203.145.176.99 - - [11/May/2022:22:30:39 +0000] "GET /presentations/logstash-puppetconf-2012/images/psychoaxe.jpg HTTP/1.1" 200 29179 "http://semicomplete.com/presentations/logstash-puppetconf-2012/" "Mozilla/5.0 (Windows NT 6.1; WOW64; rv:26.0) Gecko/20100101 Firefox/26.0"
203.145.176.99 - - [11/May/2022:22:30:39 +0000] "GET /presentations/logstash-puppetconf-2012/images/stats-negative-min.png HTTP/1.1" 200 46139 "http://semicomplete.com/presentations/logstash-puppetconf-2012/" "Mozilla/5.0 (Windows NT 6.1; WOW64; rv:26.0) Gecko/20100101 Firefox/26.0"
203.145.176.99 - - [11/May/2022:22:30:37 +0000] "GET /presentations/logstash-puppetconf-2012/images/logs.jpg HTTP/1.1" 200 663847 "http://semicomplete.com/presentations/logstash-puppetconf-2012/" "Mozilla/5.0 (Windows NT 6.1; WOW64; rv:26.0) Gecko/20100101 Firefox/26.0"
203.145.176.99 - - [11/May/2022:22:30:39 +0000] "GET /presentations/logstash-puppetconf-2012/images/trollface.png HTTP/1.1" 200 58123 "http://semicomplete.com/presentations/logstash-puppetconf-2012/" "Mozilla/5.0 (Windows NT 6.1; WOW64; rv:26.0) Gecko/20100101 Firefox/26.0"
203.145.176.99 - - [11/May/2022:22:30:39 +0000] "GET /presentations/logstash-puppetconf-2012/images/apache-negative-duration.png HTTP/1.1" 200 97173 "http://semicomplete.com/presentations/logstash-puppetconf-2012/" "Mozilla/5.0 (Windows NT 6.1; WOW64; rv:26.0) Gecko/20100101 Firefox/26.0"
203.145.176.99 - - [11/May/2022:22:30:41 +0000] "GET /favicon.ico HTTP/1.1" 200 3638 "-" "Mozilla/5.0 (Windows NT 6.1; WOW64; rv:26.0) Gecko/20100101 Firefox/26.0"
96.44.146.179 - - [11/May/2022:22:30:42 +0000] "GET / HTTP/1.1" 200 37932 "http://www.semicomplete.com/" "Mozilla/5.0 (Macintosh; Intel Mac OS X 10.8; rv:22.0) Gecko/20100101 Firefox/22.0"
96.44.146.179 - - [11/May/2022:22:30:45 +0000] "GET /blog/geekery/installing-windows-8-consumer-preview.html HTTP/1.1" 200 8948 "http://www.semicomplete.com/" "Mozilla/5.0 (Macintosh; Intel Mac OS X 10.8; rv:22.0) Gecko/20100101 Firefox/22.0"
174.237.128.157 - - [11/May/2022:22:30:50 +0000] "GET /presentations/logstash-scale11x/images/ahhh___rage_face_by_samusmmx-d5g5zap.png HTTP/1.1" 200 175208 "http://www.google.com/search?q=rage+face&client=ms-android-americamovil-us&hl=en&source=android-launcher-widget&v=134000000&source=lnms&tbm=isch&sa=X&ei=BscEU7eAMoLakQeM9YDgDw&ved=0CAgQ_AUoAA" "Mozilla/5.0 (Linux; U; Android 2.3.6; en-us; SCH-S720C Build/GINGERBREAD) AppleWebKit/533.1 (KHTML, like Gecko) Version/4.0 Mobile Safari/533.1"
31.25.142.5 - - [11/May/2022:22:31:09 +0000] "GET /blog/geekery/bypassing-captive-portals.html HTTP/1.1" 200 10613 "http://ihackarmies.com/post/53192492993/captive-port-hell" "Mozilla/5.0 (Windows NT 6.1; rv:27.0) Gecko/20100101 Firefox/27.0"
31.25.142.5 - - [11/May/2022:22:31:11 +0000] "GET /reset.css HTTP/1.1" 200 1015 "http://www.semicomplete.com/blog/geekery/bypassing-captive-portals.html" "Mozilla/5.0 (Windows NT 6.1; rv:27.0) Gecko/20100101 Firefox/27.0"
31.25.142.5 - - [11/May/2022:22:31:12 +0000] "GET /favicon.ico HTTP/1.1" 200 3638 "-" "Mozilla/5.0 (Windows NT 6.1; rv:27.0) Gecko/20100101 Firefox/27.0"
31.25.142.5 - - [11/May/2022:22:31:12 +0000] "GET /style2.css HTTP/1.1" 200 4877 "http://www.semicomplete.com/blog/geekery/bypassing-captive-portals.html" "Mozilla/5.0 (Windows NT 6.1; rv:27.0) Gecko/20100101 Firefox/27.0"
31.25.142.5 - - [11/May/2022:22:31:14 +0000] "GET /images/jordan-80.png HTTP/1.1" 200 6146 "http://www.semicomplete.com/blog/geekery/bypassing-captive-portals.html" "Mozilla/5.0 (Windows NT 6.1; rv:27.0) Gecko/20100101 Firefox/27.0"
31.25.142.5 - - [11/May/2022:22:31:14 +0000] "GET /images/web/2009/banner.png HTTP/1.1" 200 52315 "http://www.semicomplete.com/style2.css" "Mozilla/5.0 (Windows NT 6.1; rv:27.0) Gecko/20100101 Firefox/27.0"
46.105.14.53 - - [11/May/2022:22:31:19 +0000] "GET /blog/tags/puppet?flav=rss20 HTTP/1.1" 200 14872 "-" "UniversalFeedParser/4.2-pre-314-svn +http://feedparser.org/"
123.156.197.100 - - [11/May/2022:22:31:33 +0000] "GET /resume.xml HTTP/1.1" 200 25606 "http://www.semicomplete.com/" "Mozilla/5.0 (Macintosh; Intel Mac OS X 10.8; rv:22.0) Gecko/20100101 Firefox/22.0"
209.85.238.199 - - [11/May/2022:22:31:45 +0000] "GET /?flav=atom HTTP/1.1" 200 32352 "-" "Feedfetcher-Google; (+http://www.google.com/feedfetcher.html; 16 subscribers; feed-id=3389821348893992437)"
93.189.112.218 - - [11/May/2022:22:31:54 +0000] "GET /blog/geekery/ssl-latency.html HTTP/1.1" 200 17147 "http://www.google.hu/url?sa=t&rct=j&q=&esrc=s&source=web&cd=10&ved=0CIIBEBYwCQ&url=http%3A%2F%2Fwww.semicomplete.com%2Fblog%2Fgeekery%2Fssl-latency.html&ei=w8cEU5fGOsWOtQaAy4C4CA&usg=AFQjCNHw6zioJpizqX8Q0YpKKaF4zdCSEg&bvm=bv.61535280,d.Yms&cad=rja" "Mozilla/5.0 (Windows NT 6.1; WOW64; rv:27.0) Gecko/20100101 Firefox/27.0"
93.189.112.218 - - [11/May/2022:22:31:54 +0000] "GET /reset.css HTTP/1.1" 200 1015 "http://www.semicomplete.com/blog/geekery/ssl-latency.html" "Mozilla/5.0 (Windows NT 6.1; WOW64; rv:27.0) Gecko/20100101 Firefox/27.0"
93.189.112.218 - - [11/May/2022:22:31:54 +0000] "GET /style2.css HTTP/1.1" 200 4877 "http://www.semicomplete.com/blog/geekery/ssl-latency.html" "Mozilla/5.0 (Windows NT 6.1; WOW64; rv:27.0) Gecko/20100101 Firefox/27.0"
93.189.112.218 - - [11/May/2022:22:31:54 +0000] "GET /favicon.ico HTTP/1.1" 200 3638 "-" "Mozilla/5.0 (Windows NT 6.1; WOW64; rv:27.0) Gecko/20100101 Firefox/27.0"
93.189.112.218 - - [11/May/2022:22:31:54 +0000] "GET /images/jordan-80.png HTTP/1.1" 200 6146 "http://www.semicomplete.com/blog/geekery/ssl-latency.html" "Mozilla/5.0 (Windows NT 6.1; WOW64; rv:27.0) Gecko/20100101 Firefox/27.0"
93.189.112.218 - - [11/May/2022:22:31:54 +0000] "GET /images/web/2009/banner.png HTTP/1.1" 200 52315 "http://www.semicomplete.com/style2.css" "Mozilla/5.0 (Windows NT 6.1; WOW64; rv:27.0) Gecko/20100101 Firefox/27.0"
5.10.83.105 - - [11/May/2022:22:32:13 +0000] "GET /blog/tags/cut HTTP/1.1" 200 8574 "-" "Mozilla/5.0 (compatible; AhrefsBot/5.0; +http://ahrefs.com/robot/)"
193.171.142.25 - - [11/May/2022:22:32:20 +0000] "GET /projects/xdotool/ HTTP/1.1" 200 12292 "http://tex.stackexchange.com/questions/28952/pdf-reader-on-linux-capable-of-continuous-updating" "Mozilla/5.0 (X11; CrOS armv7l 4920.83.0) AppleWebKit/537.36 (KHTML, like Gecko) Chrome/32.0.1700.103 Safari/537.36"
193.171.142.25 - - [11/May/2022:22:32:21 +0000] "GET /reset.css HTTP/1.1" 200 1015 "http://www.semicomplete.com/projects/xdotool/" "Mozilla/5.0 (X11; CrOS armv7l 4920.83.0) AppleWebKit/537.36 (KHTML, like Gecko) Chrome/32.0.1700.103 Safari/537.36"
193.171.142.25 - - [11/May/2022:22:32:21 +0000] "GET /style2.css HTTP/1.1" 200 4877 "http://www.semicomplete.com/projects/xdotool/" "Mozilla/5.0 (X11; CrOS armv7l 4920.83.0) AppleWebKit/537.36 (KHTML, like Gecko) Chrome/32.0.1700.103 Safari/537.36"
193.171.142.25 - - [11/May/2022:22:32:21 +0000] "GET /images/jordan-80.png HTTP/1.1" 200 6146 "http://www.semicomplete.com/projects/xdotool/" "Mozilla/5.0 (X11; CrOS armv7l 4920.83.0) AppleWebKit/537.36 (KHTML, like Gecko) Chrome/32.0.1700.103 Safari/537.36"
193.171.142.25 - - [11/May/2022:22:32:22 +0000] "GET /images/web/2009/banner.png HTTP/1.1" 200 52315 "http://www.semicomplete.com/projects/xdotool/" "Mozilla/5.0 (X11; CrOS armv7l 4920.83.0) AppleWebKit/537.36 (KHTML, like Gecko) Chrome/32.0.1700.103 Safari/537.36"
193.171.142.25 - - [11/May/2022:22:32:23 +0000] "GET /favicon.ico HTTP/1.1" 200 3638 "-" "Mozilla/5.0 (X11; CrOS armv7l 4920.83.0) AppleWebKit/537.36 (KHTML, like Gecko) Chrome/32.0.1700.103 Safari/537.36"
41.96.54.32 - - [11/May/2022:22:32:34 +0000] "GET /images/googledotcom.png HTTP/1.1" 200 65748 "http://www.google.com/search?q=www.google.com&client=ms-unknown&hl=fr&source=android-launcher-search&v=141255454&source=lnms&tbm=isch&sa=X&ei=5cUEU-SPNObW0QXWxIDoDw&ved=0CAgQ_AUoADgK&biw=800&bih=380" "Mozilla/5.0 (iPad; U; CPU OS 5_1 like Mac OS X; en-us) AppleWebKit/534.46 (KHTML, like Gecko) Version/5.1 Mobile/9B176 Safari/7534.48.3"
100.43.83.137 - - [11/May/2022:22:32:40 +0000] "GET /blog/tags/rspec HTTP/1.1" 200 11805 "-" "Mozilla/5.0 (compatible; YandexBot/3.0; +http://yandex.com/bots)"
37.228.105.99 - - [11/May/2022:22:30:19 +0000] "GET /favicon.ico HTTP/1.1" 200 3638 "-" "Opera/9.80 (J2ME/MIDP; Opera Mini/7.1.32249/34.1267; U; en) Presto/2.8.119 Version/11.10"
74.125.19.80 - - [11/May/2022:22:32:44 +0000] "GET /?flav=rss20 HTTP/1.1" 200 29941 "-" "FeedBurner/1.0 (http://www.FeedBurner.com)"
209.85.238.199 - - [11/May/2022:22:34:16 +0000] "GET /?flav=rss20 HTTP/1.1" 200 29941 "-" "Feedfetcher-Google; (+http://www.google.com/feedfetcher.html; 22 subscribers; feed-id=8321906634162087507)"
174.237.128.157 - - [11/May/2022:22:34:18 +0000] "GET /presentations/logstash-scale11x/images/ahhh___rage_face_by_samusmmx-d5g5zap.png HTTP/1.1" 206 3468 "http://www.google.com/search?q=rage+face&client=ms-android-americamovil-us&hl=en&source=android-launcher-widget&v=134000000&source=lnms&tbm=isch&sa=X&ei=BscEU7eAMoLakQeM9YDgDw&ved=0CAgQ_AUoAA" "Mozilla/5.0 (Linux; U; Android 2.3.6; en-us; SCH-S720C Build/GINGERBREAD) AppleWebKit/533.1 (KHTML, like Gecko) Version/4.0 Mobile Safari/533.1"
78.174.230.215 - - [11/May/2022:22:31:21 +0000] "GET /presentations/logstash-scale11x/images/ahhh___rage_face_by_samusmmx-d5g5zap.png HTTP/1.1" 200 175208 "app:/TransformiceAIR.swf/[[DYNAMIC]]/2/[[DYNAMIC]]/4/[[DYNAMIC]]/5/[[DYNAMIC]]/87" "Mozilla/5.0 (Windows; U; tr-TR) AppleWebKit/533.19.4 (KHTML, like Gecko) AdobeAIR/3.9"
137.117.247.114 - - [11/May/2022:22:29:21 +0000] "GET / HTTP/1.1" 200 37932 "-" "User-Agent: Mozilla/5.0 (Windows; U; Windows NT 5.1; en-US; rv:1.9.1) Gecko/20090624 Firefox/3.5"
66.249.73.135 - - [11/May/2022:22:34:25 +0000] "GET /misc/pam_logfailure_log HTTP/1.1" 200 31593 "-" "Mozilla/5.0 (compatible; Googlebot/2.1; +http://www.google.com/bot.html)"
189.100.180.70 - - [11/May/2022:22:33:57 +0000] "GET /favicon.ico HTTP/1.1" 200 3638 "http://gigawiki.com/sony/reconhecimento-de-fala-no-linux" "Mozilla/5.0 (X11; Linux x86_64) AppleWebKit/537.36 (KHTML, like Gecko) Ubuntu Chromium/32.0.1700.102 Chrome/32.0.1700.102 Safari/537.36"
130.56.79.114 - - [11/May/2022:22:35:08 +0000] "GET /files/wifipencap.sh HTTP/1.1" 200 2804 "http://www.google.com.au/url?sa=t&rct=j&q=&esrc=s&source=web&cd=3&sqi=2&ved=0CDkQFjAC&url=http%3A%2F%2Fsemicomplete.com%2Ffiles%2Fwifipencap.sh&ei=tMgEU7ejCsTKkwWNl4D4Ag&usg=AFQjCNH89i4Kjwy6zYQ5aRtGr0E0dHm6Aw&sig2=P4G8rSO5RkkyEO8EbuV1OQ&bvm=bv.61535280,d.dGI" "Mozilla/5.0 (Macintosh; Intel Mac OS X 10_9_1) AppleWebKit/537.73.11 (KHTML, like Gecko) Version/7.0.1 Safari/537.73.11"
130.56.79.114 - - [11/May/2022:22:35:09 +0000] "GET /favicon.ico HTTP/1.1" 200 3638 "http://semicomplete.com/files/wifipencap.sh" "Mozilla/5.0 (Macintosh; Intel Mac OS X 10_9_1) AppleWebKit/537.73.11 (KHTML, like Gecko) Version/7.0.1 Safari/537.73.11"
220.255.2.216 - - [11/May/2022:22:35:37 +0000] "GET /presentations/logstash-scale11x/images/ahhh___rage_face_by_samusmmx-d5g5zap.png HTTP/1.1" 200 175208 "https://www.google.com.sg/" "Mozilla/5.0 (iPhone; CPU iPhone OS 6_1_4 like Mac OS X) AppleWebKit/536.26 (KHTML, like Gecko) Version/6.0 Mobile/10B350 Safari/8536.25"
123.126.50.87 - - [11/May/2022:22:36:02 +0000] "GET /projects/keynav/ HTTP/1.0" 200 18985 "http://www.google.com/url?sa=t&rct=j&q=&esrc=s&source=web&cd=1&ved=0CCgQFjAA&url=%68%74%74%70%3a%2f%2f%77%77%77%2e%73%65%6d%69%63%6f%6d%70%6c%65%74%65%2e%63%6f%6d%2f%70%72%6f%6a%65%63%74%73%2f%6b%65%79%6e%61%76%2f&ei=5sgEU7aeEOztiAeD3oHoDQ&usg=AFQjCNEj_fmI6exjOuHyCpzh2FpyXW522g&sig2=qaqDY7URtqy_QSdinwvoDA" "Mozilla/5.0 (X11; Linux x86_64; rv:27.0) Gecko/20100101 Firefox/27.0"
123.126.50.87 - - [11/May/2022:22:36:07 +0000] "GET /reset.css HTTP/1.0" 200 1015 "http://www.semicomplete.com/projects/keynav/" "Mozilla/5.0 (X11; Linux x86_64; rv:27.0) Gecko/20100101 Firefox/27.0"
208.115.111.72 - - [11/May/2022:22:36:11 +0000] "GET /files/blogposts/20080310/?C=D;O=D HTTP/1.1" 200 976 "-" "Mozilla/5.0 (compatible; Ezooms/1.0; help@moz.com)"
123.126.50.87 - - [11/May/2022:22:36:07 +0000] "GET /favicon.ico HTTP/1.0" 200 3638 "-" "Mozilla/5.0 (X11; Linux x86_64; rv:27.0) Gecko/20100101 Firefox/27.0"
5.10.83.98 - - [11/May/2022:22:36:22 +0000] "GET /files/blogposts/20090520/?C=N;O=A HTTP/1.1" 200 966 "-" "Mozilla/5.0 (compatible; AhrefsBot/5.0; +http://ahrefs.com/robot/)"
208.115.111.72 - - [11/May/2022:22:36:20 +0000] "GET /files/blogposts/20081105/?C=N;O=D HTTP/1.1" 200 968 "-" "Mozilla/5.0 (compatible; Ezooms/1.0; help@moz.com)"
208.115.111.72 - - [11/May/2022:22:36:22 +0000] "GET /files/blogposts/20091108/?C=S;O=A HTTP/1.1" 200 1203 "-" "Mozilla/5.0 (compatible; Ezooms/1.0; help@moz.com)"
123.126.50.87 - - [11/May/2022:22:36:22 +0000] "GET /projects/keynav/demo-thumb.png HTTP/1.0" 200 15141 "http://www.semicomplete.com/projects/keynav/" "Mozilla/5.0 (X11; Linux x86_64; rv:27.0) Gecko/20100101 Firefox/27.0"
46.105.14.53 - - [11/May/2022:22:36:23 +0000] "GET /blog/tags/puppet?flav=rss20 HTTP/1.1" 200 14872 "-" "UniversalFeedParser/4.2-pre-314-svn +http://feedparser.org/"
208.115.111.72 - - [11/May/2022:22:36:27 +0000] "GET /files/blogposts/20100511/?C=N;O=D HTTP/1.1" 200 1006 "-" "Mozilla/5.0 (compatible; Ezooms/1.0; help@moz.com)"
208.115.111.72 - - [11/May/2022:22:36:30 +0000] "GET /files/firefox-tabsearch/tabsearch-20070531.xpi HTTP/1.1" 200 3633 "-" "Mozilla/5.0 (compatible; Ezooms/1.0; help@moz.com)"
208.115.111.72 - - [11/May/2022:22:36:34 +0000] "GET /files/fpm/?C=D;O=D HTTP/1.1" 200 1383 "-" "Mozilla/5.0 (compatible; Ezooms/1.0; help@moz.com)"
123.126.50.87 - - [11/May/2022:22:36:31 +0000] "GET /images/jordan-80.png HTTP/1.0" 200 6146 "http://www.semicomplete.com/projects/keynav/" "Mozilla/5.0 (X11; Linux x86_64; rv:27.0) Gecko/20100101 Firefox/27.0"
5.10.83.82 - - [11/May/2022:22:36:38 +0000] "GET /files/blogposts/20101209/?C=N;O=A HTTP/1.1" 200 978 "-" "Mozilla/5.0 (compatible; AhrefsBot/5.0; +http://ahrefs.com/robot/)"
208.115.111.72 - - [11/May/2022:22:36:55 +0000] "GET /files/keynav/?C=D;O=D HTTP/1.1" 200 3690 "-" "Mozilla/5.0 (compatible; Ezooms/1.0; help@moz.com)"
123.126.50.87 - - [11/May/2022:22:36:53 +0000] "GET /style2.css HTTP/1.0" 200 4877 "http://www.semicomplete.com/projects/keynav/" "Mozilla/5.0 (X11; Linux x86_64; rv:27.0) Gecko/20100101 Firefox/27.0"
208.115.111.72 - - [11/May/2022:22:37:01 +0000] "GET /files/xdotool/docs/man/?C=M;O=D HTTP/1.1" 200 955 "-" "Mozilla/5.0 (compatible; Ezooms/1.0; help@moz.com)"
54.229.217.85 - - [11/May/2022:22:36:32 +0000] "GET /files/logstash/logstash-1.1.5-monolithic.jar HTTP/1.1" 200 62645373 "-" "Wget/1.13.4 (linux-gnu)"
137.110.244.137 - - [11/May/2022:22:38:16 +0000] "GET /projects/xdotool/xdotool.xhtml HTTP/1.1" 200 50112 "-" "www.integromedb.org/Crawler"
192.100.130.7 - - [11/May/2022:22:38:19 +0000] "GET /projects/xdotool/ HTTP/1.1" 200 12292 "http://www.geekssharingspace.org/2012/01/how-to-install-configure-xdotool-on.html" "Mozilla/5.0 (X11; Linux x86_64) AppleWebKit/537.36 (KHTML, like Gecko) Chrome/32.0.1700.107 Safari/537.36"
129.21.148.91 - - [11/May/2022:22:38:32 +0000] "GET /presentations/logstash-scale11x/images/ahhh___rage_face_by_samusmmx-d5g5zap.png HTTP/1.1" 200 175208 "-" "Mozilla/5.0 (Windows NT 6.1; WOW64) AppleWebKit/537.36 (KHTML, like Gecko) Chrome/32.0.1700.107 Safari/537.36"
85.167.141.2 - - [11/May/2022:22:39:00 +0000] "GET /projects/keynav/ HTTP/1.1" 200 18985 "http://superuser.com/questions/122142/control-mouse-with-keyboard-in-ubuntu" "Mozilla/5.0 (Windows NT 6.3; WOW64; rv:27.0) Gecko/20100101 Firefox/27.0"
85.167.141.2 - - [11/May/2022:22:39:01 +0000] "GET /reset.css HTTP/1.1" 200 1015 "http://www.semicomplete.com/projects/keynav/" "Mozilla/5.0 (Windows NT 6.3; WOW64; rv:27.0) Gecko/20100101 Firefox/27.0"
85.167.141.2 - - [11/May/2022:22:39:01 +0000] "GET /style2.css HTTP/1.1" 200 4877 "http://www.semicomplete.com/projects/keynav/" "Mozilla/5.0 (Windows NT 6.3; WOW64; rv:27.0) Gecko/20100101 Firefox/27.0"
85.167.141.2 - - [11/May/2022:22:39:01 +0000] "GET /favicon.ico HTTP/1.1" 200 3638 "-" "Mozilla/5.0 (Windows NT 6.3; WOW64; rv:27.0) Gecko/20100101 Firefox/27.0"
85.167.141.2 - - [11/May/2022:22:39:01 +0000] "GET /images/jordan-80.png HTTP/1.1" 200 6146 "http://www.semicomplete.com/projects/keynav/" "Mozilla/5.0 (Windows NT 6.3; WOW64; rv:27.0) Gecko/20100101 Firefox/27.0"
85.167.141.2 - - [11/May/2022:22:39:01 +0000] "GET /projects/keynav/demo-thumb.png HTTP/1.1" 200 15141 "http://www.semicomplete.com/projects/keynav/" "Mozilla/5.0 (Windows NT 6.3; WOW64; rv:27.0) Gecko/20100101 Firefox/27.0"
85.167.141.2 - - [11/May/2022:22:39:01 +0000] "GET /images/web/2009/banner.png HTTP/1.1" 200 52315 "http://www.semicomplete.com/style2.css" "Mozilla/5.0 (Windows NT 6.3; WOW64; rv:27.0) Gecko/20100101 Firefox/27.0"
66.249.93.20 - - [11/May/2022:22:39:15 +0000] "GET /presentations/logstash-scale11x/images/logstash.png HTTP/1.1" 200 47731 "-" "Mozilla/5.0 (Windows; U; Windows NT 5.1; de; rv:1.9.0.7) Gecko/2009021910 Firefox/3.0.7 (via ggpht.com GoogleImageProxy)"
192.12.88.231 - - [11/May/2022:22:39:51 +0000] "GET /projects/xdotool/ HTTP/1.1" 200 12292 "https://www.google.com/" "Mozilla/5.0 (Windows NT 6.3; WOW64) AppleWebKit/537.36 (KHTML, like Gecko) Chrome/32.0.1700.107 Safari/537.36"
192.12.88.231 - - [11/May/2022:22:39:52 +0000] "GET /style2.css HTTP/1.1" 200 4877 "http://www.semicomplete.com/projects/xdotool/" "Mozilla/5.0 (Windows NT 6.3; WOW64) AppleWebKit/537.36 (KHTML, like Gecko) Chrome/32.0.1700.107 Safari/537.36"
192.12.88.231 - - [11/May/2022:22:39:52 +0000] "GET /images/jordan-80.png HTTP/1.1" 200 6146 "http://www.semicomplete.com/projects/xdotool/" "Mozilla/5.0 (Windows NT 6.3; WOW64) AppleWebKit/537.36 (KHTML, like Gecko) Chrome/32.0.1700.107 Safari/537.36"
192.12.88.231 - - [11/May/2022:22:39:52 +0000] "GET /reset.css HTTP/1.1" 200 1015 "http://www.semicomplete.com/projects/xdotool/" "Mozilla/5.0 (Windows NT 6.3; WOW64) AppleWebKit/537.36 (KHTML, like Gecko) Chrome/32.0.1700.107 Safari/537.36"
192.12.88.231 - - [11/May/2022:22:39:52 +0000] "GET /images/web/2009/banner.png HTTP/1.1" 200 52315 "http://www.semicomplete.com/projects/xdotool/" "Mozilla/5.0 (Windows NT 6.3; WOW64) AppleWebKit/537.36 (KHTML, like Gecko) Chrome/32.0.1700.107 Safari/537.36"
192.12.88.231 - - [11/May/2022:22:39:53 +0000] "GET /favicon.ico HTTP/1.1" 200 3638 "-" "Mozilla/5.0 (Windows NT 6.3; WOW64) AppleWebKit/537.36 (KHTML, like Gecko) Chrome/32.0.1700.107 Safari/537.36"
46.105.14.53 - - [11/May/2022:22:41:20 +0000] "GET /blog/tags/puppet?flav=rss20 HTTP/1.1" 200 14872 "-" "UniversalFeedParser/4.2-pre-314-svn +http://feedparser.org/"
158.136.112.187 - - [11/May/2022:22:41:05 +0000] "GET /articles/dynamic-dns-with-dhcp/ HTTP/1.1" 200 18848 "-" "Mozilla/5.0 (X11; Linux x86_64) AppleWebKit/537.36 (KHTML, like Gecko) Chrome/32.0.1700.107 Safari/537.36"
109.235.63.29 - - [11/May/2022:22:41:23 +0000] "GET /reset.css HTTP/1.1" 200 1015 "http://www.semicomplete.com/blog/geekery/ssl-latency.html" "Mozilla/5.0 (X11; Ubuntu; Linux x86_64; rv:27.0) Gecko/20100101 Firefox/27.0"
109.235.63.29 - - [11/May/2022:22:41:23 +0000] "GET /favicon.ico HTTP/1.1" 200 3638 "-" "Mozilla/5.0 (X11; Ubuntu; Linux x86_64; rv:27.0) Gecko/20100101 Firefox/27.0"
109.235.63.29 - - [11/May/2022:22:41:22 +0000] "GET /blog/geekery/ssl-latency.html HTTP/1.1" 200 17147 "http://www.heise.de/security/news/foren/S-Re-Ein-schoener-Schritt/forum-272547/msg-24606008/read/" "Mozilla/5.0 (X11; Ubuntu; Linux x86_64; rv:27.0) Gecko/20100101 Firefox/27.0"
109.235.63.29 - - [11/May/2022:22:41:23 +0000] "GET /style2.css HTTP/1.1" 200 4877 "http://www.semicomplete.com/blog/geekery/ssl-latency.html" "Mozilla/5.0 (X11; Ubuntu; Linux x86_64; rv:27.0) Gecko/20100101 Firefox/27.0"
66.249.73.135 - - [11/May/2022:22:41:57 +0000] "GET /blog/tags/firefox?flav=rss20 HTTP/1.1" 200 16021 "-" "Mozilla/5.0 (compatible; Googlebot/2.1; +http://www.google.com/bot.html)"
109.235.63.29 - - [11/May/2022:22:41:23 +0000] "GET /images/web/2009/banner.png HTTP/1.1" 200 52315 "http://www.semicomplete.com/style2.css" "Mozilla/5.0 (X11; Ubuntu; Linux x86_64; rv:27.0) Gecko/20100101 Firefox/27.0"
109.235.63.29 - - [11/May/2022:22:41:23 +0000] "GET /images/jordan-80.png HTTP/1.1" 200 6146 "http://www.semicomplete.com/blog/geekery/ssl-latency.html" "Mozilla/5.0 (X11; Ubuntu; Linux x86_64; rv:27.0) Gecko/20100101 Firefox/27.0"
208.91.156.11 - - [11/May/2022:22:42:53 +0000] "GET /files/logstash/logstash-1.3.2-monolithic.jar HTTP/1.1" 404 324 "-" "Chef Client/10.18.2 (ruby-1.9.3-p327; ohai-6.16.0; x86_64-linux; +http://opscode.com)"
5.10.83.91 - - [11/May/2022:22:43:11 +0000] "GET /files/logstash/logstash-1.1.1-rc1-monolithic.jar HTTP/1.1" 200 53812747 "-" "Mozilla/5.0 (compatible; AhrefsBot/5.0; +http://ahrefs.com/robot/)"
202.77.113.30 - - [11/May/2022:22:43:09 +0000] "GET /blog/geekery/show-headers-in-get-request.html HTTP/1.1" 200 10538 "http://www.semicomplete.com/blog/geekery/show-headers-in-get-request.html" "Mozilla/5.0 (Windows; U; Windows NT 5.1; en-US; rv:1.9.0.14) Gecko/2009082707 Firefox/3.0.14 (.NET CLR 3.5.30729)"
62.161.74.89 - - [11/May/2022:22:42:15 +0000] "GET /blog/geekery/ssl-latency.html HTTP/1.1" 200 17147 "-" "Mozilla/5.0 (Windows NT 5.2; rv:12.0) Gecko/20100101 Firefox/12.0"
173.192.238.41 - - [11/May/2022:22:43:17 +0000] "GET /blog HTTP/1.1" 200 37936 "-" "Mozilla/5.0 (X11; U; Linux x86_64; en-US; rv:1.9.0.19; aggregator:Spinn3r (Spinn3r 3.1); http://spinn3r.com/robot) Gecko/2010040121 Firefox/3.0.19"
192.200.128.8 - - [11/May/2022:22:43:21 +0000] "GET /projects/xdotool/xdotool.xhtml HTTP/1.1" 200 50112 "-" "Mozilla/5.0 (Windows NT 6.1; WOW64) AppleWebKit/537.36 (KHTML, like Gecko) Chrome/32.0.1700.107 Safari/537.36 OPR/19.0.1326.63"
82.69.6.162 - - [11/May/2022:22:43:22 +0000] "GET /articles/dynamic-dns-with-dhcp/ HTTP/1.1" 200 18848 "https://www.google.co.uk/" "Mozilla/5.0 (X11; Linux x86_64) AppleWebKit/537.36 (KHTML, like Gecko) Chrome/32.0.1700.107 Safari/537.36"
192.200.128.8 - - [11/May/2022:22:43:21 +0000] "GET /favicon.ico HTTP/1.1" 200 3638 "-" "Mozilla/5.0 (Windows NT 6.1; WOW64) AppleWebKit/537.36 (KHTML, like Gecko) Chrome/32.0.1700.107 Safari/537.36 OPR/19.0.1326.63"
82.69.6.162 - - [11/May/2022:22:43:22 +0000] "GET /reset.css HTTP/1.1" 200 1015 "http://www.semicomplete.com/articles/dynamic-dns-with-dhcp/" "Mozilla/5.0 (X11; Linux x86_64) AppleWebKit/537.36 (KHTML, like Gecko) Chrome/32.0.1700.107 Safari/537.36"
82.69.6.162 - - [11/May/2022:22:43:22 +0000] "GET /style2.css HTTP/1.1" 200 4877 "http://www.semicomplete.com/articles/dynamic-dns-with-dhcp/" "Mozilla/5.0 (X11; Linux x86_64) AppleWebKit/537.36 (KHTML, like Gecko) Chrome/32.0.1700.107 Safari/537.36"
82.69.6.162 - - [11/May/2022:22:43:23 +0000] "GET /images/web/2009/banner.png HTTP/1.1" 200 52315 "http://www.semicomplete.com/articles/dynamic-dns-with-dhcp/" "Mozilla/5.0 (X11; Linux x86_64) AppleWebKit/537.36 (KHTML, like Gecko) Chrome/32.0.1700.107 Safari/537.36"
82.69.6.162 - - [11/May/2022:22:43:22 +0000] "GET /images/jordan-80.png HTTP/1.1" 200 6146 "http://www.semicomplete.com/articles/dynamic-dns-with-dhcp/" "Mozilla/5.0 (X11; Linux x86_64) AppleWebKit/537.36 (KHTML, like Gecko) Chrome/32.0.1700.107 Safari/537.36"
82.69.6.162 - - [11/May/2022:22:43:23 +0000] "GET /favicon.ico HTTP/1.1" 200 3638 "-" "Mozilla/5.0 (X11; Linux x86_64) AppleWebKit/537.36 (KHTML, like Gecko) Chrome/32.0.1700.107 Safari/537.36"
91.217.86.20 - - [11/May/2022:22:43:33 +0000] "GET /presentations/logstash-scale11x/ HTTP/1.1" 200 54239 "-" "Mozilla/5.0 (Windows NT 6.1; WOW64; rv:27.0) Gecko/20100101 Firefox/27.0"
91.217.86.20 - - [11/May/2022:22:43:33 +0000] "GET /presentations/logstash-scale11x/css/theme/night-jls.css HTTP/1.1" 200 3811 "http://semicomplete.com/presentations/logstash-scale11x/" "Mozilla/5.0 (Windows NT 6.1; WOW64; rv:27.0) Gecko/20100101 Firefox/27.0"
91.217.86.20 - - [11/May/2022:22:43:33 +0000] "GET /presentations/logstash-scale11x/css/extra.css HTTP/1.1" 200 1395 "http://semicomplete.com/presentations/logstash-scale11x/" "Mozilla/5.0 (Windows NT 6.1; WOW64; rv:27.0) Gecko/20100101 Firefox/27.0"
91.217.86.20 - - [11/May/2022:22:43:33 +0000] "GET /presentations/logstash-scale11x/css/reveal.min.css HTTP/1.1" 200 23581 "http://semicomplete.com/presentations/logstash-scale11x/" "Mozilla/5.0 (Windows NT 6.1; WOW64; rv:27.0) Gecko/20100101 Firefox/27.0"
91.217.86.20 - - [11/May/2022:22:43:33 +0000] "GET /presentations/logstash-scale11x/lib/css/zenburn.css HTTP/1.1" 200 1791 "http://semicomplete.com/presentations/logstash-scale11x/" "Mozilla/5.0 (Windows NT 6.1; WOW64; rv:27.0) Gecko/20100101 Firefox/27.0"
91.217.86.20 - - [11/May/2022:22:43:33 +0000] "GET /presentations/logstash-scale11x/css/fonts/OpenSans.css HTTP/1.1" 200 863 "http://semicomplete.com/presentations/logstash-scale11x/css/theme/night-jls.css" "Mozilla/5.0 (Windows NT 6.1; WOW64; rv:27.0) Gecko/20100101 Firefox/27.0"
91.217.86.20 - - [11/May/2022:22:43:33 +0000] "GET /presentations/logstash-scale11x/css/fonts/Roboto.css HTTP/1.1" 200 357 "http://semicomplete.com/presentations/logstash-scale11x/css/theme/night-jls.css" "Mozilla/5.0 (Windows NT 6.1; WOW64; rv:27.0) Gecko/20100101 Firefox/27.0"
91.217.86.20 - - [11/May/2022:22:43:33 +0000] "GET /presentations/logstash-scale11x/lib/js/head.min.js HTTP/1.1" 200 3170 "http://semicomplete.com/presentations/logstash-scale11x/" "Mozilla/5.0 (Windows NT 6.1; WOW64; rv:27.0) Gecko/20100101 Firefox/27.0"
91.217.86.20 - - [11/May/2022:22:43:33 +0000] "GET /presentations/logstash-scale11x/js/reveal.min.js HTTP/1.1" 200 18091 "http://semicomplete.com/presentations/logstash-scale11x/" "Mozilla/5.0 (Windows NT 6.1; WOW64; rv:27.0) Gecko/20100101 Firefox/27.0"
91.217.86.20 - - [11/May/2022:22:43:34 +0000] "GET /presentations/logstash-scale11x/images/alarm-clock.jpg HTTP/1.1" 200 10645 "http://semicomplete.com/presentations/logstash-scale11x/" "Mozilla/5.0 (Windows NT 6.1; WOW64; rv:27.0) Gecko/20100101 Firefox/27.0"
91.217.86.20 - - [11/May/2022:22:43:33 +0000] "GET /presentations/logstash-scale11x/images/logstash.png HTTP/1.1" 200 47731 "http://semicomplete.com/presentations/logstash-scale11x/" "Mozilla/5.0 (Windows NT 6.1; WOW64; rv:27.0) Gecko/20100101 Firefox/27.0"
91.217.86.20 - - [11/May/2022:22:43:34 +0000] "GET /presentations/logstash-scale11x/css/print/paper.css HTTP/1.1" 200 4254 "http://semicomplete.com/presentations/logstash-scale11x/" "Mozilla/5.0 (Windows NT 6.1; WOW64; rv:27.0) Gecko/20100101 Firefox/27.0"
91.217.86.20 - - [11/May/2022:22:43:34 +0000] "GET /presentations/logstash-scale11x/images/nagios-sms1.png HTTP/1.1" 200 55478 "http://semicomplete.com/presentations/logstash-scale11x/" "Mozilla/5.0 (Windows NT 6.1; WOW64; rv:27.0) Gecko/20100101 Firefox/27.0"
91.217.86.20 - - [11/May/2022:22:43:34 +0000] "GET /presentations/logstash-scale11x/images/nagios-sms2.png HTTP/1.1" 200 60656 "http://semicomplete.com/presentations/logstash-scale11x/" "Mozilla/5.0 (Windows NT 6.1; WOW64; rv:27.0) Gecko/20100101 Firefox/27.0"
91.217.86.20 - - [11/May/2022:22:43:34 +0000] "GET /presentations/logstash-scale11x/images/nagios-sms3.png HTTP/1.1" 200 65917 "http://semicomplete.com/presentations/logstash-scale11x/" "Mozilla/5.0 (Windows NT 6.1; WOW64; rv:27.0) Gecko/20100101 Firefox/27.0"
91.217.86.20 - - [11/May/2022:22:43:34 +0000] "GET /presentations/logstash-scale11x/plugin/markdown/showdown.js HTTP/1.1" 200 9904 "http://semicomplete.com/presentations/logstash-scale11x/" "Mozilla/5.0 (Windows NT 6.1; WOW64; rv:27.0) Gecko/20100101 Firefox/27.0"
91.217.86.20 - - [11/May/2022:22:43:34 +0000] "GET /presentations/logstash-scale11x/images/nagios-sms4.png HTTP/1.1" 200 72949 "http://semicomplete.com/presentations/logstash-scale11x/" "Mozilla/5.0 (Windows NT 6.1; WOW64; rv:27.0) Gecko/20100101 Firefox/27.0"
91.217.86.20 - - [11/May/2022:22:43:34 +0000] "GET /presentations/logstash-scale11x/images/nagios-sms5.png HTTP/1.1" 200 78075 "http://semicomplete.com/presentations/logstash-scale11x/" "Mozilla/5.0 (Windows NT 6.1; WOW64; rv:27.0) Gecko/20100101 Firefox/27.0"
91.217.86.20 - - [11/May/2022:22:43:35 +0000] "GET /presentations/logstash-scale11x/plugin/markdown/markdown.js HTTP/1.1" 200 1187 "http://semicomplete.com/presentations/logstash-scale11x/" "Mozilla/5.0 (Windows NT 6.1; WOW64; rv:27.0) Gecko/20100101 Firefox/27.0"
91.217.86.20 - - [11/May/2022:22:43:34 +0000] "GET /presentations/logstash-scale11x/images/jordan.jpg HTTP/1.1" 200 278476 "http://semicomplete.com/presentations/logstash-scale11x/" "Mozilla/5.0 (Windows NT 6.1; WOW64; rv:27.0) Gecko/20100101 Firefox/27.0"
91.217.86.20 - - [11/May/2022:22:43:35 +0000] "GET /presentations/logstash-scale11x/images/xkcd-perl.png HTTP/1.1" 200 80663 "http://semicomplete.com/presentations/logstash-scale11x/" "Mozilla/5.0 (Windows NT 6.1; WOW64; rv:27.0) Gecko/20100101 Firefox/27.0"
91.217.86.20 - - [11/May/2022:22:43:35 +0000] "GET /presentations/logstash-scale11x/images/nagios-sms6.png HTTP/1.1" 200 82859 "http://semicomplete.com/presentations/logstash-scale11x/" "Mozilla/5.0 (Windows NT 6.1; WOW64; rv:27.0) Gecko/20100101 Firefox/27.0"
91.217.86.20 - - [11/May/2022:22:43:35 +0000] "GET /presentations/logstash-scale11x/plugin/highlight/highlight.js HTTP/1.1" 200 26185 "http://semicomplete.com/presentations/logstash-scale11x/" "Mozilla/5.0 (Windows NT 6.1; WOW64; rv:27.0) Gecko/20100101 Firefox/27.0"
91.217.86.20 - - [11/May/2022:22:43:35 +0000] "GET /presentations/logstash-scale11x/images/frontend-response-codes.png HTTP/1.1" 200 52878 "http://semicomplete.com/presentations/logstash-scale11x/" "Mozilla/5.0 (Windows NT 6.1; WOW64; rv:27.0) Gecko/20100101 Firefox/27.0"
91.217.86.20 - - [11/May/2022:22:43:35 +0000] "GET /presentations/logstash-scale11x/plugin/zoom-js/zoom.js HTTP/1.1" 200 7697 "http://semicomplete.com/presentations/logstash-scale11x/" "Mozilla/5.0 (Windows NT 6.1; WOW64; rv:27.0) Gecko/20100101 Firefox/27.0"
91.217.86.20 - - [11/May/2022:22:43:35 +0000] "GET /presentations/logstash-scale11x/images/ahhh___rage_face_by_samusmmx-d5g5zap.png HTTP/1.1" 200 175208 "http://semicomplete.com/presentations/logstash-scale11x/" "Mozilla/5.0 (Windows NT 6.1; WOW64; rv:27.0) Gecko/20100101 Firefox/27.0"
91.217.86.20 - - [11/May/2022:22:43:36 +0000] "GET /presentations/logstash-scale11x/plugin/notes/notes.js HTTP/1.1" 200 2892 "http://semicomplete.com/presentations/logstash-scale11x/" "Mozilla/5.0 (Windows NT 6.1; WOW64; rv:27.0) Gecko/20100101 Firefox/27.0"
91.217.86.20 - - [11/May/2022:22:43:36 +0000] "GET /presentations/logstash-scale11x/css/fonts/Roboto-Bold.ttf HTTP/1.1" 200 38720 "http://semicomplete.com/presentations/logstash-scale11x/css/fonts/Roboto.css" "Mozilla/5.0 (Windows NT 6.1; WOW64; rv:27.0) Gecko/20100101 Firefox/27.0"
91.217.86.20 - - [11/May/2022:22:43:36 +0000] "GET /presentations/logstash-scale11x/css/fonts/Roboto-Regular.ttf HTTP/1.1" 200 41820 "http://semicomplete.com/presentations/logstash-scale11x/css/fonts/Roboto.css" "Mozilla/5.0 (Windows NT 6.1; WOW64; rv:27.0) Gecko/20100101 Firefox/27.0"
91.217.86.20 - - [11/May/2022:22:43:36 +0000] "GET /presentations/logstash-scale11x/images/Dreamhost_logo.svg HTTP/1.1" 200 2126 "http://semicomplete.com/presentations/logstash-scale11x/" "Mozilla/5.0 (Windows NT 6.1; WOW64; rv:27.0) Gecko/20100101 Firefox/27.0"
91.217.86.20 - - [11/May/2022:22:43:36 +0000] "GET /presentations/logstash-scale11x/images/xkcd-perlswing-many.png HTTP/1.1" 200 100207 "http://semicomplete.com/presentations/logstash-scale11x/" "Mozilla/5.0 (Windows NT 6.1; WOW64; rv:27.0) Gecko/20100101 Firefox/27.0"
91.217.86.20 - - [11/May/2022:22:43:36 +0000] "GET /presentations/logstash-scale11x/images/logstash-dreamhost-day.png HTTP/1.1" 200 34213 "http://semicomplete.com/presentations/logstash-scale11x/" "Mozilla/5.0 (Windows NT 6.1; WOW64; rv:27.0) Gecko/20100101 Firefox/27.0"
91.217.86.20 - - [11/May/2022:22:43:35 +0000] "GET /presentations/logstash-scale11x/images/sad-medic.png HTTP/1.1" 200 430406 "http://semicomplete.com/presentations/logstash-scale11x/" "Mozilla/5.0 (Windows NT 6.1; WOW64; rv:27.0) Gecko/20100101 Firefox/27.0"
91.217.86.20 - - [11/May/2022:22:43:36 +0000] "GET /presentations/logstash-scale11x/images/computer-keyboard-jacket.jpg HTTP/1.1" 200 176805 "http://semicomplete.com/presentations/logstash-scale11x/" "Mozilla/5.0 (Windows NT 6.1; WOW64; rv:27.0) Gecko/20100101 Firefox/27.0"
50.16.19.13 - - [11/May/2022:22:43:37 +0000] "GET /blog/tags/puppet?flav=rss20 HTTP/1.1" 200 14872 "http://www.semicomplete.com/blog/tags/puppet?flav=rss20" "Tiny Tiny RSS/1.11 (http://tt-rss.org/)"
91.217.86.20 - - [11/May/2022:22:43:37 +0000] "GET /presentations/logstash-scale11x/images/kibana-dashboard3.png HTTP/1.1" 200 171717 "http://semicomplete.com/presentations/logstash-scale11x/" "Mozilla/5.0 (Windows NT 6.1; WOW64; rv:27.0) Gecko/20100101 Firefox/27.0"
91.217.86.20 - - [11/May/2022:22:43:37 +0000] "GET /presentations/logstash-scale11x/images/kibana-search.png HTTP/1.1" 200 203023 "http://semicomplete.com/presentations/logstash-scale11x/" "Mozilla/5.0 (Windows NT 6.1; WOW64; rv:27.0) Gecko/20100101 Firefox/27.0"
91.217.86.20 - - [11/May/2022:22:43:37 +0000] "GET /presentations/logstash-scale11x/images/kibana-dashboard2.png HTTP/1.1" 200 394967 "http://semicomplete.com/presentations/logstash-scale11x/" "Mozilla/5.0 (Windows NT 6.1; WOW64; rv:27.0) Gecko/20100101 Firefox/27.0"
91.217.86.20 - - [11/May/2022:22:43:37 +0000] "GET /presentations/logstash-scale11x/images/kibana-dashboard.png HTTP/1.1" 200 321631 "http://semicomplete.com/presentations/logstash-scale11x/" "Mozilla/5.0 (Windows NT 6.1; WOW64; rv:27.0) Gecko/20100101 Firefox/27.0"
91.217.86.20 - - [11/May/2022:22:43:36 +0000] "GET /presentations/logstash-scale11x/images/simple-inputs.jpg HTTP/1.1" 200 1045663 "http://semicomplete.com/presentations/logstash-scale11x/" "Mozilla/5.0 (Windows NT 6.1; WOW64; rv:27.0) Gecko/20100101 Firefox/27.0"
91.217.86.20 - - [11/May/2022:22:43:36 +0000] "GET /presentations/logstash-scale11x/images/simple-inputs-filters.jpg HTTP/1.1" 200 1114500 "http://semicomplete.com/presentations/logstash-scale11x/" "Mozilla/5.0 (Windows NT 6.1; WOW64; rv:27.0) Gecko/20100101 Firefox/27.0"
91.217.86.20 - - [11/May/2022:22:43:38 +0000] "GET /presentations/logstash-scale11x/images/simple-inputs-filters-outputs.jpg HTTP/1.1" 200 1168622 "http://semicomplete.com/presentations/logstash-scale11x/" "Mozilla/5.0 (Windows NT 6.1; WOW64; rv:27.0) Gecko/20100101 Firefox/27.0"
91.217.86.20 - - [11/May/2022:22:43:38 +0000] "GET /presentations/logstash-scale11x/images/tiered-outputs-to-inputs.jpg HTTP/1.1" 200 1079983 "http://semicomplete.com/presentations/logstash-scale11x/" "Mozilla/5.0 (Windows NT 6.1; WOW64; rv:27.0) Gecko/20100101 Firefox/27.0"
91.217.86.20 - - [11/May/2022:22:43:39 +0000] "GET /presentations/logstash-scale11x/images/tiered-redis-output.jpg HTTP/1.1" 200 1221927 "http://semicomplete.com/presentations/logstash-scale11x/" "Mozilla/5.0 (Windows NT 6.1; WOW64; rv:27.0) Gecko/20100101 Firefox/27.0"
91.217.86.20 - - [11/May/2022:22:43:40 +0000] "GET /presentations/logstash-scale11x/images/tiered-redis-input-complete.jpg HTTP/1.1" 200 1103268 "http://semicomplete.com/presentations/logstash-scale11x/" "Mozilla/5.0 (Windows NT 6.1; WOW64; rv:27.0) Gecko/20100101 Firefox/27.0"
91.217.86.20 - - [11/May/2022:22:43:39 +0000] "GET /presentations/logstash-scale11x/images/tiered-redis-input.jpg HTTP/1.1" 200 1046727 "http://semicomplete.com/presentations/logstash-scale11x/" "Mozilla/5.0 (Windows NT 6.1; WOW64; rv:27.0) Gecko/20100101 Firefox/27.0"
91.217.86.20 - - [11/May/2022:22:43:41 +0000] "GET /presentations/logstash-scale11x/images/logstashbook.png HTTP/1.1" 200 54662 "http://semicomplete.com/presentations/logstash-scale11x/" "Mozilla/5.0 (Windows NT 6.1; WOW64; rv:27.0) Gecko/20100101 Firefox/27.0"
91.217.86.20 - - [11/May/2022:22:43:44 +0000] "GET /favicon.ico HTTP/1.1" 200 3638 "-" "Mozilla/5.0 (Windows NT 6.1; WOW64; rv:27.0) Gecko/20100101 Firefox/27.0"
91.217.86.20 - - [11/May/2022:22:43:38 +0000] "GET /presentations/logstash-scale11x/images/tiered-outputs-to-inputs-redis.jpg HTTP/1.1" 200 2763364 "http://semicomplete.com/presentations/logstash-scale11x/" "Mozilla/5.0 (Windows NT 6.1; WOW64; rv:27.0) Gecko/20100101 Firefox/27.0"
81.169.149.220 - - [11/May/2022:22:43:56 +0000] "GET /blog/geekery/xvfb-firefox.html HTTP/1.1" 200 10975 "-" "Mozilla/5.0 (X11; Ubuntu; Linux x86_64; rv:26.0) Gecko/20100101 Firefox/26.0"
81.169.149.220 - - [11/May/2022:22:43:57 +0000] "GET /reset.css HTTP/1.1" 200 1015 "http://www.semicomplete.com/blog/geekery/xvfb-firefox.html" "Mozilla/5.0 (X11; Ubuntu; Linux x86_64; rv:26.0) Gecko/20100101 Firefox/26.0"
81.169.149.220 - - [11/May/2022:22:43:57 +0000] "GET /images/jordan-80.png HTTP/1.1" 200 6146 "http://www.semicomplete.com/blog/geekery/xvfb-firefox.html" "Mozilla/5.0 (X11; Ubuntu; Linux x86_64; rv:26.0) Gecko/20100101 Firefox/26.0"
81.169.149.220 - - [11/May/2022:22:43:57 +0000] "GET /style2.css HTTP/1.1" 200 4877 "http://www.semicomplete.com/blog/geekery/xvfb-firefox.html" "Mozilla/5.0 (X11; Ubuntu; Linux x86_64; rv:26.0) Gecko/20100101 Firefox/26.0"
81.169.149.220 - - [11/May/2022:22:43:57 +0000] "GET /images/web/2009/banner.png HTTP/1.1" 200 52315 "http://www.semicomplete.com/style2.css" "Mozilla/5.0 (X11; Ubuntu; Linux x86_64; rv:26.0) Gecko/20100101 Firefox/26.0"
83.17.68.238 - - [11/May/2022:22:44:10 +0000] "GET /reset.css HTTP/1.1" 200 1015 "http://www.semicomplete.com/blog/geekery/puppet-nodelessconfiguration.html" "Mozilla/5.0 (Windows NT 6.1; WOW64) AppleWebKit/537.36 (KHTML, like Gecko) Chrome/32.0.1700.107 Safari/537.36"
83.17.68.238 - - [11/May/2022:22:44:10 +0000] "GET /blog/geekery/puppet-nodelessconfiguration.html HTTP/1.1" 404 7861 "-" "Mozilla/5.0 (Windows NT 6.1; WOW64) AppleWebKit/537.36 (KHTML, like Gecko) Chrome/32.0.1700.107 Safari/537.36"
83.17.68.238 - - [11/May/2022:22:44:10 +0000] "GET /style2.css HTTP/1.1" 200 4877 "http://www.semicomplete.com/blog/geekery/puppet-nodelessconfiguration.html" "Mozilla/5.0 (Windows NT 6.1; WOW64) AppleWebKit/537.36 (KHTML, like Gecko) Chrome/32.0.1700.107 Safari/537.36"
83.17.68.238 - - [11/May/2022:22:44:11 +0000] "GET /images/jordan-80.png HTTP/1.1" 200 6146 "http://www.semicomplete.com/blog/geekery/puppet-nodelessconfiguration.html" "Mozilla/5.0 (Windows NT 6.1; WOW64) AppleWebKit/537.36 (KHTML, like Gecko) Chrome/32.0.1700.107 Safari/537.36"
83.17.68.238 - - [11/May/2022:22:44:11 +0000] "GET /images/web/2009/banner.png HTTP/1.1" 200 52315 "http://www.semicomplete.com/blog/geekery/puppet-nodelessconfiguration.html" "Mozilla/5.0 (Windows NT 6.1; WOW64) AppleWebKit/537.36 (KHTML, like Gecko) Chrome/32.0.1700.107 Safari/537.36"
83.17.68.238 - - [11/May/2022:22:44:13 +0000] "GET /favicon.ico HTTP/1.1" 200 3638 "-" "Mozilla/5.0 (Windows NT 6.1; WOW64) AppleWebKit/537.36 (KHTML, like Gecko) Chrome/32.0.1700.107 Safari/537.36"
83.17.68.238 - - [11/May/2022:22:44:45 +0000] "GET /blog/geekery/puppet-nodeless-configuration HTTP/1.1" 200 10301 "https://www.google.pl/" "Mozilla/5.0 (Windows NT 6.1; WOW64) AppleWebKit/537.36 (KHTML, like Gecko) Chrome/32.0.1700.107 Safari/537.36"
82.69.6.162 - - [11/May/2022:22:44:49 +0000] "GET /articles/dynamic-dns-with-dhcp/ HTTP/1.1" 200 18848 "http://ubuntuforums.org/showthread.php?t=2003644" "Mozilla/5.0 (X11; Linux x86_64) AppleWebKit/537.36 (KHTML, like Gecko) Chrome/32.0.1700.107 Safari/537.36"
180.76.6.16 - - [11/May/2022:22:44:48 +0000] "GET /robots.txt HTTP/1.1" 200 - "-" "Mozilla/5.0 (Windows NT 5.1; rv:6.0.2) Gecko/20100101 Firefox/6.0.2"
91.201.56.193 - - [11/May/2022:22:45:02 +0000] "GET /articles/dynamic-dns-with-dhcp/ HTTP/1.0" 200 18848 "http://www.google.ch/url?sa=t&rct=j&q=&esrc=s&source=web&cd=4&ved=0CEQQFjAD&url=http%3A%2F%2Fwww.semicomplete.com%2Farticles%2Fdynamic-dns-with-dhcp%2F&ei=AssEU8-XFYHX7Ab1voHwCA&usg=AFQjCNEF1X4Rs52UYQyLiySTQxa97ozM4g&sig2=YvqjQuwXYDUdSlVycrX0RQ&bvm=bv.61535280,d.ZGU&cad=rja" "Mozilla/5.0 (X11; Linux i686; rv:26.0) Gecko/20100101 Firefox/26.0"
91.201.56.193 - - [11/May/2022:22:45:02 +0000] "GET /style2.css HTTP/1.0" 200 4877 "http://www.semicomplete.com/articles/dynamic-dns-with-dhcp/" "Mozilla/5.0 (X11; Linux i686; rv:26.0) Gecko/20100101 Firefox/26.0"
37.239.2.79 - - [11/May/2022:22:42:26 +0000] "GET /images/googledotcom.png HTTP/1.0" 200 65748 "-" "Mozilla/5.0 (Linux; Android 4.2.2; ar-ae; SAMSUNG GT-I9192 Build/JDQ39) AppleWebKit/535.19 (KHTML, like Gecko) Version/1.0 Chrome/18.0.1025.308 Mobile Safari/535.19"
91.201.56.193 - - [11/May/2022:22:45:02 +0000] "GET /reset.css HTTP/1.0" 200 1015 "http://www.semicomplete.com/articles/dynamic-dns-with-dhcp/" "Mozilla/5.0 (X11; Linux i686; rv:26.0) Gecko/20100101 Firefox/26.0"
91.201.56.193 - - [11/May/2022:22:45:03 +0000] "GET /images/jordan-80.png HTTP/1.0" 200 6146 "http://www.semicomplete.com/articles/dynamic-dns-with-dhcp/" "Mozilla/5.0 (X11; Linux i686; rv:26.0) Gecko/20100101 Firefox/26.0"
91.201.56.193 - - [11/May/2022:22:45:04 +0000] "GET /images/web/2009/banner.png HTTP/1.0" 200 52315 "http://www.semicomplete.com/style2.css" "Mozilla/5.0 (X11; Linux i686; rv:26.0) Gecko/20100101 Firefox/26.0"
91.201.56.193 - - [11/May/2022:22:45:04 +0000] "GET /favicon.ico HTTP/1.0" 200 3638 "-" "Mozilla/5.0 (X11; Linux i686; rv:26.0) Gecko/20100101 Firefox/26.0"
83.17.68.238 - - [11/May/2022:22:45:14 +0000] "GET /blog/geekery/puppet-nodeless-configuration HTTP/1.1" 200 10301 "-" "Mozilla/5.0 (Windows NT 6.1; WOW64) AppleWebKit/537.36 (KHTML, like Gecko) Chrome/32.0.1700.107 Safari/537.36"
183.60.213.105 - - [11/May/2022:22:45:17 +0000] "GET /blog/tags/shmoocon2007 HTTP/1.1" 200 14763 "-" "Mozilla/5.0 (compatible; EasouSpider; +http://www.easou.com/search/spider.html)"
180.76.5.17 - - [11/May/2022:22:45:12 +0000] "GET /robots.txt HTTP/1.1" 200 - "-" "Mozilla/5.0 (Windows NT 5.1; rv:6.0.2) Gecko/20100101 Firefox/6.0.2"
107.170.40.205 - - [11/May/2022:22:46:10 +0000] "GET /?flav=atom HTTP/1.1" 200 32352 "-" "Feedbin - 1 subscribers"
208.115.113.88 - - [11/May/2022:22:46:38 +0000] "GET /robots.txt HTTP/1.1" 200 - "-" "Mozilla/5.0 (compatible; Ezooms/1.0; help@moz.com)"
208.115.113.88 - - [11/May/2022:22:46:38 +0000] "GET /robots.txt HTTP/1.1" 200 - "-" "Mozilla/5.0 (compatible; Ezooms/1.0; help@moz.com)"
46.105.14.53 - - [11/May/2022:22:46:55 +0000] "GET /blog/tags/puppet?flav=rss20 HTTP/1.1" 200 14872 "-" "UniversalFeedParser/4.2-pre-314-svn +http://feedparser.org/"
139.19.228.4 - - [11/May/2022:22:46:42 +0000] "GET /projects/xdotool/xdotool.xhtml HTTP/1.1" 200 50112 "http://www.google.com/url?sa=t&rct=j&q=&esrc=s&source=web&cd=4&ved=0CDgQFjAD&url=http%3A%2F%2Fwww.semicomplete.com%2Fprojects%2Fxdotool%2Fxdotool.xhtml&ei=aMsEU-yfFcroswbu8YCACQ&usg=AFQjCNFwZFAI0RQdN_N0kFH-oj8cLsJRNQ&bvm=bv.61535280,d.Yms&cad=rja" "Mozilla/5.0 (X11; Linux x86_64; rv:23.0) Gecko/20100101 Firefox/23.0 Iceweasel/23.0"
64.72.75.194 - - [11/May/2022:22:46:44 +0000] "GET / HTTP/1.1" 200 37932 "-" "Mozilla/5.0 (Macintosh; Intel Mac OS X 10_9_1) AppleWebKit/537.73.11 (KHTML, like Gecko) Version/7.0.1 Safari/537.73.11"
139.19.228.4 - - [11/May/2022:22:46:43 +0000] "GET /favicon.ico HTTP/1.1" 200 3638 "-" "Mozilla/5.0 (X11; Linux x86_64; rv:23.0) Gecko/20100101 Firefox/23.0 Iceweasel/23.0"
82.35.232.46 - - [11/May/2022:22:47:31 +0000] "GET /blog/geekery/puppet-nodeless-configuration HTTP/1.1" 200 10301 "http://java.dzone.com/articles/test-driven-infrastructure" "Mozilla/5.0 (Windows NT 6.1; WOW64) AppleWebKit/537.36 (KHTML, like Gecko) Chrome/32.0.1700.107 Safari/537.36"
82.35.232.46 - - [11/May/2022:22:47:32 +0000] "GET /images/jordan-80.png HTTP/1.1" 200 6146 "http://www.semicomplete.com/blog/geekery/puppet-nodeless-configuration" "Mozilla/5.0 (Windows NT 6.1; WOW64) AppleWebKit/537.36 (KHTML, like Gecko) Chrome/32.0.1700.107 Safari/537.36"
82.35.232.46 - - [11/May/2022:22:47:32 +0000] "GET /style2.css HTTP/1.1" 200 4877 "http://www.semicomplete.com/blog/geekery/puppet-nodeless-configuration" "Mozilla/5.0 (Windows NT 6.1; WOW64) AppleWebKit/537.36 (KHTML, like Gecko) Chrome/32.0.1700.107 Safari/537.36"
82.35.232.46 - - [11/May/2022:22:47:32 +0000] "GET /reset.css HTTP/1.1" 200 1015 "http://www.semicomplete.com/blog/geekery/puppet-nodeless-configuration" "Mozilla/5.0 (Windows NT 6.1; WOW64) AppleWebKit/537.36 (KHTML, like Gecko) Chrome/32.0.1700.107 Safari/537.36"
