178.24.169.81 - - [12/May/2022:01:54:13 +0000] "GET /style2.css HTTP/1.1" 200 4877 "http://www.semicomplete.com/blog/geekery/xvfb-firefox.html" "Mozilla/5.0 (X11; Linux x86_64; rv:26.0) Gecko/20100101 Firefox/26.0"
178.24.169.81 - - [12/May/2022:01:54:13 +0000] "GET /reset.css HTTP/1.1" 200 1015 "http://www.semicomplete.com/blog/geekery/xvfb-firefox.html" "Mozilla/5.0 (X11; Linux x86_64; rv:26.0) Gecko/20100101 Firefox/26.0"
178.24.169.81 - - [12/May/2022:01:54:13 +0000] "GET /favicon.ico HTTP/1.1" 200 3638 "-" "Mozilla/5.0 (X11; Linux x86_64; rv:26.0) Gecko/20100101 Firefox/26.0"
75.254.149.125 - - [12/May/2022:01:53:59 +0000] "GET /resume.xml HTTP/1.1" 200 25606 "https://www.google.com/" "Mozilla/5.0 (Windows NT 6.2; WOW64) AppleWebKit/537.36 (KHTML, like Gecko) Chrome/32.0.1700.107 Safari/537.36"
178.24.169.81 - - [12/May/2022:01:54:13 +0000] "GET /images/web/2009/banner.png HTTP/1.1" 200 52315 "http://www.semicomplete.com/style2.css" "Mozilla/5.0 (X11; Linux x86_64; rv:26.0) Gecko/20100101 Firefox/26.0"
178.24.169.81 - - [12/May/2022:01:54:13 +0000] "GET /images/jordan-80.png HTTP/1.1" 200 6146 "http://www.semicomplete.com/blog/geekery/xvfb-firefox.html" "Mozilla/5.0 (X11; Linux x86_64; rv:26.0) Gecko/20100101 Firefox/26.0"
75.254.149.125 - - [12/May/2022:01:54:45 +0000] "GET /resume.css HTTP/1.1" 200 986 "http://www.semicomplete.com/resume.xml" "Mozilla/5.0 (Windows NT 6.2; WOW64) AppleWebKit/537.36 (KHTML, like Gecko) Chrome/32.0.1700.107 Safari/537.36"
75.254.149.125 - - [12/May/2022:01:54:56 +0000] "GET /favicon.ico HTTP/1.1" 200 3638 "-" "Mozilla/5.0 (Windows NT 6.2; WOW64) AppleWebKit/537.36 (KHTML, like Gecko) Chrome/32.0.1700.107 Safari/537.36"
5.10.83.53 - - [12/May/2022:01:54:25 +0000] "GET /blog/tags/os HTTP/1.1" 200 9667 "-" "Mozilla/5.0 (compatible; AhrefsBot/5.0; +http://ahrefs.com/robot/)"
66.249.73.135 - - [12/May/2022:01:55:18 +0000] "GET /?flav=atom HTTP/1.1" 200 32352 "-" "Mozilla/5.0 (compatible; Googlebot/2.1; +http://www.google.com/bot.html)"
183.60.213.105 - - [12/May/2022:01:55:44 +0000] "GET /projects/xboxproxy/ HTTP/1.1" 200 13171 "-" "Mozilla/5.0 (compatible; EasouSpider; +http://www.easou.com/search/spider.html)"
193.251.60.167 - - [11/May/2022:22:01:16 +0000] "GET /style2.css HTTP/1.1" 200 4877 "http://www.semicomplete.com/projects/xdotool/" "Mozilla/5.0 (Windows NT 6.3; WOW64) AppleWebKit/537.36 (KHTML, like Gecko) Chrome/32.0.1700.107 Safari/537.36"
193.251.60.167 - - [11/May/2022:22:01:16 +0000] "GET /images/jordan-80.png HTTP/1.1" 200 6146 "http://www.semicomplete.com/projects/xdotool/" "Mozilla/5.0 (Windows NT 6.3; WOW64) AppleWebKit/537.36 (KHTML, like Gecko) Chrome/32.0.1700.107 Safari/537.36"
193.251.60.167 - - [11/May/2022:22:01:16 +0000] "GET /projects/xdotool/xdotool.xhtml HTTP/1.1" 200 50112 "https://www.google.fr/" "Mozilla/5.0 (Windows NT 6.3; WOW64) AppleWebKit/537.36 (KHTML, like Gecko) Chrome/32.0.1700.107 Safari/537.36"
193.251.60.167 - - [11/May/2022:22:01:17 +0000] "GET /favicon.ico HTTP/1.1" 200 3638 "-" "Mozilla/5.0 (Windows NT 6.3; WOW64) AppleWebKit/537.36 (KHTML, like Gecko) Chrome/32.0.1700.107 Safari/537.36"
193.251.60.167 - - [11/May/2022:22:01:19 +0000] "GET /images/web/2009/banner.png HTTP/1.1" 200 52315 "http://www.semicomplete.com/projects/xdotool/" "Mozilla/5.0 (Windows NT 6.3; WOW64) AppleWebKit/537.36 (KHTML, like Gecko) Chrome/32.0.1700.107 Safari/537.36"
46.105.14.53 - - [11/May/2022:22:01:26 +0000] "GET /blog/tags/puppet?flav=rss20 HTTP/1.1" 200 14872 "-" "UniversalFeedParser/4.2-pre-314-svn +http://feedparser.org/"
66.249.73.135 - - [11/May/2022:22:01:30 +0000] "GET / HTTP/1.1" 200 37932 "-" "DoCoMo/2.0 N905i(c100;TB;W24H16) (compatible; Googlebot-Mobile/2.1; +http://www.google.com/bot.html)"
82.225.26.41 - - [11/May/2022:22:01:32 +0000] "GET /projects/xdotool/xdotool.xhtml HTTP/1.1" 200 50112 "http://www.semicomplete.com/projects/xdotool/" "Mozilla/5.0 (Macintosh; Intel Mac OS X 10_9_1) AppleWebKit/537.73.11 (KHTML, like Gecko) Version/7.0.1 Safari/537.73.11"
5.10.83.66 - - [11/May/2022:22:01:51 +0000] "GET /files/blogposts/20080107/ HTTP/1.1" 200 996 "-" "Mozilla/5.0 (compatible; AhrefsBot/5.0; +http://ahrefs.com/robot/)"
68.180.224.225 - - [11/May/2022:22:02:10 +0000] "GET /?page=2 HTTP/1.1" 200 36673 "-" "Mozilla/5.0 (compatible; Yahoo! Slurp; http://help.yahoo.com/help/us/ysearch/slurp)"
5.10.83.91 - - [11/May/2022:22:02:40 +0000] "GET /blog/tags/c++?page=1 HTTP/1.1" 200 27925 "-" "Mozilla/5.0 (compatible; AhrefsBot/5.0; +http://ahrefs.com/robot/)"
37.59.212.158 - - [11/May/2022:22:02:28 +0000] "GET /projects/xdotool/xdotool.xhtml HTTP/1.1" 200 50112 "http://www.google.fr/url?sa=t&rct=j&q=&esrc=s&source=web&cd=1&cad=rja&ved=0CDIQFjAA&url=http%3A%2F%2Fwww.semicomplete.com%2Fprojects%2Fxdotool%2Fxdotool.xhtml&ei=DMEEU4yEJLOe7AaTiYGgCA&usg=AFQjCNFwZFAI0RQdN_N0kFH-oj8cLsJRNQ&sig2=eQYxDy-GDwYqBAncW_XhUw&bvm=bv.61535280,d.bGE" "Mozilla/5.0 (Windows NT 5.1; rv:27.0) Gecko/20100101 Firefox/27.0"
37.59.212.158 - - [11/May/2022:22:02:34 +0000] "GET /favicon.ico HTTP/1.1" 200 3638 "-" "Mozilla/5.0 (Windows NT 5.1; rv:27.0) Gecko/20100101 Firefox/27.0"
203.116.198.118 - - [11/May/2022:22:03:29 +0000] "GET /articles/ssh-security/ HTTP/1.1" 200 16543 "http://www.google.com.sg/url?sa=t&rct=j&q=&esrc=s&source=web&cd=1&ved=0CCcQFjAA&url=http%3A%2F%2Fwww.semicomplete.com%2Farticles%2Fssh-security%2F&ei=S8EEU_XoE9TyyAG7ooHwCQ&usg=AFQjCNHWyA_svkWgk70ovEbZidQhlAC84w&bvm=bv.61535280,d.aWc" "Mozilla/5.0 (Windows NT 6.1; WOW64; rv:27.0) Gecko/20100101 Firefox/27.0"
183.77.213.209 - - [11/May/2022:22:03:57 +0000] "GET /reset.css HTTP/1.1" 200 1015 "http://www.semicomplete.com/" "Mozilla/5.0 (Macintosh; Intel Mac OS X 10.7; rv:27.0) Gecko/20100101 Firefox/27.0"
183.77.213.209 - - [11/May/2022:22:03:57 +0000] "GET / HTTP/1.1" 200 37932 "http://t.co/P6vw4TTqWs" "Mozilla/5.0 (Macintosh; Intel Mac OS X 10.7; rv:27.0) Gecko/20100101 Firefox/27.0"
183.77.213.209 - - [11/May/2022:22:03:57 +0000] "GET /style2.css HTTP/1.1" 200 4877 "http://www.semicomplete.com/" "Mozilla/5.0 (Macintosh; Intel Mac OS X 10.7; rv:27.0) Gecko/20100101 Firefox/27.0"
117.245.8.149 - - [11/May/2022:21:59:24 +0000] "GET /images/googledotcom.png HTTP/1.1" 200 65748 "http://www.google.co.in/search?redir_esc=&hl=en&client=tablet-unknown&source=android-search-app&v=200400000&qsubts=1392820281865&q=https%3A%2F%2Fwww.google.com&tbm=isch&safe=images&biw=800&bih=339&aqs=0.0l3&oq=https%3A%2F%2Fwww.goog%2C&dbl=1&noj=1" "Mozilla/5.0 (Linux; U; Android 4.1.2; en-us; ET7142G-B13 Build/JZO54K) AppleWebKit/534.30 (KHTML, like Gecko) Version/4.0 Safari/534.30 GSA/2.0.0.392829"
183.77.213.209 - - [11/May/2022:22:03:58 +0000] "GET /favicon.ico HTTP/1.1" 200 3638 "-" "Mozilla/5.0 (Macintosh; Intel Mac OS X 10.7; rv:27.0) Gecko/20100101 Firefox/27.0"
183.77.213.209 - - [11/May/2022:22:03:58 +0000] "GET /images/jordan-80.png HTTP/1.1" 200 6146 "http://www.semicomplete.com/" "Mozilla/5.0 (Macintosh; Intel Mac OS X 10.7; rv:27.0) Gecko/20100101 Firefox/27.0"
183.77.213.209 - - [11/May/2022:22:03:58 +0000] "GET /images/web/2009/banner.png HTTP/1.1" 200 52315 "http://www.semicomplete.com/style2.css" "Mozilla/5.0 (Macintosh; Intel Mac OS X 10.7; rv:27.0) Gecko/20100101 Firefox/27.0"
193.169.70.108 - - [11/May/2022:22:04:06 +0000] "GET /blog/tags/smart HTTP/1.1" 200 10068 "https://www.google.com/" "Mozilla/5.0 (Windows NT 6.1; WOW64) AppleWebKit/537.36 (KHTML, like Gecko) Chrome/32.0.1700.107 Safari/537.36"
193.169.70.108 - - [11/May/2022:22:04:07 +0000] "GET /style2.css HTTP/1.1" 200 4877 "http://www.semicomplete.com/blog/tags/smart" "Mozilla/5.0 (Windows NT 6.1; WOW64) AppleWebKit/537.36 (KHTML, like Gecko) Chrome/32.0.1700.107 Safari/537.36"
193.169.70.108 - - [11/May/2022:22:04:07 +0000] "GET /reset.css HTTP/1.1" 200 1015 "http://www.semicomplete.com/blog/tags/smart" "Mozilla/5.0 (Windows NT 6.1; WOW64) AppleWebKit/537.36 (KHTML, like Gecko) Chrome/32.0.1700.107 Safari/537.36"
193.169.70.108 - - [11/May/2022:22:04:07 +0000] "GET /images/jordan-80.png HTTP/1.1" 200 6146 "http://www.semicomplete.com/blog/tags/smart" "Mozilla/5.0 (Windows NT 6.1; WOW64) AppleWebKit/537.36 (KHTML, like Gecko) Chrome/32.0.1700.107 Safari/537.36"
89.111.232.226 - - [11/May/2022:22:04:20 +0000] "GET /favicon.ico HTTP/1.1" 200 3638 "-" "Mozilla/5.0 (X11; Ubuntu; Linux x86_64; rv:27.0) Gecko/20100101 Firefox/27.0"
193.169.70.108 - - [11/May/2022:22:04:07 +0000] "GET /images/web/2009/banner.png HTTP/1.1" 200 52315 "http://www.semicomplete.com/blog/tags/smart" "Mozilla/5.0 (Windows NT 6.1; WOW64) AppleWebKit/537.36 (KHTML, like Gecko) Chrome/32.0.1700.107 Safari/537.36"
68.180.224.225 - - [11/May/2022:22:04:24 +0000] "GET /files/xdotool/docs/latex/ HTTP/1.1" 200 4179 "-" "Mozilla/5.0 (compatible; Yahoo! Slurp; http://help.yahoo.com/help/us/ysearch/slurp)"
88.80.182.81 - - [11/May/2022:22:04:49 +0000] "GET /blog/articles/week-of-unix-tools/day-2-cut-and-paste.html HTTP/1.1" 200 13312 "http://www.google.com/url?sa=t&rct=j&q=&esrc=s&source=web&cd=9&ved=0CHoQFjAI&url=http%3A%2F%2Fwww.semicomplete.com%2Fblog%2Farticles%2Fweek-of-unix-tools%2Fday-2-cut-and-paste.html&ei=VcEEU6yaBIvNygOcxYCYDg&usg=AFQjCNFWo16Zhlc_FWukK1y4KwVjaTlLQw&sig2=9ymAJuq18ujeGjFmxx4_0g&bvm=bv.61535280,d.bGQ" "Mozilla/5.0 (X11; Linux x86_64; rv:27.0) Gecko/20100101 Firefox/27.0"
88.80.182.81 - - [11/May/2022:22:04:50 +0000] "GET /style2.css HTTP/1.1" 200 4877 "http://www.semicomplete.com/blog/articles/week-of-unix-tools/day-2-cut-and-paste.html" "Mozilla/5.0 (X11; Linux x86_64; rv:27.0) Gecko/20100101 Firefox/27.0"
88.80.182.81 - - [11/May/2022:22:04:50 +0000] "GET /reset.css HTTP/1.1" 200 1015 "http://www.semicomplete.com/blog/articles/week-of-unix-tools/day-2-cut-and-paste.html" "Mozilla/5.0 (X11; Linux x86_64; rv:27.0) Gecko/20100101 Firefox/27.0"
88.80.182.81 - - [11/May/2022:22:04:50 +0000] "GET /favicon.ico HTTP/1.1" 200 3638 "-" "Mozilla/5.0 (X11; Linux x86_64; rv:27.0) Gecko/20100101 Firefox/27.0"
88.80.182.81 - - [11/May/2022:22:04:50 +0000] "GET /images/jordan-80.png HTTP/1.1" 200 6146 "http://www.semicomplete.com/blog/articles/week-of-unix-tools/day-2-cut-and-paste.html" "Mozilla/5.0 (X11; Linux x86_64; rv:27.0) Gecko/20100101 Firefox/27.0"
88.80.182.81 - - [11/May/2022:22:04:50 +0000] "GET /images/web/2009/banner.png HTTP/1.1" 200 52315 "http://www.semicomplete.com/style2.css" "Mozilla/5.0 (X11; Linux x86_64; rv:27.0) Gecko/20100101 Firefox/27.0"
66.249.73.135 - - [11/May/2022:22:05:19 +0000] "GET /blog/geekery/218.html HTTP/1.1" 200 11005 "-" "Mozilla/5.0 (iPhone; CPU iPhone OS 6_0 like Mac OS X) AppleWebKit/536.26 (KHTML, like Gecko) Version/6.0 Mobile/10A5376e Safari/8536.25 (compatible; Googlebot/2.1; +http://www.google.com/bot.html)"
68.180.224.225 - - [11/May/2022:22:05:32 +0000] "GET /blog/tags/classifier HTTP/1.1" 200 10301 "-" "Mozilla/5.0 (compatible; Yahoo! Slurp; http://help.yahoo.com/help/us/ysearch/slurp)"
157.56.92.162 - - [11/May/2022:22:05:38 +0000] "GET /blog/geekery/pyblosxom-mdate-vim-hack.html?commentlimit=0 HTTP/1.1" 200 10331 "-" "Mozilla/5.0 (compatible; bingbot/2.0; +http://www.bing.com/bingbot.htm)"
209.85.238.199 - - [11/May/2022:22:05:53 +0000] "GET /blog/tags/firefox?flav=rss20 HTTP/1.1" 200 16021 "-" "Feedfetcher-Google; (+http://www.google.com/feedfetcher.html; 3 subscribers; feed-id=14171215010336145331)"
194.250.201.217 - - [11/May/2022:22:05:54 +0000] "GET /presentations/logstash-puppetconf-2012/ HTTP/1.1" 200 37269 "http://logstash.net/docs/1.3.3/learn" "Mozilla/5.0 (Windows NT 6.1; WOW64) AppleWebKit/537.36 (KHTML, like Gecko) Chrome/32.0.1700.107 Safari/537.36"
194.250.201.217 - - [11/May/2022:22:05:54 +0000] "GET /presentations/logstash-puppetconf-2012/css/preso.css HTTP/1.1" 200 659 "http://semicomplete.com/presentations/logstash-puppetconf-2012/" "Mozilla/5.0 (Windows NT 6.1; WOW64) AppleWebKit/537.36 (KHTML, like Gecko) Chrome/32.0.1700.107 Safari/537.36"
194.250.201.217 - - [11/May/2022:22:05:54 +0000] "GET /presentations/logstash-puppetconf-2012/css/reset.css HTTP/1.1" 200 1382 "http://semicomplete.com/presentations/logstash-puppetconf-2012/" "Mozilla/5.0 (Windows NT 6.1; WOW64) AppleWebKit/537.36 (KHTML, like Gecko) Chrome/32.0.1700.107 Safari/537.36"
194.250.201.217 - - [11/May/2022:22:05:54 +0000] "GET /presentations/logstash-puppetconf-2012/lib/css/zenburn.css HTTP/1.1" 200 1791 "http://semicomplete.com/presentations/logstash-puppetconf-2012/" "Mozilla/5.0 (Windows NT 6.1; WOW64) AppleWebKit/537.36 (KHTML, like Gecko) Chrome/32.0.1700.107 Safari/537.36"
194.250.201.217 - - [11/May/2022:22:05:54 +0000] "GET /presentations/logstash-puppetconf-2012/css/main.css HTTP/1.1" 200 26498 "http://semicomplete.com/presentations/logstash-puppetconf-2012/" "Mozilla/5.0 (Windows NT 6.1; WOW64) AppleWebKit/537.36 (KHTML, like Gecko) Chrome/32.0.1700.107 Safari/537.36"
194.250.201.217 - - [11/May/2022:22:05:55 +0000] "GET /presentations/logstash-puppetconf-2012/lib/js/head.min.js HTTP/1.1" 200 3170 "http://semicomplete.com/presentations/logstash-puppetconf-2012/" "Mozilla/5.0 (Windows NT 6.1; WOW64) AppleWebKit/537.36 (KHTML, like Gecko) Chrome/32.0.1700.107 Safari/537.36"
194.250.201.217 - - [11/May/2022:22:05:55 +0000] "GET /presentations/logstash-puppetconf-2012/images/nagios-sms2.png HTTP/1.1" 200 60656 "http://semicomplete.com/presentations/logstash-puppetconf-2012/" "Mozilla/5.0 (Windows NT 6.1; WOW64) AppleWebKit/537.36 (KHTML, like Gecko) Chrome/32.0.1700.107 Safari/537.36"
194.250.201.217 - - [11/May/2022:22:05:54 +0000] "GET /presentations/logstash-puppetconf-2012/images/logstash.png HTTP/1.1" 200 47731 "http://semicomplete.com/presentations/logstash-puppetconf-2012/" "Mozilla/5.0 (Windows NT 6.1; WOW64) AppleWebKit/537.36 (KHTML, like Gecko) Chrome/32.0.1700.107 Safari/537.36"
194.250.201.217 - - [11/May/2022:22:05:55 +0000] "GET /presentations/logstash-puppetconf-2012/images/nagios-sms3.png HTTP/1.1" 200 65917 "http://semicomplete.com/presentations/logstash-puppetconf-2012/" "Mozilla/5.0 (Windows NT 6.1; WOW64) AppleWebKit/537.36 (KHTML, like Gecko) Chrome/32.0.1700.107 Safari/537.36"
194.250.201.217 - - [11/May/2022:22:05:57 +0000] "GET /presentations/logstash-puppetconf-2012/images/nagios-sms5.png HTTP/1.1" 200 78075 "http://semicomplete.com/presentations/logstash-puppetconf-2012/" "Mozilla/5.0 (Windows NT 6.1; WOW64) AppleWebKit/537.36 (KHTML, like Gecko) Chrome/32.0.1700.107 Safari/537.36"
194.250.201.217 - - [11/May/2022:22:05:58 +0000] "GET /presentations/logstash-puppetconf-2012/images/nagios-sms1.png HTTP/1.1" 200 55478 "http://semicomplete.com/presentations/logstash-puppetconf-2012/" "Mozilla/5.0 (Windows NT 6.1; WOW64) AppleWebKit/537.36 (KHTML, like Gecko) Chrome/32.0.1700.107 Safari/537.36"
194.250.201.217 - - [11/May/2022:22:05:57 +0000] "GET /presentations/logstash-puppetconf-2012/images/nagios-sms4.png HTTP/1.1" 200 72949 "http://semicomplete.com/presentations/logstash-puppetconf-2012/" "Mozilla/5.0 (Windows NT 6.1; WOW64) AppleWebKit/537.36 (KHTML, like Gecko) Chrome/32.0.1700.107 Safari/537.36"
194.250.201.217 - - [11/May/2022:22:05:59 +0000] "GET /presentations/logstash-puppetconf-2012/images/office-space-printer-beat-down-gif.gif HTTP/1.1" 404 364 "http://semicomplete.com/presentations/logstash-puppetconf-2012/" "Mozilla/5.0 (Windows NT 6.1; WOW64) AppleWebKit/537.36 (KHTML, like Gecko) Chrome/32.0.1700.107 Safari/537.36"
194.250.201.217 - - [11/May/2022:22:05:58 +0000] "GET /presentations/logstash-puppetconf-2012/images/nagios-sms6.png HTTP/1.1" 200 82859 "http://semicomplete.com/presentations/logstash-puppetconf-2012/" "Mozilla/5.0 (Windows NT 6.1; WOW64) AppleWebKit/537.36 (KHTML, like Gecko) Chrome/32.0.1700.107 Safari/537.36"
194.250.201.217 - - [11/May/2022:22:05:59 +0000] "GET /presentations/logstash-puppetconf-2012/images/pc-load-letter.jpg HTTP/1.1" 200 71808 "http://semicomplete.com/presentations/logstash-puppetconf-2012/" "Mozilla/5.0 (Windows NT 6.1; WOW64) AppleWebKit/537.36 (KHTML, like Gecko) Chrome/32.0.1700.107 Safari/537.36"
194.250.201.217 - - [11/May/2022:22:05:59 +0000] "GET /presentations/logstash-puppetconf-2012/images/xkcd-perl.png HTTP/1.1" 200 80663 "http://semicomplete.com/presentations/logstash-puppetconf-2012/" "Mozilla/5.0 (Windows NT 6.1; WOW64) AppleWebKit/537.36 (KHTML, like Gecko) Chrome/32.0.1700.107 Safari/537.36"
194.250.201.217 - - [11/May/2022:22:06:01 +0000] "GET /presentations/logstash-puppetconf-2012/images/xkcd-perlswing-many.png HTTP/1.1" 200 100207 "http://semicomplete.com/presentations/logstash-puppetconf-2012/" "Mozilla/5.0 (Windows NT 6.1; WOW64) AppleWebKit/537.36 (KHTML, like Gecko) Chrome/32.0.1700.107 Safari/537.36"
194.250.201.217 - - [11/May/2022:22:06:02 +0000] "GET /presentations/logstash-puppetconf-2012/images/lifecycle.png HTTP/1.1" 200 9618 "http://semicomplete.com/presentations/logstash-puppetconf-2012/" "Mozilla/5.0 (Windows NT 6.1; WOW64) AppleWebKit/537.36 (KHTML, like Gecko) Chrome/32.0.1700.107 Safari/537.36"
194.250.201.217 - - [11/May/2022:22:05:58 +0000] "GET /presentations/logstash-puppetconf-2012/images/sysadvent.png HTTP/1.1" 200 108497 "http://semicomplete.com/presentations/logstash-puppetconf-2012/" "Mozilla/5.0 (Windows NT 6.1; WOW64) AppleWebKit/537.36 (KHTML, like Gecko) Chrome/32.0.1700.107 Safari/537.36"
194.250.201.217 - - [11/May/2022:22:06:04 +0000] "GET /presentations/logstash-puppetconf-2012/images/kibana-chef-hits-6min-each.png HTTP/1.1" 200 80555 "http://semicomplete.com/presentations/logstash-puppetconf-2012/" "Mozilla/5.0 (Windows NT 6.1; WOW64) AppleWebKit/537.36 (KHTML, like Gecko) Chrome/32.0.1700.107 Safari/537.36"
194.250.201.217 - - [11/May/2022:22:06:04 +0000] "GET /presentations/logstash-puppetconf-2012/images/kibana-chef-agent.png HTTP/1.1" 200 73187 "http://semicomplete.com/presentations/logstash-puppetconf-2012/" "Mozilla/5.0 (Windows NT 6.1; WOW64) AppleWebKit/537.36 (KHTML, like Gecko) Chrome/32.0.1700.107 Safari/537.36"
194.250.201.217 - - [11/May/2022:22:06:03 +0000] "GET /presentations/logstash-puppetconf-2012/images/frontend-response-codes.png HTTP/1.1" 200 52878 "http://semicomplete.com/presentations/logstash-puppetconf-2012/" "Mozilla/5.0 (Windows NT 6.1; WOW64) AppleWebKit/537.36 (KHTML, like Gecko) Chrome/32.0.1700.107 Safari/537.36"
194.250.201.217 - - [11/May/2022:22:06:03 +0000] "GET /presentations/logstash-puppetconf-2012/images/kibana-logstash-downloads.png HTTP/1.1" 200 95058 "http://semicomplete.com/presentations/logstash-puppetconf-2012/" "Mozilla/5.0 (Windows NT 6.1; WOW64) AppleWebKit/537.36 (KHTML, like Gecko) Chrome/32.0.1700.107 Safari/537.36"
194.250.201.217 - - [11/May/2022:22:06:05 +0000] "GET /presentations/logstash-puppetconf-2012/js/reveal.js HTTP/1.1" 200 29108 "http://semicomplete.com/presentations/logstash-puppetconf-2012/" "Mozilla/5.0 (Windows NT 6.1; WOW64) AppleWebKit/537.36 (KHTML, like Gecko) Chrome/32.0.1700.107 Safari/537.36"
194.250.201.217 - - [11/May/2022:22:06:06 +0000] "GET /presentations/logstash-puppetconf-2012/images/psychoaxe.jpg HTTP/1.1" 200 29179 "http://semicomplete.com/presentations/logstash-puppetconf-2012/" "Mozilla/5.0 (Windows NT 6.1; WOW64) AppleWebKit/537.36 (KHTML, like Gecko) Chrome/32.0.1700.107 Safari/537.36"
194.250.201.217 - - [11/May/2022:22:06:01 +0000] "GET /presentations/logstash-puppetconf-2012/images/computer-keyboard-jacket.jpg HTTP/1.1" 200 176805 "http://semicomplete.com/presentations/logstash-puppetconf-2012/" "Mozilla/5.0 (Windows NT 6.1; WOW64) AppleWebKit/537.36 (KHTML, like Gecko) Chrome/32.0.1700.107 Safari/537.36"
194.250.201.217 - - [11/May/2022:22:06:05 +0000] "GET /presentations/logstash-puppetconf-2012/images/trollface.png HTTP/1.1" 200 58123 "http://semicomplete.com/presentations/logstash-puppetconf-2012/" "Mozilla/5.0 (Windows NT 6.1; WOW64) AppleWebKit/537.36 (KHTML, like Gecko) Chrome/32.0.1700.107 Safari/537.36"
194.250.201.217 - - [11/May/2022:22:06:07 +0000] "GET /presentations/logstash-puppetconf-2012/images/stats-negative-min.png HTTP/1.1" 200 46139 "http://semicomplete.com/presentations/logstash-puppetconf-2012/" "Mozilla/5.0 (Windows NT 6.1; WOW64) AppleWebKit/537.36 (KHTML, like Gecko) Chrome/32.0.1700.107 Safari/537.36"
194.250.201.217 - - [11/May/2022:22:06:07 +0000] "GET /presentations/logstash-puppetconf-2012/lib/font/league_gothic-webfont.ttf HTTP/1.1" 200 42324 "http://semicomplete.com/presentations/logstash-puppetconf-2012/" "Mozilla/5.0 (Windows NT 6.1; WOW64) AppleWebKit/537.36 (KHTML, like Gecko) Chrome/32.0.1700.107 Safari/537.36"
194.250.201.217 - - [11/May/2022:22:06:07 +0000] "GET /presentations/logstash-puppetconf-2012/images/apache-negative-duration.png HTTP/1.1" 200 97173 "http://semicomplete.com/presentations/logstash-puppetconf-2012/" "Mozilla/5.0 (Windows NT 6.1; WOW64) AppleWebKit/537.36 (KHTML, like Gecko) Chrome/32.0.1700.107 Safari/537.36"
194.250.201.217 - - [11/May/2022:22:06:08 +0000] "GET /presentations/logstash-puppetconf-2012/css/print.css HTTP/1.1" 200 3995 "http://semicomplete.com/presentations/logstash-puppetconf-2012/" "Mozilla/5.0 (Windows NT 6.1; WOW64) AppleWebKit/537.36 (KHTML, like Gecko) Chrome/32.0.1700.107 Safari/537.36"
5.10.83.53 - - [11/May/2022:22:06:15 +0000] "GET /files/lumberjack/lumberjack_0.0.13_amd64.deb HTTP/1.1" 200 2648550 "-" "Mozilla/5.0 (compatible; AhrefsBot/5.0; +http://ahrefs.com/robot/)"
194.250.201.217 - - [11/May/2022:22:06:01 +0000] "GET /presentations/logstash-puppetconf-2012/images/logs.jpg HTTP/1.1" 200 663847 "http://semicomplete.com/presentations/logstash-puppetconf-2012/" "Mozilla/5.0 (Windows NT 6.1; WOW64) AppleWebKit/537.36 (KHTML, like Gecko) Chrome/32.0.1700.107 Safari/537.36"
194.250.201.217 - - [11/May/2022:22:06:18 +0000] "GET /favicon.ico HTTP/1.1" 200 3638 "-" "Mozilla/5.0 (Windows NT 6.1; WOW64) AppleWebKit/537.36 (KHTML, like Gecko) Chrome/32.0.1700.107 Safari/537.36"
46.105.14.53 - - [11/May/2022:22:06:19 +0000] "GET /blog/tags/puppet?flav=rss20 HTTP/1.1" 200 14872 "-" "UniversalFeedParser/4.2-pre-314-svn +http://feedparser.org/"
185.10.104.195 - - [11/May/2022:22:06:26 +0000] "GET /misc/naughtyhosts HTTP/1.1" 200 4759 "-" "Mozilla/5.0 (compatible; Baiduspider/2.0; +http://www.baidu.com/search/spider.html)"
37.59.212.158 - - [11/May/2022:22:07:02 +0000] "GET /projects/xdotool/ HTTP/1.1" 200 12292 "http://www.linux-pages.com/2011/08/installing-xdotool-missing-xtest/" "Mozilla/5.0 (Windows NT 5.1; rv:27.0) Gecko/20100101 Firefox/27.0"
37.59.212.158 - - [11/May/2022:22:07:02 +0000] "GET /reset.css HTTP/1.1" 200 1015 "http://www.semicomplete.com/projects/xdotool/" "Mozilla/5.0 (Windows NT 5.1; rv:27.0) Gecko/20100101 Firefox/27.0"
213.252.7.178 - - [11/May/2022:22:06:53 +0000] "GET /blog/tags/deb HTTP/1.1" 200 11275 "https://www.google.de/" "Mozilla/5.0 (Macintosh; Intel Mac OS X 10_9_1) AppleWebKit/537.36 (KHTML, like Gecko) Chrome/32.0.1700.107 Safari/537.36"
213.252.7.178 - - [11/May/2022:22:06:53 +0000] "GET /style2.css HTTP/1.1" 200 4877 "http://www.semicomplete.com/blog/tags/deb" "Mozilla/5.0 (Macintosh; Intel Mac OS X 10_9_1) AppleWebKit/537.36 (KHTML, like Gecko) Chrome/32.0.1700.107 Safari/537.36"
37.59.212.158 - - [11/May/2022:22:07:02 +0000] "GET /style2.css HTTP/1.1" 200 4877 "http://www.semicomplete.com/projects/xdotool/" "Mozilla/5.0 (Windows NT 5.1; rv:27.0) Gecko/20100101 Firefox/27.0"
37.59.212.158 - - [11/May/2022:22:07:02 +0000] "GET /images/jordan-80.png HTTP/1.1" 200 6146 "http://www.semicomplete.com/projects/xdotool/" "Mozilla/5.0 (Windows NT 5.1; rv:27.0) Gecko/20100101 Firefox/27.0"
37.59.212.158 - - [11/May/2022:22:07:03 +0000] "GET /images/web/2009/banner.png HTTP/1.1" 200 52315 "http://www.semicomplete.com/style2.css" "Mozilla/5.0 (Windows NT 5.1; rv:27.0) Gecko/20100101 Firefox/27.0"
68.180.224.225 - - [11/May/2022:22:07:11 +0000] "GET /files/xdotool/docs/latex/_2home_2jls_2projects_2xdotool_2xdo_8h-example.tex HTTP/1.1" 200 557 "-" "Mozilla/5.0 (compatible; Yahoo! Slurp; http://help.yahoo.com/help/us/ysearch/slurp)"
68.180.224.225 - - [11/May/2022:22:07:18 +0000] "GET /files/xdotool/docs/latex/?C=D;O=A HTTP/1.1" 200 4179 "-" "Mozilla/5.0 (compatible; Yahoo! Slurp; http://help.yahoo.com/help/us/ysearch/slurp)"
68.180.224.225 - - [11/May/2022:22:07:57 +0000] "GET /files/xdotool/docs/ HTTP/1.1" 200 1328 "-" "Mozilla/5.0 (compatible; Yahoo! Slurp; http://help.yahoo.com/help/us/ysearch/slurp)"
62.237.44.16 - - [11/May/2022:22:07:35 +0000] "GET /favicon.ico HTTP/1.1" 200 3638 "-" "Mozilla/5.0 (X11; Linux x86_64; rv:26.0) Gecko/20100101 Firefox/26.0"
86.27.33.120 - - [11/May/2022:22:08:34 +0000] "GET /projects/xdotool/ HTTP/1.1" 200 12292 "https://www.google.co.uk/" "Mozilla/5.0 (X11; Linux x86_64) AppleWebKit/537.36 (KHTML, like Gecko) Chrome/32.0.1700.102 Safari/537.36"
86.27.33.120 - - [11/May/2022:22:08:35 +0000] "GET /reset.css HTTP/1.1" 200 1015 "http://www.semicomplete.com/projects/xdotool/" "Mozilla/5.0 (X11; Linux x86_64) AppleWebKit/537.36 (KHTML, like Gecko) Chrome/32.0.1700.102 Safari/537.36"
86.27.33.120 - - [11/May/2022:22:08:35 +0000] "GET /style2.css HTTP/1.1" 200 4877 "http://www.semicomplete.com/projects/xdotool/" "Mozilla/5.0 (X11; Linux x86_64) AppleWebKit/537.36 (KHTML, like Gecko) Chrome/32.0.1700.102 Safari/537.36"
86.27.33.120 - - [11/May/2022:22:08:35 +0000] "GET /images/jordan-80.png HTTP/1.1" 200 6146 "http://www.semicomplete.com/projects/xdotool/" "Mozilla/5.0 (X11; Linux x86_64) AppleWebKit/537.36 (KHTML, like Gecko) Chrome/32.0.1700.102 Safari/537.36"
86.27.33.120 - - [11/May/2022:22:08:35 +0000] "GET /images/web/2009/banner.png HTTP/1.1" 200 52315 "http://www.semicomplete.com/projects/xdotool/" "Mozilla/5.0 (X11; Linux x86_64) AppleWebKit/537.36 (KHTML, like Gecko) Chrome/32.0.1700.102 Safari/537.36"
86.27.33.120 - - [11/May/2022:22:08:36 +0000] "GET /favicon.ico HTTP/1.1" 200 3638 "-" "Mozilla/5.0 (X11; Linux x86_64) AppleWebKit/537.36 (KHTML, like Gecko) Chrome/32.0.1700.102 Safari/537.36"
139.227.58.56 - - [11/May/2022:22:09:52 +0000] "GET /about/ HTTP/1.1" 200 11474 "http://www.semicomplete.com/blog/geekery/xvfb-firefox.html" "Mozilla/5.0 (Windows NT 6.1; rv:27.0) Gecko/20100101 Firefox/27.0"
139.227.58.56 - - [11/May/2022:22:09:53 +0000] "GET /images/me.png HTTP/1.1" 200 37198 "http://www.semicomplete.com/about/" "Mozilla/5.0 (Windows NT 6.1; rv:27.0) Gecko/20100101 Firefox/27.0"
83.139.110.254 - - [11/May/2022:22:10:15 +0000] "GET /presentations/logstash-scale11x/ HTTP/1.1" 200 54239 "-" "Mozilla/5.0 (Macintosh; Intel Mac OS X 10.8; rv:27.0) Gecko/20100101 Firefox/27.0"
83.139.110.254 - - [11/May/2022:22:10:16 +0000] "GET /presentations/logstash-scale11x/css/reveal.min.css HTTP/1.1" 200 23581 "http://semicomplete.com/presentations/logstash-scale11x/" "Mozilla/5.0 (Macintosh; Intel Mac OS X 10.8; rv:27.0) Gecko/20100101 Firefox/27.0"
83.139.110.254 - - [11/May/2022:22:10:16 +0000] "GET /presentations/logstash-scale11x/css/theme/night-jls.css HTTP/1.1" 200 3811 "http://semicomplete.com/presentations/logstash-scale11x/" "Mozilla/5.0 (Macintosh; Intel Mac OS X 10.8; rv:27.0) Gecko/20100101 Firefox/27.0"
83.139.110.254 - - [11/May/2022:22:10:16 +0000] "GET /presentations/logstash-scale11x/css/extra.css HTTP/1.1" 200 1395 "http://semicomplete.com/presentations/logstash-scale11x/" "Mozilla/5.0 (Macintosh; Intel Mac OS X 10.8; rv:27.0) Gecko/20100101 Firefox/27.0"
83.139.110.254 - - [11/May/2022:22:10:16 +0000] "GET /presentations/logstash-scale11x/lib/css/zenburn.css HTTP/1.1" 200 1791 "http://semicomplete.com/presentations/logstash-scale11x/" "Mozilla/5.0 (Macintosh; Intel Mac OS X 10.8; rv:27.0) Gecko/20100101 Firefox/27.0"
83.139.110.254 - - [11/May/2022:22:10:16 +0000] "GET /presentations/logstash-scale11x/css/fonts/OpenSans.css HTTP/1.1" 200 863 "http://semicomplete.com/presentations/logstash-scale11x/css/theme/night-jls.css" "Mozilla/5.0 (Macintosh; Intel Mac OS X 10.8; rv:27.0) Gecko/20100101 Firefox/27.0"
83.139.110.254 - - [11/May/2022:22:10:16 +0000] "GET /presentations/logstash-scale11x/css/fonts/Roboto.css HTTP/1.1" 200 357 "http://semicomplete.com/presentations/logstash-scale11x/css/theme/night-jls.css" "Mozilla/5.0 (Macintosh; Intel Mac OS X 10.8; rv:27.0) Gecko/20100101 Firefox/27.0"
83.139.110.254 - - [11/May/2022:22:10:16 +0000] "GET /presentations/logstash-scale11x/js/reveal.min.js HTTP/1.1" 200 18091 "http://semicomplete.com/presentations/logstash-scale11x/" "Mozilla/5.0 (Macintosh; Intel Mac OS X 10.8; rv:27.0) Gecko/20100101 Firefox/27.0"
83.139.110.254 - - [11/May/2022:22:10:16 +0000] "GET /presentations/logstash-scale11x/images/logstash.png HTTP/1.1" 200 47731 "http://semicomplete.com/presentations/logstash-scale11x/" "Mozilla/5.0 (Macintosh; Intel Mac OS X 10.8; rv:27.0) Gecko/20100101 Firefox/27.0"
83.139.110.254 - - [11/May/2022:22:10:16 +0000] "GET /presentations/logstash-scale11x/lib/js/head.min.js HTTP/1.1" 200 3170 "http://semicomplete.com/presentations/logstash-scale11x/" "Mozilla/5.0 (Macintosh; Intel Mac OS X 10.8; rv:27.0) Gecko/20100101 Firefox/27.0"
83.139.110.254 - - [11/May/2022:22:10:16 +0000] "GET /presentations/logstash-scale11x/images/nagios-sms1.png HTTP/1.1" 200 55478 "http://semicomplete.com/presentations/logstash-scale11x/" "Mozilla/5.0 (Macintosh; Intel Mac OS X 10.8; rv:27.0) Gecko/20100101 Firefox/27.0"
83.139.110.254 - - [11/May/2022:22:10:16 +0000] "GET /presentations/logstash-scale11x/images/alarm-clock.jpg HTTP/1.1" 200 10645 "http://semicomplete.com/presentations/logstash-scale11x/" "Mozilla/5.0 (Macintosh; Intel Mac OS X 10.8; rv:27.0) Gecko/20100101 Firefox/27.0"
83.139.110.254 - - [11/May/2022:22:10:16 +0000] "GET /presentations/logstash-scale11x/css/print/paper.css HTTP/1.1" 200 4254 "http://semicomplete.com/presentations/logstash-scale11x/" "Mozilla/5.0 (Macintosh; Intel Mac OS X 10.8; rv:27.0) Gecko/20100101 Firefox/27.0"
83.139.110.254 - - [11/May/2022:22:10:16 +0000] "GET /presentations/logstash-scale11x/images/jordan.jpg HTTP/1.1" 200 278476 "http://semicomplete.com/presentations/logstash-scale11x/" "Mozilla/5.0 (Macintosh; Intel Mac OS X 10.8; rv:27.0) Gecko/20100101 Firefox/27.0"
83.139.110.254 - - [11/May/2022:22:10:17 +0000] "GET /presentations/logstash-scale11x/images/nagios-sms3.png HTTP/1.1" 200 65917 "http://semicomplete.com/presentations/logstash-scale11x/" "Mozilla/5.0 (Macintosh; Intel Mac OS X 10.8; rv:27.0) Gecko/20100101 Firefox/27.0"
83.139.110.254 - - [11/May/2022:22:10:17 +0000] "GET /presentations/logstash-scale11x/images/logstash-dreamhost-day.png HTTP/1.1" 200 34213 "http://semicomplete.com/presentations/logstash-scale11x/" "Mozilla/5.0 (Macintosh; Intel Mac OS X 10.8; rv:27.0) Gecko/20100101 Firefox/27.0"
83.139.110.254 - - [11/May/2022:22:10:18 +0000] "GET /presentations/logstash-scale11x/plugin/markdown/markdown.js HTTP/1.1" 200 1187 "http://semicomplete.com/presentations/logstash-scale11x/" "Mozilla/5.0 (Macintosh; Intel Mac OS X 10.8; rv:27.0) Gecko/20100101 Firefox/27.0"
83.139.110.254 - - [11/May/2022:22:10:19 +0000] "GET /presentations/logstash-scale11x/css/fonts/cJZKeOuBrn4kERxqtaUH3aCWcynf_cDxXwCLxiixG1c.ttf HTTP/1.1" 200 36492 "http://semicomplete.com/presentations/logstash-scale11x/css/fonts/OpenSans.css" "Mozilla/5.0 (Macintosh; Intel Mac OS X 10.8; rv:27.0) Gecko/20100101 Firefox/27.0"
83.139.110.254 - - [11/May/2022:22:10:18 +0000] "GET /presentations/logstash-scale11x/plugin/markdown/showdown.js HTTP/1.1" 200 9904 "http://semicomplete.com/presentations/logstash-scale11x/" "Mozilla/5.0 (Macintosh; Intel Mac OS X 10.8; rv:27.0) Gecko/20100101 Firefox/27.0"
83.139.110.254 - - [11/May/2022:22:10:17 +0000] "GET /presentations/logstash-scale11x/images/computer-keyboard-jacket.jpg HTTP/1.1" 200 176805 "http://semicomplete.com/presentations/logstash-scale11x/" "Mozilla/5.0 (Macintosh; Intel Mac OS X 10.8; rv:27.0) Gecko/20100101 Firefox/27.0"
83.139.110.254 - - [11/May/2022:22:10:17 +0000] "GET /presentations/logstash-scale11x/images/ahhh___rage_face_by_samusmmx-d5g5zap.png HTTP/1.1" 200 175208 "http://semicomplete.com/presentations/logstash-scale11x/" "Mozilla/5.0 (Macintosh; Intel Mac OS X 10.8; rv:27.0) Gecko/20100101 Firefox/27.0"
83.139.110.254 - - [11/May/2022:22:10:20 +0000] "GET /presentations/logstash-scale11x/plugin/highlight/highlight.js HTTP/1.1" 200 26185 "http://semicomplete.com/presentations/logstash-scale11x/" "Mozilla/5.0 (Macintosh; Intel Mac OS X 10.8; rv:27.0) Gecko/20100101 Firefox/27.0"
83.139.110.254 - - [11/May/2022:22:10:20 +0000] "GET /presentations/logstash-scale11x/plugin/zoom-js/zoom.js HTTP/1.1" 200 7697 "http://semicomplete.com/presentations/logstash-scale11x/" "Mozilla/5.0 (Macintosh; Intel Mac OS X 10.8; rv:27.0) Gecko/20100101 Firefox/27.0"
83.139.110.254 - - [11/May/2022:22:10:19 +0000] "GET /presentations/logstash-scale11x/css/fonts/xjAJXh38I15wypJXxuGMBp0EAVxt0G0biEntp43Qt6E.ttf HTTP/1.1" 200 34416 "http://semicomplete.com/presentations/logstash-scale11x/css/fonts/OpenSans.css" "Mozilla/5.0 (Macintosh; Intel Mac OS X 10.8; rv:27.0) Gecko/20100101 Firefox/27.0"
83.139.110.254 - - [11/May/2022:22:10:20 +0000] "GET /presentations/logstash-scale11x/plugin/notes/notes.js HTTP/1.1" 200 2892 "http://semicomplete.com/presentations/logstash-scale11x/" "Mozilla/5.0 (Macintosh; Intel Mac OS X 10.8; rv:27.0) Gecko/20100101 Firefox/27.0"
83.139.110.254 - - [11/May/2022:22:10:20 +0000] "GET /presentations/logstash-scale11x/css/fonts/k3k702ZOKiLJc3WVjuplzInF5uFdDttMLvmWuJdhhgs.ttf HTTP/1.1" 200 38108 "http://semicomplete.com/presentations/logstash-scale11x/css/fonts/OpenSans.css" "Mozilla/5.0 (Macintosh; Intel Mac OS X 10.8; rv:27.0) Gecko/20100101 Firefox/27.0"
83.139.110.254 - - [11/May/2022:22:10:20 +0000] "GET /presentations/logstash-scale11x/css/fonts/Roboto-Regular.ttf HTTP/1.1" 200 41820 "http://semicomplete.com/presentations/logstash-scale11x/css/fonts/Roboto.css" "Mozilla/5.0 (Macintosh; Intel Mac OS X 10.8; rv:27.0) Gecko/20100101 Firefox/27.0"
83.139.110.254 - - [11/May/2022:22:10:21 +0000] "GET /presentations/logstash-scale11x/images/logstashbook.png HTTP/1.1" 200 54662 "http://semicomplete.com/presentations/logstash-scale11x/" "Mozilla/5.0 (Macintosh; Intel Mac OS X 10.8; rv:27.0) Gecko/20100101 Firefox/27.0"
83.139.110.254 - - [11/May/2022:22:10:21 +0000] "GET /presentations/logstash-scale11x/images/nagios-sms4.png HTTP/1.1" 200 72949 "http://semicomplete.com/presentations/logstash-scale11x/" "Mozilla/5.0 (Macintosh; Intel Mac OS X 10.8; rv:27.0) Gecko/20100101 Firefox/27.0"
83.139.110.254 - - [11/May/2022:22:10:21 +0000] "GET /presentations/logstash-scale11x/images/xkcd-perl.png HTTP/1.1" 200 80663 "http://semicomplete.com/presentations/logstash-scale11x/" "Mozilla/5.0 (Macintosh; Intel Mac OS X 10.8; rv:27.0) Gecko/20100101 Firefox/27.0"
83.139.110.254 - - [11/May/2022:22:10:22 +0000] "GET /presentations/logstash-scale11x/images/frontend-response-codes.png HTTP/1.1" 200 52878 "http://semicomplete.com/presentations/logstash-scale11x/" "Mozilla/5.0 (Macintosh; Intel Mac OS X 10.8; rv:27.0) Gecko/20100101 Firefox/27.0"
83.139.110.254 - - [11/May/2022:22:10:22 +0000] "GET /presentations/logstash-scale11x/images/nagios-sms2.png HTTP/1.1" 200 60656 "http://semicomplete.com/presentations/logstash-scale11x/" "Mozilla/5.0 (Macintosh; Intel Mac OS X 10.8; rv:27.0) Gecko/20100101 Firefox/27.0"
178.24.169.81 - - [12/May/2022:01:55:48 +0000] "GET /images/googledotcom.png HTTP/1.1" 200 65748 "http://www.semicomplete.com/blog/geekery/xvfb-firefox.html" "Mozilla/5.0 (X11; Linux x86_64; rv:26.0) Gecko/20100101 Firefox/26.0"
46.118.125.84 - - [12/May/2022:01:55:47 +0000] "GET /blog/geekery/ssl-latency.html HTTP/1.1" 200 17147 "http://gcup.ru/games/Ant/" "Mozilla/4.0 (compatible; MSIE 6.0; Windows NT 5.1)"
84.52.150.17 - - [12/May/2022:01:55:44 +0000] "GET /projects/xdotool/ HTTP/1.1" 200 12292 "-" "Mozilla/5.0 (X11; Ubuntu; Linux x86_64; rv:27.0) Gecko/20100101 Firefox/27.0"
46.118.125.84 - - [12/May/2022:01:55:49 +0000] "GET /blog/geekery/ssl-latency.html HTTP/1.1" 200 17147 "http://gcup.ru/games/Ant/" "Mozilla/4.0 (compatible; MSIE 6.0; Windows NT 5.1)"
46.118.125.84 - - [12/May/2022:01:55:48 +0000] "GET /blog/geekery/ssl-latency.html HTTP/1.1" 200 17147 "http://gcup.ru/games/Ant/" "Mozilla/4.0 (compatible; MSIE 6.0; Windows NT 5.1)"
46.105.14.53 - - [12/May/2022:01:56:22 +0000] "GET /blog/tags/puppet?flav=rss20 HTTP/1.1" 200 14872 "-" "UniversalFeedParser/4.2-pre-314-svn +http://feedparser.org/"
157.55.32.236 - - [12/May/2022:01:56:08 +0000] "GET /blog/geekery/118.html HTTP/1.1" 200 8756 "-" "Mozilla/5.0 (compatible; bingbot/2.0; +http://www.bing.com/bingbot.htm)"
216.14.102.16 - - [12/May/2022:01:56:32 +0000] "HEAD /files/xboxproxy/proxy-2.1.tar.gz HTTP/1.1" 200 - "-" "distilator/0.1 (http://people.freebsd.org/~ehaupt/distilator/)"
50.16.19.13 - - [12/May/2022:01:57:07 +0000] "GET /blog/tags/puppet?flav=rss20 HTTP/1.1" 200 14872 "http://www.semicomplete.com/blog/tags/puppet?flav=rss20" "Tiny Tiny RSS/1.11 (http://tt-rss.org/)"
68.180.224.225 - - [12/May/2022:01:57:32 +0000] "GET /blog/tags/perl HTTP/1.1" 200 36041 "-" "Mozilla/5.0 (compatible; Yahoo! Slurp; http://help.yahoo.com/help/us/ysearch/slurp)"
205.196.98.10 - - [12/May/2022:01:58:23 +0000] "GET /blog/geekery/ssl-latency.html HTTP/1.1" 200 17147 "https://www.google.com/" "Mozilla/5.0 (Macintosh; Intel Mac OS X 10_9_1) AppleWebKit/537.36 (KHTML, like Gecko) Chrome/32.0.1700.107 Safari/537.36"
205.196.98.10 - - [12/May/2022:01:58:23 +0000] "GET /reset.css HTTP/1.1" 200 1015 "http://www.semicomplete.com/blog/geekery/ssl-latency.html" "Mozilla/5.0 (Macintosh; Intel Mac OS X 10_9_1) AppleWebKit/537.36 (KHTML, like Gecko) Chrome/32.0.1700.107 Safari/537.36"
205.196.98.10 - - [12/May/2022:01:58:23 +0000] "GET /images/jordan-80.png HTTP/1.1" 200 6146 "http://www.semicomplete.com/blog/geekery/ssl-latency.html" "Mozilla/5.0 (Macintosh; Intel Mac OS X 10_9_1) AppleWebKit/537.36 (KHTML, like Gecko) Chrome/32.0.1700.107 Safari/537.36"
205.196.98.10 - - [12/May/2022:01:58:23 +0000] "GET /style2.css HTTP/1.1" 200 4877 "http://www.semicomplete.com/blog/geekery/ssl-latency.html" "Mozilla/5.0 (Macintosh; Intel Mac OS X 10_9_1) AppleWebKit/537.36 (KHTML, like Gecko) Chrome/32.0.1700.107 Safari/537.36"
205.196.98.10 - - [12/May/2022:01:58:23 +0000] "GET /images/web/2009/banner.png HTTP/1.1" 200 52315 "http://www.semicomplete.com/blog/geekery/ssl-latency.html" "Mozilla/5.0 (Macintosh; Intel Mac OS X 10_9_1) AppleWebKit/537.36 (KHTML, like Gecko) Chrome/32.0.1700.107 Safari/537.36"
205.196.98.10 - - [12/May/2022:01:58:24 +0000] "GET /favicon.ico HTTP/1.1" 200 3638 "-" "Mozilla/5.0 (Macintosh; Intel Mac OS X 10_9_1) AppleWebKit/537.36 (KHTML, like Gecko) Chrome/32.0.1700.107 Safari/537.36"
66.249.73.135 - - [12/May/2022:01:58:57 +0000] "GET /blog/tags/apache%20logs HTTP/1.1" 200 9369 "-" "Mozilla/5.0 (iPhone; CPU iPhone OS 6_0 like Mac OS X) AppleWebKit/536.26 (KHTML, like Gecko) Version/6.0 Mobile/10A5376e Safari/8536.25 (compatible; Googlebot/2.1; +http://www.google.com/bot.html)"
173.192.238.41 - - [12/May/2022:01:58:53 +0000] "GET /blog HTTP/1.1" 200 37936 "-" "Mozilla/5.0 (X11; U; Linux x86_64; en-US; rv:1.9.0.19; aggregator:Spinn3r (Spinn3r 3.1); http://spinn3r.com/robot) Gecko/2010040121 Firefox/3.0.19"
78.230.246.16 - - [12/May/2022:01:59:08 +0000] "GET /presentations/logstash-hmmm/ HTTP/1.1" 200 18298 "http://www.google.fr/url?sa=t&rct=j&q=&esrc=s&source=web&cd=12&ved=0CDEQFjABOAo&url=http%3A%2F%2Fwww.semicomplete.com%2Fpresentations%2Flogstash-hmmm%2F&ei=fPgEU--EI-an0AXugoCQBw&usg=AFQjCNGWsuQgkYlCyO_VWlGdZz5Wr0cH8g" "Mozilla/5.0 (X11; Linux x86_64; rv:17.0) Gecko/20100101 Firefox/17.0"
78.230.246.16 - - [12/May/2022:01:59:08 +0000] "GET /presentations/logstash-hmmm/lib/css/zenburn.css HTTP/1.1" 200 1791 "http://www.semicomplete.com/presentations/logstash-hmmm/" "Mozilla/5.0 (X11; Linux x86_64; rv:17.0) Gecko/20100101 Firefox/17.0"
78.230.246.16 - - [12/May/2022:01:59:08 +0000] "GET /presentations/logstash-hmmm/css/theme/default.css HTTP/1.1" 200 4854 "http://www.semicomplete.com/presentations/logstash-hmmm/" "Mozilla/5.0 (X11; Linux x86_64; rv:17.0) Gecko/20100101 Firefox/17.0"
78.230.246.16 - - [12/May/2022:01:59:08 +0000] "GET /presentations/logstash-hmmm/css/extra.css HTTP/1.1" 200 690 "http://www.semicomplete.com/presentations/logstash-hmmm/" "Mozilla/5.0 (X11; Linux x86_64; rv:17.0) Gecko/20100101 Firefox/17.0"
78.230.246.16 - - [12/May/2022:01:59:08 +0000] "GET /presentations/logstash-hmmm/css/reveal.min.css HTTP/1.1" 200 23581 "http://www.semicomplete.com/presentations/logstash-hmmm/" "Mozilla/5.0 (X11; Linux x86_64; rv:17.0) Gecko/20100101 Firefox/17.0"
78.230.246.16 - - [12/May/2022:01:59:08 +0000] "GET /presentations/logstash-hmmm/lib/js/head.min.js HTTP/1.1" 200 3170 "http://www.semicomplete.com/presentations/logstash-hmmm/" "Mozilla/5.0 (X11; Linux x86_64; rv:17.0) Gecko/20100101 Firefox/17.0"
78.230.246.16 - - [12/May/2022:01:59:08 +0000] "GET /presentations/logstash-hmmm/js/reveal.min.js HTTP/1.1" 200 18091 "http://www.semicomplete.com/presentations/logstash-hmmm/" "Mozilla/5.0 (X11; Linux x86_64; rv:17.0) Gecko/20100101 Firefox/17.0"
78.230.246.16 - - [12/May/2022:01:59:09 +0000] "GET /presentations/logstash-hmmm/images/logstash-dreamhost-day.png HTTP/1.1" 200 34213 "http://www.semicomplete.com/presentations/logstash-hmmm/" "Mozilla/5.0 (X11; Linux x86_64; rv:17.0) Gecko/20100101 Firefox/17.0"
78.230.246.16 - - [12/May/2022:01:59:09 +0000] "GET /presentations/logstash-hmmm/css/print/paper.css HTTP/1.1" 200 4254 "http://www.semicomplete.com/presentations/logstash-hmmm/" "Mozilla/5.0 (X11; Linux x86_64; rv:17.0) Gecko/20100101 Firefox/17.0"
78.230.246.16 - - [12/May/2022:01:59:09 +0000] "GET /presentations/logstash-hmmm/images/logstash.png HTTP/1.1" 200 47731 "http://www.semicomplete.com/presentations/logstash-hmmm/" "Mozilla/5.0 (X11; Linux x86_64; rv:17.0) Gecko/20100101 Firefox/17.0"
78.230.246.16 - - [12/May/2022:01:59:09 +0000] "GET /presentations/logstash-hmmm/images/logstash-and-metrics.png HTTP/1.1" 200 149691 "http://www.semicomplete.com/presentations/logstash-hmmm/" "Mozilla/5.0 (X11; Linux x86_64; rv:17.0) Gecko/20100101 Firefox/17.0"
78.230.246.16 - - [12/May/2022:01:59:09 +0000] "GET /presentations/logstash-hmmm/images/frontend-response-codes.png HTTP/1.1" 200 52878 "http://www.semicomplete.com/presentations/logstash-hmmm/" "Mozilla/5.0 (X11; Linux x86_64; rv:17.0) Gecko/20100101 Firefox/17.0"
78.230.246.16 - - [12/May/2022:01:59:09 +0000] "GET /presentations/logstash-hmmm/plugin/markdown/showdown.js HTTP/1.1" 200 9904 "http://www.semicomplete.com/presentations/logstash-hmmm/" "Mozilla/5.0 (X11; Linux x86_64; rv:17.0) Gecko/20100101 Firefox/17.0"
78.230.246.16 - - [12/May/2022:01:59:09 +0000] "GET /presentations/logstash-hmmm/plugin/markdown/markdown.js HTTP/1.1" 200 1187 "http://www.semicomplete.com/presentations/logstash-hmmm/" "Mozilla/5.0 (X11; Linux x86_64; rv:17.0) Gecko/20100101 Firefox/17.0"
78.230.246.16 - - [12/May/2022:01:59:10 +0000] "GET /presentations/logstash-hmmm/plugin/highlight/highlight.js HTTP/1.1" 200 26185 "http://www.semicomplete.com/presentations/logstash-hmmm/" "Mozilla/5.0 (X11; Linux x86_64; rv:17.0) Gecko/20100101 Firefox/17.0"
78.230.246.16 - - [12/May/2022:01:59:10 +0000] "GET /presentations/logstash-hmmm/plugin/zoom-js/zoom.js HTTP/1.1" 200 7697 "http://www.semicomplete.com/presentations/logstash-hmmm/" "Mozilla/5.0 (X11; Linux x86_64; rv:17.0) Gecko/20100101 Firefox/17.0"
78.230.246.16 - - [12/May/2022:01:59:10 +0000] "GET /presentations/logstash-hmmm/css/theme/night-jls.css HTTP/1.1" 200 3729 "http://www.semicomplete.com/presentations/logstash-hmmm/" "Mozilla/5.0 (X11; Linux x86_64; rv:17.0) Gecko/20100101 Firefox/17.0"
78.230.246.16 - - [12/May/2022:01:59:10 +0000] "GET /presentations/logstash-hmmm/plugin/notes/notes.js HTTP/1.1" 200 2892 "http://www.semicomplete.com/presentations/logstash-hmmm/" "Mozilla/5.0 (X11; Linux x86_64; rv:17.0) Gecko/20100101 Firefox/17.0"
5.10.83.65 - - [12/May/2022:01:59:16 +0000] "GET /files/filebrowse/?C=M;O=D HTTP/1.1" 200 962 "-" "Mozilla/5.0 (compatible; AhrefsBot/5.0; +http://ahrefs.com/robot/)"
78.230.246.16 - - [12/May/2022:01:59:11 +0000] "GET /favicon.ico HTTP/1.1" 200 3638 "-" "Mozilla/5.0 (X11; Linux x86_64; rv:17.0) Gecko/20100101 Firefox/17.0"
5.10.83.98 - - [12/May/2022:01:59:27 +0000] "GET /files/rubygems615/rubygems.pcap HTTP/1.1" 200 4658437 "-" "Mozilla/5.0 (compatible; AhrefsBot/5.0; +http://ahrefs.com/robot/)"
213.130.17.7 - - [12/May/2022:01:59:26 +0000] "GET /favicon.ico HTTP/1.1" 200 3638 "-" "Mozilla/5.0 (Windows NT 6.3; WOW64; rv:27.0) Gecko/20100101 Firefox/27.0"
68.180.224.225 - - [12/May/2022:01:59:44 +0000] "GET /files/grok/grok-20070402.tar.gz HTTP/1.1" 200 129536 "-" "Mozilla/5.0 (compatible; Yahoo! Slurp; http://help.yahoo.com/help/us/ysearch/slurp)"
68.180.224.225 - - [12/May/2022:01:59:49 +0000] "GET /scripts/install-vga11x19.sh HTTP/1.1" 200 291 "-" "Mozilla/5.0 (compatible; Yahoo! Slurp; http://help.yahoo.com/help/us/ysearch/slurp)"
216.239.45.72 - - [12/May/2022:01:59:51 +0000] "GET /projects/xdotool/xdotool.xhtml HTTP/1.1" 200 50112 "https://www.google.com/" "Mozilla/5.0 (X11; Linux x86_64) AppleWebKit/537.36 (KHTML, like Gecko) Chrome/33.0.1750.91 Safari/537.36"
68.180.224.225 - - [12/May/2022:02:00:02 +0000] "GET /files/blogposts/20091227/zsh-titles HTTP/1.1" 200 1759 "-" "Mozilla/5.0 (compatible; Yahoo! Slurp; http://help.yahoo.com/help/us/ysearch/slurp)"
68.180.224.225 - - [12/May/2022:02:00:26 +0000] "GET /scripts/pimpwatch HTTP/1.1" 200 837 "-" "Mozilla/5.0 (compatible; Yahoo! Slurp; http://help.yahoo.com/help/us/ysearch/slurp)"
62.201.248.142 - - [12/May/2022:01:59:53 +0000] "GET /images/googledotcom.png HTTP/1.1" 200 65748 "http://www.google.iq/search?q=www.+google..com&client=ms-android-samsung&hl=ar&v=141400000&tbm=isch&source=lnms&sa=X&ei=Z_gEU4aZHovOygOxkoKgDg&ved=0CAgQ_AUoAA&biw=320&bih=508&dpr=1.5" "Mozilla/5.0 (Linux; U; Android 4.0.4; ar-ae; GT-S7562 Build/IMM76I) AppleWebKit/534.30 (KHTML, like Gecko) Version/4.0 Mobile Safari/534.30"
68.180.224.225 - - [12/May/2022:02:00:33 +0000] "GET /blog/geekery/flashback-2010-2004.html HTTP/1.1" 200 9078 "-" "Mozilla/5.0 (compatible; Yahoo! Slurp; http://help.yahoo.com/help/us/ysearch/slurp)"
107.22.67.105 - - [12/May/2022:02:00:29 +0000] "GET /articles/arp-security/ HTTP/1.1" 200 19735 "-" "Mozilla/5.0 (X11; Linux x86_64) AppleWebKit/537.1 (KHTML, like Gecko) Chrome/21.0.1180.75 Safari/537.1"
5.10.83.66 - - [12/May/2022:02:00:45 +0000] "GET /blog/geekery/mashupcamp-ireland-2007.html HTTP/1.1" 200 13867 "-" "Mozilla/5.0 (compatible; AhrefsBot/5.0; +http://ahrefs.com/robot/)"
68.180.224.225 - - [12/May/2022:02:00:49 +0000] "GET /blog/geekery/grok-speed-improvements.html HTTP/1.1" 200 10192 "-" "Mozilla/5.0 (compatible; Yahoo! Slurp; http://help.yahoo.com/help/us/ysearch/slurp)"
68.180.224.225 - - [12/May/2022:02:01:04 +0000] "GET /blog/geekery/133.html HTTP/1.1" 200 15136 "-" "Mozilla/5.0 (compatible; Yahoo! Slurp; http://help.yahoo.com/help/us/ysearch/slurp)"
46.105.14.53 - - [12/May/2022:02:01:19 +0000] "GET /blog/tags/puppet?flav=rss20 HTTP/1.1" 200 14872 "-" "UniversalFeedParser/4.2-pre-314-svn +http://feedparser.org/"
217.69.133.235 - - [12/May/2022:02:01:14 +0000] "GET /robots.txt HTTP/1.1" 200 - "-" "Mozilla/5.0 (compatible; Linux x86_64; Mail.RU_Bot/2.0; +http://go.mail.ru/help/robots)"
217.69.133.70 - - [12/May/2022:02:01:15 +0000] "GET /blog/geekery/anti-spam-obfuscation-easily-defeated.html HTTP/1.1" 200 9309 "-" "Mozilla/5.0 (compatible; Linux x86_64; Mail.RU_Bot/2.0; +http://go.mail.ru/help/robots)"
68.180.224.225 - - [12/May/2022:02:01:33 +0000] "GET /files/blogposts/20070901/distance_sort.py HTTP/1.1" 200 2294 "-" "Mozilla/5.0 (compatible; Yahoo! Slurp; http://help.yahoo.com/help/us/ysearch/slurp)"
193.59.255.2 - - [12/May/2022:02:01:58 +0000] "GET /blog/geekery/puppet-nodelessconfiguration.html HTTP/1.1" 404 7861 "-" "Mozilla/5.0 (Windows NT 6.1; WOW64) AppleWebKit/537.36 (KHTML, like Gecko) Chrome/32.0.1700.107 Safari/537.36"
68.180.224.225 - - [12/May/2022:02:02:07 +0000] "GET /blog/geekery/sequencing-and-searching-strings HTTP/1.1" 200 15370 "-" "Mozilla/5.0 (compatible; Yahoo! Slurp; http://help.yahoo.com/help/us/ysearch/slurp)"
193.59.255.2 - - [12/May/2022:02:01:58 +0000] "GET /blog/geekery/puppet-nodeless-configuration HTTP/1.1" 200 10301 "-" "Mozilla/5.0 (Windows NT 6.1; WOW64) AppleWebKit/537.36 (KHTML, like Gecko) Chrome/32.0.1700.107 Safari/537.36"
65.19.138.33 - - [12/May/2022:02:03:18 +0000] "GET /blog/tags/firefox?flav=rss20 HTTP/1.1" 200 16021 "-" "Feedly/1.0 (+http://www.feedly.com/fetcher.html; like FeedFetcher-Google)"
63.249.67.99 - - [12/May/2022:02:02:07 +0000] "GET /files/logstash/logstash-1.1.1-monolithic.jar HTTP/1.1" 200 53813805 "http://logstash.net/docs/1.1.1/tutorials/getting-started-simple" "Mozilla/5.0 (Macintosh; Intel Mac OS X 10.9; rv:27.0) Gecko/20100101 Firefox/27.0"
5.10.83.98 - - [12/May/2022:02:03:52 +0000] "GET /files/blogposts/20070622/?C=D;O=A HTTP/1.1" 200 1002 "-" "Mozilla/5.0 (compatible; AhrefsBot/5.0; +http://ahrefs.com/robot/)"
184.169.234.190 - - [12/May/2022:02:03:24 +0000] "GET /blog/tags/puppet?flav=rss20 HTTP/1.1" 200 14872 "-" "Digg Feed Fetcher 1.0 (Mozilla/5.0 (Macintosh; Intel Mac OS X 10_7_1) AppleWebKit/534.48.3 (KHTML, like Gecko) Version/5.1 Safari/534.48.3)"
68.180.224.225 - - [12/May/2022:02:03:54 +0000] "GET /blog/tags/regexp%20ninja HTTP/1.1" 200 12851 "-" "Mozilla/5.0 (compatible; Yahoo! Slurp; http://help.yahoo.com/help/us/ysearch/slurp)"
68.180.224.225 - - [12/May/2022:02:03:58 +0000] "GET /blog/tags/flashback HTTP/1.1" 200 9078 "-" "Mozilla/5.0 (compatible; Yahoo! Slurp; http://help.yahoo.com/help/us/ysearch/slurp)"
68.180.224.225 - - [12/May/2022:02:04:09 +0000] "GET /blog/geekery/113.html HTTP/1.1" 200 13993 "-" "Mozilla/5.0 (compatible; Yahoo! Slurp; http://help.yahoo.com/help/us/ysearch/slurp)"
68.180.224.225 - - [12/May/2022:02:04:09 +0000] "GET /blog/geekery/terminal-titles.html HTTP/1.1" 200 12495 "-" "Mozilla/5.0 (compatible; Yahoo! Slurp; http://help.yahoo.com/help/us/ysearch/slurp)"
