64.237.35.242 - - [13/May/2022:00:34:04 +0000] "GET /files/fastest_sites/ HTTP/1.1" 200 1436 "-" "portscout/0.8.1"
68.180.224.225 - - [13/May/2022:00:34:15 +0000] "GET /articles/week-of-unix-tools/ HTTP/1.1" 200 9313 "-" "Mozilla/5.0 (compatible; Yahoo! Slurp; http://help.yahoo.com/help/us/ysearch/slurp)"
188.6.97.221 - - [13/May/2022:00:35:04 +0000] "GET /articles/dynamic-dns-with-dhcp/ HTTP/1.1" 200 18848 "http://www.google.hu/url?sa=t&rct=j&q=&esrc=s&source=web&cd=2&ved=0CDQQFjAB&url=http%3A%2F%2Fwww.semicomplete.com%2Farticles%2Fdynamic-dns-with-dhcp%2F&ei=SjYGU8XdCYuVhQfxpYF4&usg=AFQjCNEF1X4Rs52UYQyLiySTQxa97ozM4g&bvm=bv.61725948,d.ZG4" "Mozilla/5.0 (X11; Ubuntu; Linux x86_64; rv:27.0) Gecko/20100101 Firefox/27.0"
173.232.106.102 - - [13/May/2022:00:34:37 +0000] "GET /articles/arp-security/ HTTP/1.0" 200 19735 "http://www.semicomplete.com/" "Mozilla/5.0 (Macintosh; Intel Mac OS X 10_6_8) AppleWebKit/534.59.8 (KHTML, like Gecko) Version/5.1.9 Safari/534.59.8"
188.6.97.221 - - [13/May/2022:00:35:05 +0000] "GET /style2.css HTTP/1.1" 200 4877 "http://www.semicomplete.com/articles/dynamic-dns-with-dhcp/" "Mozilla/5.0 (X11; Ubuntu; Linux x86_64; rv:27.0) Gecko/20100101 Firefox/27.0"
173.232.106.102 - - [13/May/2022:00:34:38 +0000] "GET /blog/articles/arp-security/main.html HTTP/1.0" 200 19735 "http://www.semicomplete.com/" "Mozilla/5.0 (Macintosh; Intel Mac OS X 10_6_8) AppleWebKit/534.59.8 (KHTML, like Gecko) Version/5.1.9 Safari/534.59.8"
188.6.97.221 - - [13/May/2022:00:35:05 +0000] "GET /reset.css HTTP/1.1" 200 1015 "http://www.semicomplete.com/articles/dynamic-dns-with-dhcp/" "Mozilla/5.0 (X11; Ubuntu; Linux x86_64; rv:27.0) Gecko/20100101 Firefox/27.0"
188.6.97.221 - - [13/May/2022:00:35:05 +0000] "GET /images/jordan-80.png HTTP/1.1" 200 6146 "http://www.semicomplete.com/articles/dynamic-dns-with-dhcp/" "Mozilla/5.0 (X11; Ubuntu; Linux x86_64; rv:27.0) Gecko/20100101 Firefox/27.0"
188.6.97.221 - - [13/May/2022:00:35:05 +0000] "GET /favicon.ico HTTP/1.1" 200 3638 "-" "Mozilla/5.0 (X11; Ubuntu; Linux x86_64; rv:27.0) Gecko/20100101 Firefox/27.0"
188.6.97.221 - - [13/May/2022:00:35:05 +0000] "GET /images/web/2009/banner.png HTTP/1.1" 200 52315 "http://www.semicomplete.com/style2.css" "Mozilla/5.0 (X11; Ubuntu; Linux x86_64; rv:27.0) Gecko/20100101 Firefox/27.0"
193.62.194.252 - - [13/May/2022:00:35:48 +0000] "GET /presentations/mpi HTTP/1.1" 301 340 "http://www.semicomplete.com/articles/ssh-security/" "Mozilla/5.0 (X11; Linux x86_64) AppleWebKit/535.1 (KHTML, like Gecko) Chrome/13.0.782.220 Safari/535.1"
74.125.176.151 - - [13/May/2022:00:35:35 +0000] "GET /?flav=rss20 HTTP/1.1" 200 29941 "-" "FeedBurner/1.0 (http://www.FeedBurner.com)"
193.62.194.252 - - [13/May/2022:00:35:48 +0000] "GET /presentations/mpi/ HTTP/1.1" 200 6676 "http://www.semicomplete.com/articles/ssh-security/" "Mozilla/5.0 (X11; Linux x86_64) AppleWebKit/535.1 (KHTML, like Gecko) Chrome/13.0.782.220 Safari/535.1"
193.62.194.252 - - [13/May/2022:00:35:49 +0000] "GET /presentations/mpi/presenter.xsl HTTP/1.1" 200 3826 "http://www.semicomplete.com/presentations/mpi/" "Mozilla/5.0 (X11; Linux x86_64) AppleWebKit/535.1 (KHTML, like Gecko) Chrome/13.0.782.220 Safari/535.1"
193.62.194.252 - - [13/May/2022:00:35:49 +0000] "GET /presentations/mpi/js/accelimation.js HTTP/1.1" 200 4281 "http://www.semicomplete.com/presentations/mpi/" "Mozilla/5.0 (X11; Linux x86_64) AppleWebKit/535.1 (KHTML, like Gecko) Chrome/13.0.782.220 Safari/535.1"
193.62.194.252 - - [13/May/2022:00:35:49 +0000] "GET /presentations/mpi/presenter.css HTTP/1.1" 200 1973 "http://www.semicomplete.com/presentations/mpi/" "Mozilla/5.0 (X11; Linux x86_64) AppleWebKit/535.1 (KHTML, like Gecko) Chrome/13.0.782.220 Safari/535.1"
193.62.194.252 - - [13/May/2022:00:35:49 +0000] "GET /presentations/mpi/js/dom-drag.js HTTP/1.1" 200 3982 "http://www.semicomplete.com/presentations/mpi/" "Mozilla/5.0 (X11; Linux x86_64) AppleWebKit/535.1 (KHTML, like Gecko) Chrome/13.0.782.220 Safari/535.1"
193.62.194.252 - - [13/May/2022:00:35:49 +0000] "GET /presentations/mpi/js/presenter.js HTTP/1.1" 200 4436 "http://www.semicomplete.com/presentations/mpi/" "Mozilla/5.0 (X11; Linux x86_64) AppleWebKit/535.1 (KHTML, like Gecko) Chrome/13.0.782.220 Safari/535.1"
193.62.194.252 - - [13/May/2022:00:35:49 +0000] "GET /presentations/mpi/images/expand.png HTTP/1.1" 200 275 "http://www.semicomplete.com/presentations/mpi/" "Mozilla/5.0 (X11; Linux x86_64) AppleWebKit/535.1 (KHTML, like Gecko) Chrome/13.0.782.220 Safari/535.1"
193.62.194.252 - - [13/May/2022:00:35:49 +0000] "GET /presentations/mpi/images/leftarrow-disabled.png HTTP/1.1" 200 1150 "http://www.semicomplete.com/presentations/mpi/" "Mozilla/5.0 (X11; Linux x86_64) AppleWebKit/535.1 (KHTML, like Gecko) Chrome/13.0.782.220 Safari/535.1"
193.62.194.252 - - [13/May/2022:00:35:51 +0000] "GET /presentations/mpi/images/leftarrow.png HTTP/1.1" 200 885 "http://www.semicomplete.com/presentations/mpi/" "Mozilla/5.0 (X11; Linux x86_64) AppleWebKit/535.1 (KHTML, like Gecko) Chrome/13.0.782.220 Safari/535.1"
193.62.194.252 - - [13/May/2022:00:35:49 +0000] "GET /presentations/mpi/images/rightarrow.png HTTP/1.1" 200 927 "http://www.semicomplete.com/presentations/mpi/" "Mozilla/5.0 (X11; Linux x86_64) AppleWebKit/535.1 (KHTML, like Gecko) Chrome/13.0.782.220 Safari/535.1"
193.62.194.252 - - [13/May/2022:00:35:55 +0000] "GET /presentations/mpi/images/rightarrow-disabled.png HTTP/1.1" 200 1218 "http://www.semicomplete.com/presentations/mpi/" "Mozilla/5.0 (X11; Linux x86_64) AppleWebKit/535.1 (KHTML, like Gecko) Chrome/13.0.782.220 Safari/535.1"
54.220.160.83 - - [13/May/2022:00:36:00 +0000] "GET /images/jordan-80.png HTTP/1.1" 200 6146 "-" "Embedly +support@embed.ly"
209.17.114.78 - - [13/May/2022:00:35:58 +0000] "GET /presentations/logstash-intro/file/logstash-roadmap/kibana.png HTTP/1.1" 200 56686 "-" "Mozilla/4.0 (compatible; MSIE 6.0; Windows NT 5.2; SV1; .NET CLR 2.0.50727; InfoPath.1)"
46.105.14.53 - - [13/May/2022:00:36:19 +0000] "GET /blog/tags/puppet?flav=rss20 HTTP/1.1" 200 14872 "-" "UniversalFeedParser/4.2-pre-314-svn +http://feedparser.org/"
66.249.64.46 - - [13/May/2022:00:36:28 +0000] "GET /misc/nethack/nethack-rogue HTTP/1.1" 200 12087 "-" "Mozilla/5.0 (compatible; Googlebot/2.1; +http://www.google.com/bot.html)"
131.114.11.55 - - [13/May/2022:00:36:33 +0000] "GET /favicon.ico HTTP/1.1" 200 3638 "-" "Mozilla/5.0 (X11; Linux i686; rv:27.0) Gecko/20100101 Firefox/27.0"
103.6.150.140 - - [13/May/2022:00:36:46 +0000] "GET /reset.css HTTP/1.1" 200 1015 "http://www.semicomplete.com/blog/geekery/fpm.html" "Mozilla/5.0 (Macintosh; Intel Mac OS X 10_9_1) AppleWebKit/537.36 (KHTML, like Gecko) Chrome/31.0.1650.57 Safari/537.36"
103.6.150.140 - - [13/May/2022:00:36:46 +0000] "GET /blog/geekery/fpm.html HTTP/1.1" 200 11275 "http://blogfranz.blogspot.sg/2011/07/creating-debian-packages-with-fpm-for.html" "Mozilla/5.0 (Macintosh; Intel Mac OS X 10_9_1) AppleWebKit/537.36 (KHTML, like Gecko) Chrome/31.0.1650.57 Safari/537.36"
103.6.150.140 - - [13/May/2022:00:36:46 +0000] "GET /images/jordan-80.png HTTP/1.1" 200 6146 "http://www.semicomplete.com/blog/geekery/fpm.html" "Mozilla/5.0 (Macintosh; Intel Mac OS X 10_9_1) AppleWebKit/537.36 (KHTML, like Gecko) Chrome/31.0.1650.57 Safari/537.36"
103.6.150.140 - - [13/May/2022:00:36:46 +0000] "GET /style2.css HTTP/1.1" 200 4877 "http://www.semicomplete.com/blog/geekery/fpm.html" "Mozilla/5.0 (Macintosh; Intel Mac OS X 10_9_1) AppleWebKit/537.36 (KHTML, like Gecko) Chrome/31.0.1650.57 Safari/537.36"
103.6.150.140 - - [13/May/2022:00:36:47 +0000] "GET /images/web/2009/banner.png HTTP/1.1" 200 52315 "http://www.semicomplete.com/blog/geekery/fpm.html" "Mozilla/5.0 (Macintosh; Intel Mac OS X 10_9_1) AppleWebKit/537.36 (KHTML, like Gecko) Chrome/31.0.1650.57 Safari/537.36"
68.180.224.225 - - [13/May/2022:00:36:56 +0000] "GET /blog/tags/performance HTTP/1.1" 200 35691 "-" "Mozilla/5.0 (compatible; Yahoo! Slurp; http://help.yahoo.com/help/us/ysearch/slurp)"
103.6.150.140 - - [13/May/2022:00:36:48 +0000] "GET /favicon.ico HTTP/1.1" 200 3638 "-" "Mozilla/5.0 (Macintosh; Intel Mac OS X 10_9_1) AppleWebKit/537.36 (KHTML, like Gecko) Chrome/31.0.1650.57 Safari/537.36"
68.180.224.225 - - [13/May/2022:00:37:23 +0000] "GET /projects/ HTTP/1.1" 200 10927 "-" "Mozilla/5.0 (compatible; Yahoo! Slurp; http://help.yahoo.com/help/us/ysearch/slurp)"
66.249.64.46 - - [13/May/2022:00:37:08 +0000] "GET /blog/projects HTTP/1.1" 200 54683 "-" "Mozilla/5.0 (iPhone; CPU iPhone OS 6_0 like Mac OS X) AppleWebKit/536.26 (KHTML, like Gecko) Version/6.0 Mobile/10A5376e Safari/8536.25 (compatible; Googlebot/2.1; +http://www.google.com/bot.html)"
72.219.205.237 - - [13/May/2022:00:37:50 +0000] "GET /favicon.ico HTTP/1.1" 200 3638 "-" "Mozilla/5.0 (Windows NT 6.1; WOW64) AppleWebKit/537.36 (KHTML, like Gecko) Chrome/33.0.1736.2 Safari/537.36"
72.219.205.237 - - [13/May/2022:00:37:48 +0000] "GET /resume.xsl HTTP/1.1" 200 4662 "http://www.semicomplete.com/resume.xml" "Mozilla/5.0 (Windows NT 6.1; WOW64) AppleWebKit/537.36 (KHTML, like Gecko) Chrome/33.0.1736.2 Safari/537.36"
72.219.205.237 - - [13/May/2022:00:37:48 +0000] "GET /resume.xml HTTP/1.1" 200 25606 "https://www.google.com/" "Mozilla/5.0 (Windows NT 6.1; WOW64) AppleWebKit/537.36 (KHTML, like Gecko) Chrome/33.0.1736.2 Safari/537.36"
72.219.205.237 - - [13/May/2022:00:37:49 +0000] "GET /resume.css HTTP/1.1" 200 986 "http://www.semicomplete.com/resume.xml" "Mozilla/5.0 (Windows NT 6.1; WOW64) AppleWebKit/537.36 (KHTML, like Gecko) Chrome/33.0.1736.2 Safari/537.36"
66.249.64.14 - - [13/May/2022:00:39:28 +0000] "GET /files/wifipencap.sh HTTP/1.1" 304 - "-" "Mozilla/5.0 (compatible; Googlebot/2.1; +http://www.google.com/bot.html)"
77.102.233.55 - - [13/May/2022:00:39:59 +0000] "GET /projects/xdotool/ HTTP/1.1" 200 12292 "https://www.google.co.uk/" "Mozilla/5.0 (X11; Linux x86_64) AppleWebKit/537.36 (KHTML, like Gecko) Chrome/33.0.1750.115 Safari/537.36"
77.102.233.55 - - [13/May/2022:00:39:59 +0000] "GET /reset.css HTTP/1.1" 200 1015 "http://www.semicomplete.com/projects/xdotool/" "Mozilla/5.0 (X11; Linux x86_64) AppleWebKit/537.36 (KHTML, like Gecko) Chrome/33.0.1750.115 Safari/537.36"
77.102.233.55 - - [13/May/2022:00:39:59 +0000] "GET /style2.css HTTP/1.1" 200 4877 "http://www.semicomplete.com/projects/xdotool/" "Mozilla/5.0 (X11; Linux x86_64) AppleWebKit/537.36 (KHTML, like Gecko) Chrome/33.0.1750.115 Safari/537.36"
77.102.233.55 - - [13/May/2022:00:39:59 +0000] "GET /images/jordan-80.png HTTP/1.1" 200 6146 "http://www.semicomplete.com/projects/xdotool/" "Mozilla/5.0 (X11; Linux x86_64) AppleWebKit/537.36 (KHTML, like Gecko) Chrome/33.0.1750.115 Safari/537.36"
77.102.233.55 - - [13/May/2022:00:40:01 +0000] "GET /favicon.ico HTTP/1.1" 200 3638 "-" "Mozilla/5.0 (X11; Linux x86_64) AppleWebKit/537.36 (KHTML, like Gecko) Chrome/33.0.1750.115 Safari/537.36"
77.102.233.55 - - [13/May/2022:00:40:00 +0000] "GET /images/web/2009/banner.png HTTP/1.1" 200 52315 "http://www.semicomplete.com/projects/xdotool/" "Mozilla/5.0 (X11; Linux x86_64) AppleWebKit/537.36 (KHTML, like Gecko) Chrome/33.0.1750.115 Safari/537.36"
107.170.40.199 - - [13/May/2022:00:40:14 +0000] "GET /?flav=atom HTTP/1.1" 200 32352 "-" "Feedbin - 1 subscribers"
24.8.92.137 - - [13/May/2022:00:40:10 +0000] "GET /?flav=rss20 HTTP/1.1" 200 29941 "-" "Mozilla/5.0 (Linux; Android 4.4.2; Nexus 5 Build/KOT49H) AppleWebKit/537.36 (KHTML, like Gecko) Version/4.0 Chrome/30.0.0.0 Mobile Safari/537.36"
77.102.233.55 - - [13/May/2022:00:40:44 +0000] "GET /projects/xdotool/xdotool.xhtml HTTP/1.1" 200 50112 "http://www.semicomplete.com/projects/xdotool/" "Mozilla/5.0 (X11; Linux x86_64) AppleWebKit/537.36 (KHTML, like Gecko) Chrome/33.0.1750.115 Safari/537.36"
46.105.14.53 - - [13/May/2022:00:41:23 +0000] "GET /blog/tags/puppet?flav=rss20 HTTP/1.1" 200 14872 "-" "UniversalFeedParser/4.2-pre-314-svn +http://feedparser.org/"
68.180.224.225 - - [13/May/2022:00:40:20 +0000] "GET /projects/grok HTTP/1.1" 301 341 "-" "Mozilla/5.0 (compatible; Yahoo! Slurp; http://help.yahoo.com/help/us/ysearch/slurp)"
66.249.64.47 - - [13/May/2022:00:41:27 +0000] "GET /blog/tags/keys HTTP/1.1" 200 10073 "-" "Mozilla/5.0 (iPhone; CPU iPhone OS 6_0 like Mac OS X) AppleWebKit/536.26 (KHTML, like Gecko) Version/6.0 Mobile/10A5376e Safari/8536.25 (compatible; Googlebot/2.1; +http://www.google.com/bot.html)"
199.217.32.2 - - [13/May/2022:00:41:23 +0000] "GET /presentations/logstash-scale11x/images/ahhh___rage_face_by_samusmmx-d5g5zap.png HTTP/1.1" 200 175208 "-" "Mozilla/5.0 (Windows NT 6.1; WOW64; rv:26.0) Gecko/20100101 Firefox/26.0"
68.230.220.237 - - [13/May/2022:00:41:57 +0000] "GET /presentations/logstash-blah/images/office-space-printer-beat-down-gif.gif HTTP/1.1" 200 6443283 "-" "Mozilla/5.0 (Macintosh; Intel Mac OS X 10_9_1) AppleWebKit/537.73.11 (KHTML, like Gecko) Version/7.0.1 Safari/537.73.11"
148.187.160.70 - - [13/May/2022:00:42:24 +0000] "GET /presentations/logstash-monitorama-2013/ HTTP/1.1" 200 34838 "http://www.google.ch/url?sa=t&rct=j&q=&esrc=s&source=web&cd=14&ved=0CDkQFjADOAo&url=http%3A%2F%2Fsemicomplete.com%2Fpresentations%2Flogstash-monitorama-2013%2F&ei=5jcGU9bLNaiY4wTZnYHQAw&usg=AFQjCNHM_kxbprNps9eGBwEn4X52lzCakA" "Mozilla/5.0 (Macintosh; Intel Mac OS X 10.9; rv:21.0) Gecko/20100101 Firefox/21.0"
148.187.160.70 - - [13/May/2022:00:42:24 +0000] "GET /presentations/logstash-monitorama-2013/lib/css/zenburn.css HTTP/1.1" 200 1791 "http://semicomplete.com/presentations/logstash-monitorama-2013/" "Mozilla/5.0 (Macintosh; Intel Mac OS X 10.9; rv:21.0) Gecko/20100101 Firefox/21.0"
148.187.160.70 - - [13/May/2022:00:42:24 +0000] "GET /presentations/logstash-monitorama-2013/css/reveal.min.css HTTP/1.1" 200 23581 "http://semicomplete.com/presentations/logstash-monitorama-2013/" "Mozilla/5.0 (Macintosh; Intel Mac OS X 10.9; rv:21.0) Gecko/20100101 Firefox/21.0"
148.187.160.70 - - [13/May/2022:00:42:24 +0000] "GET /presentations/logstash-monitorama-2013/css/fonts/Roboto.css HTTP/1.1" 200 357 "http://semicomplete.com/presentations/logstash-monitorama-2013/css/theme/night-jls.css" "Mozilla/5.0 (Macintosh; Intel Mac OS X 10.9; rv:21.0) Gecko/20100101 Firefox/21.0"
148.187.160.70 - - [13/May/2022:00:42:24 +0000] "GET /presentations/logstash-monitorama-2013/css/fonts/OpenSans.css HTTP/1.1" 200 863 "http://semicomplete.com/presentations/logstash-monitorama-2013/css/theme/night-jls.css" "Mozilla/5.0 (Macintosh; Intel Mac OS X 10.9; rv:21.0) Gecko/20100101 Firefox/21.0"
148.187.160.70 - - [13/May/2022:00:42:25 +0000] "GET /presentations/logstash-monitorama-2013/images/github-contributions.png HTTP/1.1" 200 34245 "http://semicomplete.com/presentations/logstash-monitorama-2013/" "Mozilla/5.0 (Macintosh; Intel Mac OS X 10.9; rv:21.0) Gecko/20100101 Firefox/21.0"
148.187.160.70 - - [13/May/2022:00:42:25 +0000] "GET /presentations/logstash-monitorama-2013/images/logstash.png HTTP/1.1" 200 47731 "http://semicomplete.com/presentations/logstash-monitorama-2013/" "Mozilla/5.0 (Macintosh; Intel Mac OS X 10.9; rv:21.0) Gecko/20100101 Firefox/21.0"
148.187.160.70 - - [13/May/2022:00:42:25 +0000] "GET /presentations/logstash-monitorama-2013/images/kibana-search.png HTTP/1.1" 200 203023 "http://semicomplete.com/presentations/logstash-monitorama-2013/" "Mozilla/5.0 (Macintosh; Intel Mac OS X 10.9; rv:21.0) Gecko/20100101 Firefox/21.0"
148.187.160.70 - - [13/May/2022:00:42:25 +0000] "GET /presentations/logstash-monitorama-2013/images/kibana-dashboard3.png HTTP/1.1" 200 171717 "http://semicomplete.com/presentations/logstash-monitorama-2013/" "Mozilla/5.0 (Macintosh; Intel Mac OS X 10.9; rv:21.0) Gecko/20100101 Firefox/21.0"
148.187.160.70 - - [13/May/2022:00:42:25 +0000] "GET /presentations/logstash-monitorama-2013/images/kibana-dashboard2.png HTTP/1.1" 200 394967 "http://semicomplete.com/presentations/logstash-monitorama-2013/" "Mozilla/5.0 (Macintosh; Intel Mac OS X 10.9; rv:21.0) Gecko/20100101 Firefox/21.0"
148.187.160.70 - - [13/May/2022:00:42:25 +0000] "GET /presentations/logstash-monitorama-2013/css/print/paper.css HTTP/1.1" 200 4254 "http://semicomplete.com/presentations/logstash-monitorama-2013/" "Mozilla/5.0 (Macintosh; Intel Mac OS X 10.9; rv:21.0) Gecko/20100101 Firefox/21.0"
148.187.160.70 - - [13/May/2022:00:42:24 +0000] "GET /presentations/logstash-monitorama-2013/css/extra.css HTTP/1.1" 200 1753 "http://semicomplete.com/presentations/logstash-monitorama-2013/" "Mozilla/5.0 (Macintosh; Intel Mac OS X 10.9; rv:21.0) Gecko/20100101 Firefox/21.0"
148.187.160.70 - - [13/May/2022:00:42:25 +0000] "GET /presentations/logstash-monitorama-2013/images/sad-medic.png HTTP/1.1" 200 430406 "http://semicomplete.com/presentations/logstash-monitorama-2013/" "Mozilla/5.0 (Macintosh; Intel Mac OS X 10.9; rv:21.0) Gecko/20100101 Firefox/21.0"
148.187.160.70 - - [13/May/2022:00:42:26 +0000] "GET /presentations/logstash-monitorama-2013/images/Dreamhost_logo.svg HTTP/1.1" 200 2126 "http://semicomplete.com/presentations/logstash-monitorama-2013/" "Mozilla/5.0 (Macintosh; Intel Mac OS X 10.9; rv:21.0) Gecko/20100101 Firefox/21.0"
148.187.160.70 - - [13/May/2022:00:42:26 +0000] "GET /presentations/logstash-monitorama-2013/images/frontend-response-codes.png HTTP/1.1" 200 52878 "http://semicomplete.com/presentations/logstash-monitorama-2013/" "Mozilla/5.0 (Macintosh; Intel Mac OS X 10.9; rv:21.0) Gecko/20100101 Firefox/21.0"
148.187.160.70 - - [13/May/2022:00:42:26 +0000] "GET /presentations/logstash-monitorama-2013/images/nagios-sms5.png HTTP/1.1" 200 78075 "http://semicomplete.com/presentations/logstash-monitorama-2013/" "Mozilla/5.0 (Macintosh; Intel Mac OS X 10.9; rv:21.0) Gecko/20100101 Firefox/21.0"
148.187.160.70 - - [13/May/2022:00:42:26 +0000] "GET /presentations/logstash-monitorama-2013/images/apache-icon.gif HTTP/1.1" 200 8095 "http://semicomplete.com/presentations/logstash-monitorama-2013/" "Mozilla/5.0 (Macintosh; Intel Mac OS X 10.9; rv:21.0) Gecko/20100101 Firefox/21.0"
148.187.160.70 - - [13/May/2022:00:42:24 +0000] "GET /presentations/logstash-monitorama-2013/css/theme/night-jls.css HTTP/1.1" 200 3811 "http://semicomplete.com/presentations/logstash-monitorama-2013/" "Mozilla/5.0 (Macintosh; Intel Mac OS X 10.9; rv:21.0) Gecko/20100101 Firefox/21.0"
148.187.160.70 - - [13/May/2022:00:42:26 +0000] "GET /presentations/logstash-monitorama-2013/images/kibana-dashboard.png HTTP/1.1" 200 321631 "http://semicomplete.com/presentations/logstash-monitorama-2013/" "Mozilla/5.0 (Macintosh; Intel Mac OS X 10.9; rv:21.0) Gecko/20100101 Firefox/21.0"
148.187.160.70 - - [13/May/2022:00:42:27 +0000] "GET /presentations/logstash-monitorama-2013/images/elasticsearch.png HTTP/1.1" 200 8026 "http://semicomplete.com/presentations/logstash-monitorama-2013/" "Mozilla/5.0 (Macintosh; Intel Mac OS X 10.9; rv:21.0) Gecko/20100101 Firefox/21.0"
148.187.160.70 - - [13/May/2022:00:42:26 +0000] "GET /presentations/logstash-monitorama-2013/images/redis.png HTTP/1.1" 200 25230 "http://semicomplete.com/presentations/logstash-monitorama-2013/" "Mozilla/5.0 (Macintosh; Intel Mac OS X 10.9; rv:21.0) Gecko/20100101 Firefox/21.0"
148.187.160.70 - - [13/May/2022:00:42:27 +0000] "GET /presentations/logstash-monitorama-2013/lib/js/head.min.js HTTP/1.1" 200 3170 "http://semicomplete.com/presentations/logstash-monitorama-2013/" "Mozilla/5.0 (Macintosh; Intel Mac OS X 10.9; rv:21.0) Gecko/20100101 Firefox/21.0"
148.187.160.70 - - [13/May/2022:00:42:27 +0000] "GET /presentations/logstash-monitorama-2013/images/logstashbook.png HTTP/1.1" 200 54662 "http://semicomplete.com/presentations/logstash-monitorama-2013/" "Mozilla/5.0 (Macintosh; Intel Mac OS X 10.9; rv:21.0) Gecko/20100101 Firefox/21.0"
148.187.160.70 - - [13/May/2022:00:42:26 +0000] "GET /presentations/logstash-monitorama-2013/images/simple-inputs-filters-outputs.jpg HTTP/1.1" 200 1168622 "http://semicomplete.com/presentations/logstash-monitorama-2013/" "Mozilla/5.0 (Macintosh; Intel Mac OS X 10.9; rv:21.0) Gecko/20100101 Firefox/21.0"
148.187.160.70 - - [13/May/2022:00:42:26 +0000] "GET /presentations/logstash-monitorama-2013/images/tiered-outputs-to-inputs.jpg HTTP/1.1" 200 1079983 "http://semicomplete.com/presentations/logstash-monitorama-2013/" "Mozilla/5.0 (Macintosh; Intel Mac OS X 10.9; rv:21.0) Gecko/20100101 Firefox/21.0"
148.187.160.70 - - [13/May/2022:00:42:27 +0000] "GET /presentations/logstash-monitorama-2013/js/reveal.min.js HTTP/1.1" 200 18091 "http://semicomplete.com/presentations/logstash-monitorama-2013/" "Mozilla/5.0 (Macintosh; Intel Mac OS X 10.9; rv:21.0) Gecko/20100101 Firefox/21.0"
148.187.160.70 - - [13/May/2022:00:42:27 +0000] "GET /presentations/logstash-monitorama-2013/css/fonts/cJZKeOuBrn4kERxqtaUH3aCWcynf_cDxXwCLxiixG1c.ttf HTTP/1.1" 200 36492 "http://semicomplete.com/presentations/logstash-monitorama-2013/css/fonts/OpenSans.css" "Mozilla/5.0 (Macintosh; Intel Mac OS X 10.9; rv:21.0) Gecko/20100101 Firefox/21.0"
148.187.160.70 - - [13/May/2022:00:42:27 +0000] "GET /presentations/logstash-monitorama-2013/images/1983_delorean_dmc-12-pic-38289.jpeg HTTP/1.1" 200 220562 "http://semicomplete.com/presentations/logstash-monitorama-2013/" "Mozilla/5.0 (Macintosh; Intel Mac OS X 10.9; rv:21.0) Gecko/20100101 Firefox/21.0"
148.187.160.70 - - [13/May/2022:00:42:27 +0000] "GET /presentations/logstash-monitorama-2013/plugin/markdown/showdown.js HTTP/1.1" 200 9904 "http://semicomplete.com/presentations/logstash-monitorama-2013/" "Mozilla/5.0 (Macintosh; Intel Mac OS X 10.9; rv:21.0) Gecko/20100101 Firefox/21.0"
148.187.160.70 - - [13/May/2022:00:42:28 +0000] "GET /presentations/logstash-monitorama-2013/plugin/markdown/markdown.js HTTP/1.1" 200 1187 "http://semicomplete.com/presentations/logstash-monitorama-2013/" "Mozilla/5.0 (Macintosh; Intel Mac OS X 10.9; rv:21.0) Gecko/20100101 Firefox/21.0"
148.187.160.70 - - [13/May/2022:00:42:28 +0000] "GET /presentations/logstash-monitorama-2013/plugin/notes/notes.js HTTP/1.1" 200 2892 "http://semicomplete.com/presentations/logstash-monitorama-2013/" "Mozilla/5.0 (Macintosh; Intel Mac OS X 10.9; rv:21.0) Gecko/20100101 Firefox/21.0"
148.187.160.70 - - [13/May/2022:00:42:27 +0000] "GET /presentations/logstash-monitorama-2013/css/fonts/xjAJXh38I15wypJXxuGMBp0EAVxt0G0biEntp43Qt6E.ttf HTTP/1.1" 200 34416 "http://semicomplete.com/presentations/logstash-monitorama-2013/css/fonts/OpenSans.css" "Mozilla/5.0 (Macintosh; Intel Mac OS X 10.9; rv:21.0) Gecko/20100101 Firefox/21.0"
148.187.160.70 - - [13/May/2022:00:42:28 +0000] "GET /presentations/logstash-monitorama-2013/plugin/zoom-js/zoom.js HTTP/1.1" 200 7697 "http://semicomplete.com/presentations/logstash-monitorama-2013/" "Mozilla/5.0 (Macintosh; Intel Mac OS X 10.9; rv:21.0) Gecko/20100101 Firefox/21.0"
148.187.160.70 - - [13/May/2022:00:42:28 +0000] "GET /presentations/logstash-monitorama-2013/css/fonts/Roboto-Regular.ttf HTTP/1.1" 200 41820 "http://semicomplete.com/presentations/logstash-monitorama-2013/css/fonts/Roboto.css" "Mozilla/5.0 (Macintosh; Intel Mac OS X 10.9; rv:21.0) Gecko/20100101 Firefox/21.0"
148.187.160.70 - - [13/May/2022:00:42:28 +0000] "GET /presentations/logstash-monitorama-2013/plugin/highlight/highlight.js HTTP/1.1" 200 26185 "http://semicomplete.com/presentations/logstash-monitorama-2013/" "Mozilla/5.0 (Macintosh; Intel Mac OS X 10.9; rv:21.0) Gecko/20100101 Firefox/21.0"
148.187.160.70 - - [13/May/2022:00:42:28 +0000] "GET /presentations/logstash-monitorama-2013/css/fonts/Roboto-Bold.ttf HTTP/1.1" 200 38720 "http://semicomplete.com/presentations/logstash-monitorama-2013/css/fonts/Roboto.css" "Mozilla/5.0 (Macintosh; Intel Mac OS X 10.9; rv:21.0) Gecko/20100101 Firefox/21.0"
148.187.160.70 - - [13/May/2022:00:42:29 +0000] "GET /favicon.ico HTTP/1.1" 200 3638 "-" "Mozilla/5.0 (Macintosh; Intel Mac OS X 10.9; rv:21.0) Gecko/20100101 Firefox/21.0"
148.187.160.70 - - [13/May/2022:00:43:39 +0000] "GET /presentations/logstash-monitorama-2013/css/fonts/k3k702ZOKiLJc3WVjuplzInF5uFdDttMLvmWuJdhhgs.ttf HTTP/1.1" 200 38108 "http://semicomplete.com/presentations/logstash-monitorama-2013/css/fonts/OpenSans.css" "Mozilla/5.0 (Macintosh; Intel Mac OS X 10.9; rv:21.0) Gecko/20100101 Firefox/21.0"
198.46.149.143 - - [13/May/2022:00:44:04 +0000] "GET /blog/geekery/disabling-battery-in-ubuntu-vms.html?utm_source=feedburner&utm_medium=feed&utm_campaign=Feed%3A+semicomplete%2Fmain+%28semicomplete.com+-+Jordan+Sissel%29 HTTP/1.1" 200 9316 "-" "Tiny Tiny RSS/1.11 (http://tt-rss.org/)"
198.46.149.143 - - [13/May/2022:00:44:04 +0000] "GET /blog/geekery/solving-good-or-bad-problems.html?utm_source=feedburner&utm_medium=feed&utm_campaign=Feed%3A+semicomplete%2Fmain+%28semicomplete.com+-+Jordan+Sissel%29 HTTP/1.1" 200 10756 "-" "Tiny Tiny RSS/1.11 (http://tt-rss.org/)"
188.80.151.14 - - [13/May/2022:00:43:40 +0000] "GET /favicon.ico HTTP/1.1" 200 3638 "-" "Mozilla/5.0 (Windows NT 6.1; rv:27.0) Gecko/20100101 Firefox/27.0"
141.210.133.183 - - [13/May/2022:00:44:24 +0000] "GET /articles/dynamic-dns-with-dhcp/ HTTP/1.1" 200 18848 "http://www.google.com/url?sa=t&rct=j&q=&esrc=s&source=web&cd=2&ved=0CCsQFjAB&url=http%3A%2F%2Fwww.semicomplete.com%2Farticles%2Fdynamic-dns-with-dhcp%2F&ei=azgGU4rSBcHJygHJkIGwAw&usg=AFQjCNEF1X4Rs52UYQyLiySTQxa97ozM4g" "Mozilla/5.0 (X11; Ubuntu; Linux x86_64; rv:26.0) Gecko/20100101 Firefox/26.0"
141.210.133.183 - - [13/May/2022:00:44:25 +0000] "GET /reset.css HTTP/1.1" 200 1015 "http://www.semicomplete.com/articles/dynamic-dns-with-dhcp/" "Mozilla/5.0 (X11; Ubuntu; Linux x86_64; rv:26.0) Gecko/20100101 Firefox/26.0"
141.210.133.183 - - [13/May/2022:00:44:25 +0000] "GET /style2.css HTTP/1.1" 200 4877 "http://www.semicomplete.com/articles/dynamic-dns-with-dhcp/" "Mozilla/5.0 (X11; Ubuntu; Linux x86_64; rv:26.0) Gecko/20100101 Firefox/26.0"
141.210.133.183 - - [13/May/2022:00:44:25 +0000] "GET /favicon.ico HTTP/1.1" 200 3638 "-" "Mozilla/5.0 (X11; Ubuntu; Linux x86_64; rv:26.0) Gecko/20100101 Firefox/26.0"
141.210.133.183 - - [13/May/2022:00:44:25 +0000] "GET /images/jordan-80.png HTTP/1.1" 200 6146 "http://www.semicomplete.com/articles/dynamic-dns-with-dhcp/" "Mozilla/5.0 (X11; Ubuntu; Linux x86_64; rv:26.0) Gecko/20100101 Firefox/26.0"
141.210.133.183 - - [13/May/2022:00:44:25 +0000] "GET /images/web/2009/banner.png HTTP/1.1" 200 52315 "http://www.semicomplete.com/style2.css" "Mozilla/5.0 (X11; Ubuntu; Linux x86_64; rv:26.0) Gecko/20100101 Firefox/26.0"
66.249.64.46 - - [13/May/2022:00:45:43 +0000] "GET /blog/tags/solaris HTTP/1.1" 200 15391 "-" "Mozilla/5.0 (iPhone; CPU iPhone OS 6_0 like Mac OS X) AppleWebKit/536.26 (KHTML, like Gecko) Version/6.0 Mobile/10A5376e Safari/8536.25 (compatible; Googlebot/2.1; +http://www.google.com/bot.html)"
208.68.154.17 - - [13/May/2022:00:44:44 +0000] "GET /presentations/logstash-scale11x/images/ahhh___rage_face_by_samusmmx-d5g5zap.png HTTP/1.1" 200 175208 "http://www.google.com/blank.html" "Mozilla/5.0 (Windows NT 5.1) AppleWebKit/537.36 (KHTML, like Gecko) Chrome/32.0.1700.107 Safari/537.36"
208.115.111.72 - - [13/May/2022:00:46:01 +0000] "GET /robots.txt HTTP/1.1" 200 - "-" "Mozilla/5.0 (compatible; Ezooms/1.0; help@moz.com)"
208.115.111.72 - - [13/May/2022:00:46:01 +0000] "GET /robots.txt HTTP/1.1" 200 - "-" "Mozilla/5.0 (compatible; Ezooms/1.0; help@moz.com)"
81.235.206.116 - - [13/May/2022:00:45:42 +0000] "GET /presentations/logstash-scale11x/images/ahhh___rage_face_by_samusmmx-d5g5zap.png HTTP/1.1" 200 175208 "-" "Mozilla/5.0 (Windows NT 6.1; WOW64) AppleWebKit/537.36 (KHTML, like Gecko) Chrome/32.0.1700.107 Safari/537.36"
46.105.14.53 - - [13/May/2022:00:46:19 +0000] "GET /blog/tags/puppet?flav=rss20 HTTP/1.1" 200 14872 "-" "UniversalFeedParser/4.2-pre-314-svn +http://feedparser.org/"
139.85.223.10 - - [13/May/2022:00:46:56 +0000] "GET /projects/grok/ HTTP/1.1" 301 341 "http://rpmfind.net/linux/RPM/sourceforge/l/li/linuxrpms/centos5/grok/grok-1.20110818.1-1.x86_64.html" "Mozilla/5.0 (Windows NT 6.1; WOW64) AppleWebKit/537.36 (KHTML, like Gecko) Chrome/32.0.1700.107 Safari/537.36"
136.165.220.32 - - [13/May/2022:00:47:45 +0000] "GET /presentations/logstash-scale11x/images/sad-medic.png HTTP/1.1" 200 430406 "-" "Mozilla/5.0 (Macintosh; Intel Mac OS X 10_8_5) AppleWebKit/537.36 (KHTML, like Gecko) Chrome/32.0.1700.107 Safari/537.36"
180.76.6.65 - - [13/May/2022:00:48:04 +0000] "GET /blog/site/sitemove3.html HTTP/1.1" 200 8696 "-" "Mozilla/5.0 (compatible; Baiduspider/2.0; +http://www.baidu.com/search/spider.html)"
50.16.19.13 - - [13/May/2022:00:48:28 +0000] "GET /blog/tags/puppet?flav=rss20 HTTP/1.1" 200 14872 "http://www.semicomplete.com/blog/tags/puppet?flav=rss20" "Tiny Tiny RSS/1.11 (http://tt-rss.org/)"
209.85.238.199 - - [13/May/2022:00:49:06 +0000] "GET /test.xml HTTP/1.1" 200 1370 "-" "Feedfetcher-Google; (+http://www.google.com/feedfetcher.html; 1 subscribers; feed-id=11390274670024826467)"
188.40.60.225 - - [13/May/2022:00:48:30 +0000] "GET / HTTP/1.1" 200 37932 "-" "Mozilla/5.0 (Windows; U; Windows NT 5.1; en; rv:1.9.1.3) Gecko/20090824 Firefox/3.5.3"
72.239.128.241 - - [13/May/2022:00:49:25 +0000] "GET /blog/geekery/jquery-formfill-v2.html HTTP/1.1" 200 9822 "http://www.semicomplete.com/blog/geekery/jquery-formfill-v1.html" "Mozilla/5.0 (Windows NT 6.1; WOW64) AppleWebKit/537.36 (KHTML, like Gecko) Chrome/32.0.1700.107 Safari/537.36"
66.249.64.45 - - [13/May/2022:00:50:03 +0000] "GET /blog/tags/ssh%20tricks HTTP/1.1" 200 9732 "-" "Mozilla/5.0 (iPhone; CPU iPhone OS 6_0 like Mac OS X) AppleWebKit/536.26 (KHTML, like Gecko) Version/6.0 Mobile/10A5376e Safari/8536.25 (compatible; Googlebot/2.1; +http://www.google.com/bot.html)"
66.249.93.91 - - [13/May/2022:00:49:57 +0000] "GET /favicon.ico HTTP/1.1" 200 3638 "-" "Mozilla/5.0 (Windows NT 6.1; rv:6.0) Gecko/20110814 Firefox/6.0 Google favicon"
208.115.113.88 - - [13/May/2022:00:50:43 +0000] "GET /blog/tags/perl HTTP/1.1" 200 36041 "-" "Mozilla/5.0 (compatible; Ezooms/1.0; help@moz.com)"
166.147.72.153 - - [13/May/2022:00:50:56 +0000] "GET /blog/tags/logs HTTP/1.1" 200 34598 "https://www.google.com/" "Mozilla/5.0 (iPhone; CPU iPhone OS 7_0_4 like Mac OS X) AppleWebKit/537.51.1 (KHTML, like Gecko) Version/7.0 Mobile/11B554a Safari/9537.53"
166.147.72.153 - - [13/May/2022:00:50:56 +0000] "GET /reset.css HTTP/1.1" 200 1015 "http://www.semicomplete.com/blog/tags/logs" "Mozilla/5.0 (iPhone; CPU iPhone OS 7_0_4 like Mac OS X) AppleWebKit/537.51.1 (KHTML, like Gecko) Version/7.0 Mobile/11B554a Safari/9537.53"
166.147.72.153 - - [13/May/2022:00:50:56 +0000] "GET /style2.css HTTP/1.1" 200 4877 "http://www.semicomplete.com/blog/tags/logs" "Mozilla/5.0 (iPhone; CPU iPhone OS 7_0_4 like Mac OS X) AppleWebKit/537.51.1 (KHTML, like Gecko) Version/7.0 Mobile/11B554a Safari/9537.53"
166.147.72.153 - - [13/May/2022:00:50:56 +0000] "GET /images/jordan-80.png HTTP/1.1" 200 6146 "http://www.semicomplete.com/blog/tags/logs" "Mozilla/5.0 (iPhone; CPU iPhone OS 7_0_4 like Mac OS X) AppleWebKit/537.51.1 (KHTML, like Gecko) Version/7.0 Mobile/11B554a Safari/9537.53"
166.147.72.153 - - [13/May/2022:00:50:56 +0000] "GET /images/webhits-1.png HTTP/1.1" 200 22218 "http://www.semicomplete.com/blog/tags/logs" "Mozilla/5.0 (iPhone; CPU iPhone OS 7_0_4 like Mac OS X) AppleWebKit/537.51.1 (KHTML, like Gecko) Version/7.0 Mobile/11B554a Safari/9537.53"
166.147.72.153 - - [13/May/2022:00:50:56 +0000] "GET /images/webhits-2.png HTTP/1.1" 200 23776 "http://www.semicomplete.com/blog/tags/logs" "Mozilla/5.0 (iPhone; CPU iPhone OS 7_0_4 like Mac OS X) AppleWebKit/537.51.1 (KHTML, like Gecko) Version/7.0 Mobile/11B554a Safari/9537.53"
166.147.72.153 - - [13/May/2022:00:50:56 +0000] "GET /images/web/2009/banner.png HTTP/1.1" 200 52315 "http://www.semicomplete.com/blog/tags/logs" "Mozilla/5.0 (iPhone; CPU iPhone OS 7_0_4 like Mac OS X) AppleWebKit/537.51.1 (KHTML, like Gecko) Version/7.0 Mobile/11B554a Safari/9537.53"
166.147.72.153 - - [13/May/2022:00:50:56 +0000] "GET /images/webhits-3.png HTTP/1.1" 200 22331 "http://www.semicomplete.com/blog/tags/logs" "Mozilla/5.0 (iPhone; CPU iPhone OS 7_0_4 like Mac OS X) AppleWebKit/537.51.1 (KHTML, like Gecko) Version/7.0 Mobile/11B554a Safari/9537.53"
208.115.113.88 - - [13/May/2022:00:50:57 +0000] "GET /files/?C=M;O=D HTTP/1.1" 200 13277 "-" "Mozilla/5.0 (compatible; Ezooms/1.0; help@moz.com)"
208.115.113.88 - - [13/May/2022:00:50:58 +0000] "GET /files/blogposts/20090520/?C=M;O=A HTTP/1.1" 200 962 "-" "Mozilla/5.0 (compatible; Ezooms/1.0; help@moz.com)"
208.115.113.88 - - [13/May/2022:00:50:59 +0000] "GET /projects/xboxproxy/ HTTP/1.1" 200 13171 "-" "Mozilla/5.0 (compatible; Ezooms/1.0; help@moz.com)"
208.115.113.88 - - [13/May/2022:00:51:00 +0000] "GET /scripts/python/wrap/python-method-wrapper/?C=M;O=D HTTP/1.1" 200 2451 "-" "Mozilla/5.0 (compatible; Ezooms/1.0; help@moz.com)"
208.115.113.88 - - [13/May/2022:00:51:05 +0000] "GET /blog/geekery/grok-20091227.html HTTP/1.1" 200 9298 "-" "Mozilla/5.0 (compatible; Ezooms/1.0; help@moz.com)"
208.115.113.88 - - [13/May/2022:00:51:05 +0000] "GET /blog/geekery/grok-mailing-list.html HTTP/1.1" 200 8924 "-" "Mozilla/5.0 (compatible; Ezooms/1.0; help@moz.com)"
208.115.113.88 - - [13/May/2022:00:51:06 +0000] "GET /blog/geekery/ruby-minstrel-instrumenter.html HTTP/1.1" 200 10598 "-" "Mozilla/5.0 (compatible; Ezooms/1.0; help@moz.com)"
208.115.113.88 - - [13/May/2022:00:51:15 +0000] "GET /blog/projects/urledit-screencast.avi HTTP/1.1" 404 7861 "-" "Mozilla/5.0 (compatible; Ezooms/1.0; help@moz.com)"
208.115.113.88 - - [13/May/2022:00:51:16 +0000] "GET /blog/tags/javascript HTTP/1.1" 200 29458 "-" "Mozilla/5.0 (compatible; Ezooms/1.0; help@moz.com)"
208.115.113.88 - - [13/May/2022:00:51:17 +0000] "GET /blog/tags/opendns HTTP/1.1" 200 8361 "-" "Mozilla/5.0 (compatible; Ezooms/1.0; help@moz.com)"
208.115.113.88 - - [13/May/2022:00:51:19 +0000] "GET /blog/tags/strptime HTTP/1.1" 200 10903 "-" "Mozilla/5.0 (compatible; Ezooms/1.0; help@moz.com)"
208.115.113.88 - - [13/May/2022:00:51:20 +0000] "GET /blog/tags/templates HTTP/1.1" 200 10260 "-" "Mozilla/5.0 (compatible; Ezooms/1.0; help@moz.com)"
208.115.113.88 - - [13/May/2022:00:51:21 +0000] "GET /files/blogposts/20070901/ HTTP/1.1" 200 980 "-" "Mozilla/5.0 (compatible; Ezooms/1.0; help@moz.com)"
208.115.113.88 - - [13/May/2022:00:51:22 +0000] "GET /files/blogposts/20070915/patch-ruby1.8.6-regcomp.c HTTP/1.1" 200 2092 "-" "Mozilla/5.0 (compatible; Ezooms/1.0; help@moz.com)"
46.105.14.53 - - [13/May/2022:00:51:23 +0000] "GET /blog/tags/puppet?flav=rss20 HTTP/1.1" 200 14872 "-" "UniversalFeedParser/4.2-pre-314-svn +http://feedparser.org/"
208.115.113.88 - - [13/May/2022:00:51:29 +0000] "GET /files/cgrok/?C=N;O=A HTTP/1.1" 200 1868 "-" "Mozilla/5.0 (compatible; Ezooms/1.0; help@moz.com)"
208.115.113.88 - - [13/May/2022:00:51:29 +0000] "GET /files/cgrok/?C=D;O=D HTTP/1.1" 200 1868 "-" "Mozilla/5.0 (compatible; Ezooms/1.0; help@moz.com)"
208.115.113.88 - - [13/May/2022:00:51:29 +0000] "GET /files/rpm/logstash/?C=M;O=D HTTP/1.1" 200 5115 "-" "Mozilla/5.0 (compatible; Ezooms/1.0; help@moz.com)"
208.115.113.88 - - [13/May/2022:00:51:40 +0000] "GET /geekery/find-that-lost-screen-session-2.html HTTP/1.1" 404 328 "-" "Mozilla/5.0 (compatible; Ezooms/1.0; help@moz.com)"
74.125.176.151 - - [13/May/2022:00:51:41 +0000] "GET /?flav=rss20 HTTP/1.1" 200 29941 "-" "FeedBurner/1.0 (http://www.FeedBurner.com)"
66.249.64.46 - - [13/May/2022:00:51:42 +0000] "GET /blog/tags/firefox?flav=rss20 HTTP/1.1" 200 16021 "-" "Mozilla/5.0 (compatible; Googlebot/2.1; +http://www.google.com/bot.html)"
208.115.113.88 - - [13/May/2022:00:51:41 +0000] "GET /scripts/less-custom HTTP/1.1" 200 1108 "-" "Mozilla/5.0 (compatible; Ezooms/1.0; help@moz.com)"
208.115.113.88 - - [13/May/2022:00:51:43 +0000] "GET /scripts/mq HTTP/1.1" 200 1250 "-" "Mozilla/5.0 (compatible; Ezooms/1.0; help@moz.com)"
5.10.83.98 - - [13/May/2022:00:51:43 +0000] "GET /blog/tags/mechanize HTTP/1.1" 200 11805 "-" "Mozilla/5.0 (compatible; AhrefsBot/5.0; +http://ahrefs.com/robot/)"
208.115.113.88 - - [13/May/2022:00:51:44 +0000] "GET /scripts/python/?C=S;O=D HTTP/1.1" 200 1137 "-" "Mozilla/5.0 (compatible; Ezooms/1.0; help@moz.com)"
183.60.213.105 - - [13/May/2022:00:52:24 +0000] "GET /blog/tags/event HTTP/1.1" 200 12091 "-" "Mozilla/5.0 (compatible; EasouSpider; +http://www.easou.com/search/spider.html)"
208.91.156.11 - - [13/May/2022:00:53:13 +0000] "GET /files/logstash/logstash-1.3.2-monolithic.jar HTTP/1.1" 404 324 "-" "Chef Client/10.18.2 (ruby-1.9.3-p327; ohai-6.16.0; x86_64-linux; +http://opscode.com)"
5.10.83.82 - - [13/May/2022:00:53:29 +0000] "GET /files/blogposts/20071112/?C=N;O=D HTTP/1.1" 200 971 "-" "Mozilla/5.0 (compatible; AhrefsBot/5.0; +http://ahrefs.com/robot/)"
91.232.74.100 - - [13/May/2022:00:50:21 +0000] "GET /files/blogposts/20100511/xephyr-ephemeral-x-example.png HTTP/1.1" 200 75275 "-" "Mozilla/5.0 (Linux; U; Android 4.1.2; fa-fa; GT-I8262 Build/JZO54K) AppleWebKit/534.30 (KHTML, like Gecko) Version/4.0 Mobile Safari/534.30"
66.249.64.46 - - [13/May/2022:00:54:19 +0000] "GET /blog/tags/sysadvent2010 HTTP/1.1" 200 9505 "-" "Mozilla/5.0 (iPhone; CPU iPhone OS 6_0 like Mac OS X) AppleWebKit/536.26 (KHTML, like Gecko) Version/6.0 Mobile/10A5376e Safari/8536.25 (compatible; Googlebot/2.1; +http://www.google.com/bot.html)"
216.14.102.16 - - [13/May/2022:00:54:38 +0000] "HEAD /files/xboxproxy/proxy-2.1.tar.gz HTTP/1.1" 200 - "-" "distilator/0.1 (http://people.freebsd.org/~ehaupt/distilator/)"
209.85.238.199 - - [13/May/2022:00:55:07 +0000] "GET /?flav=atom HTTP/1.1" 200 32352 "-" "Feedfetcher-Google; (+http://www.google.com/feedfetcher.html; 16 subscribers; feed-id=3389821348893992437)"
46.105.14.53 - - [13/May/2022:00:56:18 +0000] "GET /blog/tags/puppet?flav=rss20 HTTP/1.1" 200 14872 "-" "UniversalFeedParser/4.2-pre-314-svn +http://feedparser.org/"
5.10.83.53 - - [13/May/2022:00:57:04 +0000] "GET /blog/geekery/rhapsody-on-linux.html HTTP/1.1" 200 9109 "-" "Mozilla/5.0 (compatible; AhrefsBot/5.0; +http://ahrefs.com/robot/)"
213.113.233.227 - - [13/May/2022:00:57:28 +0000] "GET /favicon.ico HTTP/1.1" 200 3638 "-" "Mozilla/5.0 (Windows NT 6.1; WOW64) AppleWebKit/537.36 (KHTML, like Gecko) Chrome/32.0.1700.107 Safari/537.36"
213.113.233.227 - - [13/May/2022:00:57:27 +0000] "GET /articles/dynamic-dns-with-dhcp/ HTTP/1.1" 200 18848 "https://www.google.se/" "Mozilla/5.0 (Windows NT 6.1; WOW64) AppleWebKit/537.36 (KHTML, like Gecko) Chrome/32.0.1700.107 Safari/537.36"
81.107.9.214 - - [13/May/2022:00:57:32 +0000] "GET /projects/xdotool/ HTTP/1.1" 200 12292 "-" "Mozilla/5.0 (X11; Linux x86_64) AppleWebKit/537.36 (KHTML, like Gecko) Ubuntu Chromium/32.0.1700.102 Chrome/32.0.1700.102 Safari/537.36"
81.107.9.214 - - [13/May/2022:00:57:33 +0000] "GET /reset.css HTTP/1.1" 200 1015 "http://www.semicomplete.com/projects/xdotool/" "Mozilla/5.0 (X11; Linux x86_64) AppleWebKit/537.36 (KHTML, like Gecko) Ubuntu Chromium/32.0.1700.102 Chrome/32.0.1700.102 Safari/537.36"
81.107.9.214 - - [13/May/2022:00:57:33 +0000] "GET /style2.css HTTP/1.1" 200 4877 "http://www.semicomplete.com/projects/xdotool/" "Mozilla/5.0 (X11; Linux x86_64) AppleWebKit/537.36 (KHTML, like Gecko) Ubuntu Chromium/32.0.1700.102 Chrome/32.0.1700.102 Safari/537.36"
81.107.9.214 - - [13/May/2022:00:57:33 +0000] "GET /images/jordan-80.png HTTP/1.1" 200 6146 "http://www.semicomplete.com/projects/xdotool/" "Mozilla/5.0 (X11; Linux x86_64) AppleWebKit/537.36 (KHTML, like Gecko) Ubuntu Chromium/32.0.1700.102 Chrome/32.0.1700.102 Safari/537.36"
81.107.9.214 - - [13/May/2022:00:57:33 +0000] "GET /images/web/2009/banner.png HTTP/1.1" 200 52315 "http://www.semicomplete.com/projects/xdotool/" "Mozilla/5.0 (X11; Linux x86_64) AppleWebKit/537.36 (KHTML, like Gecko) Ubuntu Chromium/32.0.1700.102 Chrome/32.0.1700.102 Safari/537.36"
81.107.9.214 - - [13/May/2022:00:57:34 +0000] "GET /favicon.ico HTTP/1.1" 200 3638 "-" "Mozilla/5.0 (X11; Linux x86_64) AppleWebKit/537.36 (KHTML, like Gecko) Ubuntu Chromium/32.0.1700.102 Chrome/32.0.1700.102 Safari/537.36"
132.185.151.36 - - [13/May/2022:00:58:03 +0000] "GET /blog/geekery/ruby-net-imap-and-exchange.html HTTP/1.1" 200 10556 "-" "Mozilla/5.0 (Macintosh; Intel Mac OS X 10.8; rv:27.0) Gecko/20100101 Firefox/27.0"
132.185.151.36 - - [13/May/2022:00:58:03 +0000] "GET /reset.css HTTP/1.1" 200 1015 "http://www.semicomplete.com/blog/geekery/ruby-net-imap-and-exchange.html" "Mozilla/5.0 (Macintosh; Intel Mac OS X 10.8; rv:27.0) Gecko/20100101 Firefox/27.0"
69.123.198.118 - - [13/May/2022:00:58:00 +0000] "GET /presentations/logstash-scale11x/images/ahhh___rage_face_by_samusmmx-d5g5zap.png HTTP/1.1" 200 175208 "-" "Mozilla/5.0 (Windows NT 6.1; WOW64) AppleWebKit/537.36 (KHTML, like Gecko) Chrome/32.0.1700.107 Safari/537.36"
132.185.151.36 - - [13/May/2022:00:58:03 +0000] "GET /style2.css HTTP/1.1" 200 4877 "http://www.semicomplete.com/blog/geekery/ruby-net-imap-and-exchange.html" "Mozilla/5.0 (Macintosh; Intel Mac OS X 10.8; rv:27.0) Gecko/20100101 Firefox/27.0"
132.185.151.36 - - [13/May/2022:00:58:03 +0000] "GET /images/jordan-80.png HTTP/1.1" 200 6146 "http://www.semicomplete.com/blog/geekery/ruby-net-imap-and-exchange.html" "Mozilla/5.0 (Macintosh; Intel Mac OS X 10.8; rv:27.0) Gecko/20100101 Firefox/27.0"
132.185.151.36 - - [13/May/2022:00:58:03 +0000] "GET /images/web/2009/banner.png HTTP/1.1" 200 52315 "http://www.semicomplete.com/style2.css" "Mozilla/5.0 (Macintosh; Intel Mac OS X 10.8; rv:27.0) Gecko/20100101 Firefox/27.0"
66.249.64.46 - - [13/May/2022:00:58:40 +0000] "GET /blog/tags/tsearch HTTP/1.1" 200 9995 "-" "Mozilla/5.0 (iPhone; CPU iPhone OS 6_0 like Mac OS X) AppleWebKit/536.26 (KHTML, like Gecko) Version/6.0 Mobile/10A5376e Safari/8536.25 (compatible; Googlebot/2.1; +http://www.google.com/bot.html)"
54.226.32.244 - - [13/May/2022:01:00:01 +0000] "GET /presentations/ HTTP/1.1" 200 6217 "-" "Mozilla/5.0 (Macintosh; U; Intel Mac OS X 10.6; en-US; rv:1.9.2) Gecko/20100115 Firefox/3.6 (FlipboardProxy/1.1; +http://flipboard.com/browserproxy)"
54.221.103.77 - - [13/May/2022:01:00:02 +0000] "GET /robots.txt HTTP/1.1" 200 - "-" "Mozilla/5.0 (Macintosh; U; Intel Mac OS X 10.6; en-US; rv:1.9.2) Gecko/20100115 Firefox/3.6 (FlipboardProxy/2.0; +http://flipboard.com/browserproxy)"
54.221.103.77 - - [13/May/2022:01:00:02 +0000] "GET /presentations/ HTTP/1.1" 200 6217 "-" "Mozilla/5.0 (Macintosh; U; Intel Mac OS X 10.6; en-US; rv:1.9.2) Gecko/20100115 Firefox/3.6 (FlipboardProxy/2.0; +http://flipboard.com/browserproxy)"
54.234.48.245 - - [13/May/2022:01:00:02 +0000] "GET /icons/blank.gif HTTP/1.1" 200 148 "-" "Mozilla/5.0 (Macintosh; U; Intel Mac OS X 10.6; en-US; rv:1.9.2) Gecko/20100115 Firefox/3.6 (FlipboardProxy/1.2; +http://flipboard.com/browserproxy)"
54.234.48.245 - - [13/May/2022:01:00:02 +0000] "GET /icons/layout.gif HTTP/1.1" 200 276 "-" "Mozilla/5.0 (Macintosh; U; Intel Mac OS X 10.6; en-US; rv:1.9.2) Gecko/20100115 Firefox/3.6 (FlipboardProxy/1.2; +http://flipboard.com/browserproxy)"
96.43.39.219 - - [13/May/2022:00:47:54 +0000] "GET /images/googledotcom.png HTTP/1.1" 200 65748 "http://www.bing.com/images/search?q=googel.com&FORM=HDRSC2" "Mozilla/4.0 (compatible; MSIE 8.0; Windows NT 6.1; Trident/4.0; SLCC2; .NET CLR 2.0.50727; .NET CLR 3.5.30729; .NET CLR 3.0.30729; Media Center PC 6.0; InfoPath.2; Tablet PC 2.0)"
23.20.59.223 - - [13/May/2022:01:00:02 +0000] "GET /icons/back.gif HTTP/1.1" 200 216 "-" "Mozilla/5.0 (Macintosh; U; Intel Mac OS X 10.6; en-US; rv:1.9.2) Gecko/20100115 Firefox/3.6 (FlipboardProxy/1.2; +http://flipboard.com/browserproxy)"
65.120.206.57 - - [13/May/2022:01:00:09 +0000] "GET /presentations/puppet-at-loggly/puppet-at-loggly.pdf.html HTTP/1.1" 200 24747 "http://current.workingdirectory.net/posts/2011/puppet-without-masters/" "Mozilla/5.0 (Windows NT 6.1; rv:27.0) Gecko/20100101 Firefox/27.0"
65.120.206.57 - - [13/May/2022:01:00:10 +0000] "GET /favicon.ico HTTP/1.1" 200 3638 "-" "Mozilla/5.0 (Windows NT 6.1; rv:27.0) Gecko/20100101 Firefox/27.0"
46.47.103.186 - - [13/May/2022:01:00:30 +0000] "GET /presentations/logstash-scale11x/ HTTP/1.1" 200 54239 "http://semicomplete.com/" "Mozilla/5.0 (Macintosh; Intel Mac OS X 10_6_8) AppleWebKit/534.59.8 (KHTML, like Gecko) Version/5.1.9 Safari/534.59.8"
46.47.103.186 - - [13/May/2022:01:00:31 +0000] "GET /kibana/ HTTP/1.1" 200 4483 "http://semicomplete.com/" "Mozilla/5.0 (Macintosh; Intel Mac OS X 10_6_8) AppleWebKit/534.59.8 (KHTML, like Gecko) Version/5.1.9 Safari/534.59.8"
41.228.40.25 - - [13/May/2022:00:57:21 +0000] "GET /images/googledotcom.png HTTP/1.1" 200 65748 "http://www.google.com/search?q=http//:www.google.com&source=lnms&tbm=isch&sa=X&ei=HzsGU5a4EqiV0AXb6oDwAg&ved=0CAgQ_AUoAA&biw=320&bih=401&dpr=0.75" "Mozilla/5.0 (Linux; U; Android 4.1.2; fr-fr; GT-S5282 Build/JZO54K) AppleWebKit/534.30 (KHTML, like Gecko) Version/4.0 Mobile Safari/534.30"
157.201.127.254 - - [13/May/2022:01:00:42 +0000] "GET /reset.css HTTP/1.1" 200 1015 "http://www.semicomplete.com/articles/dynamic-dns-with-dhcp/" "Mozilla/5.0 (Linux; Android 4.2.2; SCH-I545 Build/JDQ39) AppleWebKit/537.36 (KHTML, like Gecko) Chrome/32.0.1700.99 Mobile Safari/537.36"
157.201.127.254 - - [13/May/2022:01:00:42 +0000] "GET /style2.css HTTP/1.1" 200 4877 "http://www.semicomplete.com/articles/dynamic-dns-with-dhcp/" "Mozilla/5.0 (Linux; Android 4.2.2; SCH-I545 Build/JDQ39) AppleWebKit/537.36 (KHTML, like Gecko) Chrome/32.0.1700.99 Mobile Safari/537.36"
157.201.127.254 - - [13/May/2022:01:00:42 +0000] "GET /images/jordan-80.png HTTP/1.1" 200 6146 "http://www.semicomplete.com/articles/dynamic-dns-with-dhcp/" "Mozilla/5.0 (Linux; Android 4.2.2; SCH-I545 Build/JDQ39) AppleWebKit/537.36 (KHTML, like Gecko) Chrome/32.0.1700.99 Mobile Safari/537.36"
157.201.127.254 - - [13/May/2022:01:00:43 +0000] "GET /images/web/2009/banner.png HTTP/1.1" 200 52315 "http://www.semicomplete.com/articles/dynamic-dns-with-dhcp/" "Mozilla/5.0 (Linux; Android 4.2.2; SCH-I545 Build/JDQ39) AppleWebKit/537.36 (KHTML, like Gecko) Chrome/32.0.1700.99 Mobile Safari/537.36"
157.201.127.254 - - [13/May/2022:01:00:45 +0000] "GET /favicon.ico HTTP/1.1" 200 3638 "-" "Mozilla/5.0 (Linux; Android 4.2.2; SCH-I545 Build/JDQ39) AppleWebKit/537.36 (KHTML, like Gecko) Chrome/32.0.1700.99 Mobile Safari/537.36"
46.105.14.53 - - [13/May/2022:01:01:22 +0000] "GET /blog/tags/puppet?flav=rss20 HTTP/1.1" 200 14872 "-" "UniversalFeedParser/4.2-pre-314-svn +http://feedparser.org/"
65.55.24.238 - - [13/May/2022:01:01:48 +0000] "GET /robots.txt HTTP/1.1" 200 - "-" "Mozilla/5.0 (compatible; bingbot/2.0; +http://www.bing.com/bingbot.htm)"
192.117.236.29 - - [13/May/2022:01:02:00 +0000] "GET /favicon.ico HTTP/1.1" 200 3638 "-" "Mozilla/5.0 (Windows NT 6.1; rv:27.0) Gecko/20100101 Firefox/27.0"
65.55.24.238 - - [13/May/2022:01:02:24 +0000] "GET /articles/ppp-over-ssh/ HTTP/1.1" 200 18586 "-" "Mozilla/5.0 (compatible; bingbot/2.0; +http://www.bing.com/bingbot.htm)"
66.249.64.47 - - [13/May/2022:01:02:56 +0000] "GET /files/blogposts/20070618/xdo.c HTTP/1.1" 304 - "-" "Mozilla/5.0 (iPhone; CPU iPhone OS 6_0 like Mac OS X) AppleWebKit/536.26 (KHTML, like Gecko) Version/6.0 Mobile/10A5376e Safari/8536.25 (compatible; Googlebot/2.1; +http://www.google.com/bot.html)"
180.76.5.24 - - [13/May/2022:01:03:04 +0000] "GET /blog/tools/week-of-unix-pipe-friendly-tools.html HTTP/1.1" 200 9832 "-" "Mozilla/5.0 (compatible; Baiduspider/2.0; +http://www.baidu.com/search/spider.html)"
157.201.127.254 - - [13/May/2022:01:00:42 +0000] "GET /articles/dynamic-dns-with-dhcp/ HTTP/1.1" 200 18848 "https://www.google.com/" "Mozilla/5.0 (Linux; Android 4.2.2; SCH-I545 Build/JDQ39) AppleWebKit/537.36 (KHTML, like Gecko) Chrome/32.0.1700.99 Mobile Safari/537.36"
128.229.4.2 - - [13/May/2022:01:03:25 +0000] "GET /articles/dynamic-dns-with-dhcp/ HTTP/1.1" 200 18848 "https://www.google.com/" "Mozilla/5.0 (Windows NT 6.3; WOW64) AppleWebKit/537.36 (KHTML, like Gecko) Chrome/32.0.1700.107 Safari/537.36"
128.229.4.2 - - [13/May/2022:01:03:26 +0000] "GET /style2.css HTTP/1.1" 304 - "http://www.semicomplete.com/articles/dynamic-dns-with-dhcp/" "Mozilla/5.0 (Windows NT 6.3; WOW64) AppleWebKit/537.36 (KHTML, like Gecko) Chrome/32.0.1700.107 Safari/537.36"
128.229.4.2 - - [13/May/2022:01:03:26 +0000] "GET /reset.css HTTP/1.1" 304 - "http://www.semicomplete.com/articles/dynamic-dns-with-dhcp/" "Mozilla/5.0 (Windows NT 6.3; WOW64) AppleWebKit/537.36 (KHTML, like Gecko) Chrome/32.0.1700.107 Safari/537.36"
128.229.4.2 - - [13/May/2022:01:03:26 +0000] "GET /images/jordan-80.png HTTP/1.1" 200 6146 "http://www.semicomplete.com/articles/dynamic-dns-with-dhcp/" "Mozilla/5.0 (Windows NT 6.3; WOW64) AppleWebKit/537.36 (KHTML, like Gecko) Chrome/32.0.1700.107 Safari/537.36"
128.229.4.2 - - [13/May/2022:01:03:27 +0000] "GET /favicon.ico HTTP/1.1" 200 3638 "-" "Mozilla/5.0 (Windows NT 6.3; WOW64) AppleWebKit/537.36 (KHTML, like Gecko) Chrome/32.0.1700.107 Safari/537.36"
128.229.4.2 - - [13/May/2022:01:03:26 +0000] "GET /images/web/2009/banner.png HTTP/1.1" 200 52315 "http://www.semicomplete.com/articles/dynamic-dns-with-dhcp/" "Mozilla/5.0 (Windows NT 6.3; WOW64) AppleWebKit/537.36 (KHTML, like Gecko) Chrome/32.0.1700.107 Safari/537.36"
97.74.24.114 - - [13/May/2022:01:03:51 +0000] "GET /presentations/logstash-monitorama-2013/images/simple-inputs-filters-outputs.jpg HTTP/1.1" 200 1168622 "-" "Mozilla/4.0 (compatible; MSIE 6.0; Windows NT 5.2; SV1; .NET CLR 2.0.50727; InfoPath.1)"
76.176.31.37 - - [13/May/2022:01:03:55 +0000] "GET /presentations/logstash-scale11x/css/reveal.min.css HTTP/1.1" 200 23581 "http://semicomplete.com/presentations/logstash-scale11x/" "Mozilla/5.0 (Macintosh; Intel Mac OS X 10_9_1) AppleWebKit/537.36 (KHTML, like Gecko) Chrome/33.0.1750.117 Safari/537.36"
76.176.31.37 - - [13/May/2022:01:03:55 +0000] "GET /presentations/logstash-scale11x/lib/css/zenburn.css HTTP/1.1" 200 1791 "http://semicomplete.com/presentations/logstash-scale11x/" "Mozilla/5.0 (Macintosh; Intel Mac OS X 10_9_1) AppleWebKit/537.36 (KHTML, like Gecko) Chrome/33.0.1750.117 Safari/537.36"
